
Allocating common symbols
Common symbol       size              file

results             0x3a0             main.o

Discarded input sections

 .group         0x0000000000000000        0x8 bitfield.o
 .group         0x0000000000000000        0x8 bitfield.o
 .group         0x0000000000000000        0x8 bitfield.o
 .group         0x0000000000000000        0x8 bitfield.o
 .group         0x0000000000000000        0x8 bitfield.o
 .group         0x0000000000000000        0x8 bitfield.o
 .group         0x0000000000000000        0x8 bitfield.o
 .group         0x0000000000000000        0x8 bitfield.o
 .group         0x0000000000000000        0x8 bitfield.o
 .group         0x0000000000000000        0x8 main.o
 .group         0x0000000000000000        0x8 main.o
 .group         0x0000000000000000        0x8 main.o
 .group         0x0000000000000000        0x8 main.o
 .group         0x0000000000000000        0x8 main.o
 .group         0x0000000000000000        0x8 main.o
 .group         0x0000000000000000        0x8 main.o
 .group         0x0000000000000000        0x8 main.o
 .group         0x0000000000000000        0x8 main.o
 .group         0x0000000000000000        0x8 main.o
 .group         0x0000000000000000        0x8 main.o
 .debug_macro   0x0000000000000000      0xa60 main.o
 .debug_macro   0x0000000000000000       0x22 main.o
 .debug_macro   0x0000000000000000       0x8e main.o
 .debug_macro   0x0000000000000000       0x51 main.o
 .debug_macro   0x0000000000000000       0xef main.o
 .debug_macro   0x0000000000000000       0x6a main.o
 .debug_macro   0x0000000000000000      0x1df main.o
 .group         0x0000000000000000        0x8 stm32f767xx_ram_init.o
 .group         0x0000000000000000        0x8 stm32f767xx_ram_init.o
 .group         0x0000000000000000        0x8 stm32f767xx_ram_init.o
 .group         0x0000000000000000        0x8 stm32f767xx_ram_init.o
 .group         0x0000000000000000        0x8 stm32f767xx_ram_init.o
 .group         0x0000000000000000        0x8 stm32f767xx_ram_init.o
 .group         0x0000000000000000        0x8 stm32f767xx_ram_init.o
 .group         0x0000000000000000        0x8 stm32f767xx_ram_init.o
 .group         0x0000000000000000        0x8 stm32f767xx_ram_init.o
 .group         0x0000000000000000        0x8 stm32f767xx_ram_init.o
 .group         0x0000000000000000        0x8 stm32f767xx_ram_init.o
 .group         0x0000000000000000        0x8 stm32f767xx_ram_init.o
 .debug_macro   0x0000000000000000      0xa60 stm32f767xx_ram_init.o
 .debug_macro   0x0000000000000000       0x22 stm32f767xx_ram_init.o
 .debug_macro   0x0000000000000000       0x8e stm32f767xx_ram_init.o
 .debug_macro   0x0000000000000000       0x51 stm32f767xx_ram_init.o
 .debug_macro   0x0000000000000000       0xef stm32f767xx_ram_init.o
 .debug_macro   0x0000000000000000       0x6a stm32f767xx_ram_init.o
 .debug_macro   0x0000000000000000      0x1df stm32f767xx_ram_init.o
 .debug_macro   0x0000000000000000       0x3b stm32f767xx_ram_init.o
 .debug_macro   0x0000000000000000       0x50 stm32f767xx_ram_init.o

Memory Configuration

Name             Origin             Length             Attributes
ITCM_RAM         0x0000000000000000 0x0000000000004000 xrw
DTCM_RAM         0x0000000020000000 0x0000000000020000 xrw
SRAM1            0x0000000020020000 0x000000000005c000 xrw
SRAM2            0x000000002007c000 0x0000000000004000 xrw
*default*        0x0000000000000000 0xffffffffffffffff

Linker script and memory map

LOAD bitfield.o
LOAD main.o
LOAD stm32f767xx_ram_init.o
                0x0000000000000400                PROVIDE (MINIMUM_STACK_SIZE, 0x400)
                0x0000000000000000                . = ORIGIN (ITCM_RAM)

.fast_text
                0x0000000020000000                . = ORIGIN (DTCM_RAM)

.fast_data
                0x0000000020020000                . = ORIGIN (SRAM1)

.text           0x0000000020020000     0x2190
 *(.vectors)
 .vectors       0x0000000020020000      0x1f0 stm32f767xx_ram_init.o
                0x0000000020020000                INTERRUPT_VECTORS
 *(.text)
 .text          0x00000000200201f0     0x1dd4 bitfield.o
                0x00000000200201f0                zero_reg
                0x00000000200201fc                zero_array
                0x0000000020020208                set_singl_bits_operator
                0x0000000020020218                set_singl_bits_method
                0x0000000020020228                clr_singl_bits_operator
                0x0000000020020238                clr_singl_bits_method
                0x0000000020020248                set_singl_mskd_operator
                0x0000000020020268                set_singl_mskd_method
                0x0000000020020288                clr_singl_mskd_operator
                0x00000000200202a4                clr_singl_mskd_method
                0x00000000200202c0                equ_singl_bits_operator
                0x00000000200202d4                equ_singl_bits_method
                0x00000000200202e8                equ_singl_mskd_operator
                0x0000000020020300                equ_singl_mskd_method
                0x0000000020020318                flp_singl_bits_operator
                0x0000000020020338                flp_singl_bits_method
                0x0000000020020358                flp_singl_mskd_operator
                0x0000000020020378                flp_singl_mskd_method
                0x0000000020020398                ins_singl_mskd_operator
                0x00000000200203ac                ins_singl_mskd_method
                0x00000000200203c0                set_multi_bits_operator
                0x00000000200203d8                set_multi_bits_method
                0x00000000200203f0                ins_multi_mskd_operator
                0x0000000020020418                ins_multi_mskd_method
                0x0000000020020440                equ_multi_bits_operator
                0x000000002002045c                equ_multi_bits_method
                0x0000000020020478                equ_multi_mskd_operator
                0x00000000200204a4                equ_multi_mskd_method
                0x00000000200204d0                equ_bits_mskd_operator
                0x00000000200204f0                equ_bits_mskd_method
                0x0000000020020510                equ_mskd_bits_operator
                0x0000000020020530                equ_mskd_bits_method
                0x0000000020020550                equ_bits_var
                0x0000000020020570                equ_mskd_var
                0x000000002002059c                cmp_equ_zero
                0x00000000200205dc                cmp_neq_zero
                0x0000000020020608                cmp_equ_bits
                0x000000002002064c                cmp_neq_bits
                0x0000000020020688                cmp_equ_multi_bits
                0x00000000200206e4                cmp_neq_multi_bits
                0x000000002002073c                cmp_equ_mskd
                0x0000000020020790                cmp_neq_mskd
                0x00000000200207d4                cmp_equ_reg
                0x0000000020020864                cmp_neq_reg
                0x00000000200208e4                constexpr_bits_array
                0x0000000020020900                runtime_bits_array
                0x0000000020020938                prescaler_low
                0x000000002002095c                prescaler_high
                0x0000000020020984                reg_mskd_lss
                0x00000000200209d0                reg_mskd_leq
                0x0000000020020a28                reg_mskd_gtr
                0x0000000020020a74                reg_mskd_geq
                0x0000000020020ac8                pos_cmp_eq
                0x0000000020020ae0                pos_cmp_ne
                0x0000000020020af8                bits_extract_eq
                0x0000000020020b30                mskd_extract_eq
                0x0000000020020b68                mskd_extract_ne
                0x0000000020020ba0                mskd_extract_lss
                0x0000000020020be4                mskd_extract_leq
                0x0000000020020c30                mskd_extract_gtr
                0x0000000020020c74                set_bits_global
                0x0000000020020c84                ins_mskd_global
                0x0000000020020c98                assign_array_global
                0x0000000020020ca4                shifted_global
                0x0000000020020ccc                assign_register_global
                0x0000000020020ce4                copy_bits_equ
                0x0000000020020d20                copy_bits_neq
                0x0000000020020d5c                copy_mskd_equ
                0x0000000020020da8                copy_mskd_neq
                0x0000000020020df4                copy_mskd_lss
                0x0000000020020e40                copy_mskd_leq
                0x0000000020020e8c                copy_mskd_gtr
                0x0000000020020ed8                copy_mskd_geq
                0x0000000020020f24                copy_shifted
                0x0000000020020f70                bits_val
                0x0000000020020fd4                call_bits_val_const
                0x0000000020020fe0                call_bits_val_var
                0x0000000020020fec                call_bits_val_global
                0x0000000020020ff8                bits_ref
                0x0000000020021074                call_bits_ref_const
                0x000000002002108c                call_bits_ref_var
                0x00000000200210a4                call_bits_ref_global
                0x00000000200210bc                mskd_val
                0x000000002002119c                call_mskd_val_const
                0x00000000200211b0                call_mskd_val_var
                0x00000000200211c4                call_mskd_val_global
                0x00000000200211d0                mskd_ref
                0x00000000200212e8                call_mskd_ref_const
                0x0000000020021300                call_mskd_ref_var
                0x0000000020021316                call_mskd_ref_global
                0x000000002002132c                periph_bits
                0x0000000020021336                call_periph_bits
                0x0000000020021344                periph_bits_val
                0x0000000020021354                call_periph_bits_val
                0x0000000020021364                reg_bits_val
                0x0000000020021374                call_reg_bits_val
                0x0000000020021384                periph_bits_ref
                0x0000000020021396                call_periph_bits_ref
                0x00000000200213b0                reg_bits_ref
                0x00000000200213c2                call_reg_bits_ref
                0x00000000200213dc                periph_mskd
                0x00000000200213ea                call_periph_mskd
                0x00000000200213f8                periph_mskd_val
                0x000000002002140c                call_periph_mskd_val
                0x000000002002141c                reg_mskd_val
                0x0000000020021430                call_reg_mskd_val
                0x0000000020021440                periph_mskd_ref
                0x0000000020021456                call_periph_mskd_ref
                0x0000000020021470                reg_mskd_ref
                0x0000000020021486                call_reg_mskd_ref
                0x00000000200214a0                return_bits
                0x00000000200214a4                call_return_bits
                0x00000000200214dc                return_mskd
                0x00000000200214e6                call_return_mskd
                0x0000000020021534                return_reg
                0x0000000020021550                call_return_reg
                0x0000000020021590                return_periph
                0x00000000200215a4                call_return_periph
                0x00000000200215dc                pos_val
                0x0000000020021600                call_pos_val
                0x0000000020021610                call_pos_val_global
                0x000000002002161a                pos_ref
                0x0000000020021640                call_pos_ref
                0x0000000020021658                call_pos_ref_global
                0x000000002002166a                runtime_range_val
                0x0000000020021688                call_range_val
                0x0000000020021694                call_range_val_port
                0x000000002002169e                runtime_range_ref
                0x00000000200216bc                call_range_ref
                0x00000000200216cc                call_range_ref_port
                0x00000000200216d6                check_array_range_pass
                0x00000000200216f0                check_array_range_fail
                0x0000000020021708                check_bits_range_pass
                0x0000000020021720                check_bits_range_fail
                0x0000000020021738                check_mskd_range_pass
                0x0000000020021750                check_mskd_range_fail
                0x0000000020021768                bits_extract_ne
                0x00000000200217a0                mskd_extract_geq
                0x00000000200217ec                shifted_val
                0x0000000020021820                call_shifted_const_val
                0x000000002002182a                call_shifted_var_val
                0x0000000020021834                call_shifted_global_val
                0x000000002002183e                shifted_ref
                0x0000000020021874                call_shifted_const_ref
                0x0000000020021886                call_shifted_var_ref
                0x0000000020021898                call_shifted_global_ref
                0x00000000200218aa                copy_bits_val
                0x00000000200218d8                call_copy_bits_val
                0x00000000200218f8                copy_bits_ref
                0x0000000020021928                call_copy_bits_ref
                0x0000000020021950                run
 .text          0x0000000020021fc4       0xa4 main.o
                0x0000000020021fc4                memset
                0x0000000020021fd8                do_test
                0x000000002002205c                main
 .text          0x0000000020022068      0x128 stm32f767xx_ram_init.o
                0x0000000020022068                NMI_IRQ_Handler
                0x000000002002206a                HardFault_IRQ_Handler
                0x000000002002206c                MemManage_IRQ_Handler
                0x000000002002206e                BusFault_IRQ_Handler
                0x0000000020022070                UsageFault_IRQ_Handler
                0x0000000020022072                Reserved1_IRQ_Handler
                0x0000000020022074                Reserved2_IRQ_Handler
                0x0000000020022076                Reserved3_IRQ_Handler
                0x0000000020022078                Reserved4_IRQ_Handler
                0x000000002002207a                SVCall_IRQ_Handler
                0x000000002002207c                Debug_IRQ_Handler
                0x000000002002207e                Reserved5_IRQ_Handler
                0x0000000020022080                PendSV_IRQ_Handler
                0x0000000020022082                SysTick_IRQ_Handler
                0x0000000020022084                WWDG_IRQ_Handler
                0x0000000020022086                PVD_IRQ_Handler
                0x0000000020022088                TAMP_STAMP_IRQ_Handler
                0x000000002002208a                RTC_WKUP_IRQ_Handler
                0x000000002002208c                FLASH_IRQ_Handler
                0x000000002002208e                RCC_IRQ_Handler
                0x0000000020022090                EXTI0_IRQ_Handler
                0x0000000020022092                EXTI1_IRQ_Handler
                0x0000000020022094                EXTI2_IRQ_Handler
                0x0000000020022096                EXTI3_IRQ_Handler
                0x0000000020022098                EXTI4_IRQ_Handler
                0x000000002002209a                DMA1_Stream0_IRQ_Handler
                0x000000002002209c                DMA1_Stream1_IRQ_Handler
                0x000000002002209e                DMA1_Stream2_IRQ_Handler
                0x00000000200220a0                DMA1_Stream3_IRQ_Handler
                0x00000000200220a2                DMA1_Stream4_IRQ_Handler
                0x00000000200220a4                DMA1_Stream5_IRQ_Handler
                0x00000000200220a6                DMA1_Stream6_IRQ_Handler
                0x00000000200220a8                ADC_IRQ_Handler
                0x00000000200220aa                CAN1_TX_IRQ_Handler
                0x00000000200220ac                CAN1_RX0_IRQ_Handler
                0x00000000200220ae                CAN1_RX1_IRQ_Handler
                0x00000000200220b0                CAN1_SCE_IRQ_Handler
                0x00000000200220b2                EXTI9_5_IRQ_Handler
                0x00000000200220b4                TIM1_BRK_TIM9_IRQ_Handler
                0x00000000200220b6                TIM1_UP_TIM10_IRQ_Handler
                0x00000000200220b8                TIM1_TRG_COM_TIM11_IRQ_Handler
                0x00000000200220ba                TIM1_CC_IRQ_Handler
                0x00000000200220bc                TIM2_IRQ_Handler
                0x00000000200220be                TIM3_IRQ_Handler
                0x00000000200220c0                TIM4_IRQ_Handler
                0x00000000200220c2                I2C1_EV_IRQ_Handler
                0x00000000200220c4                I2C1_ER_IRQ_Handler
                0x00000000200220c6                I2C2_EV_IRQ_Handler
                0x00000000200220c8                I2C2_ER_IRQ_Handler
                0x00000000200220ca                SPI1_IRQ_Handler
                0x00000000200220cc                SPI2_IRQ_Handler
                0x00000000200220ce                USART1_IRQ_Handler
                0x00000000200220d0                USART2_IRQ_Handler
                0x00000000200220d2                USART3_IRQ_Handler
                0x00000000200220d4                EXTI15_10_IRQ_Handler
                0x00000000200220d6                RTC_Alarm_IRQ_Handler
                0x00000000200220d8                OTG_FS_WKUP_IRQ_Handler
                0x00000000200220da                TIM8_BRK_TIM12_IRQ_Handler
                0x00000000200220dc                TIM8_UP_TIM13_IRQ_Handler
                0x00000000200220de                TIM8_TRG_COM_TIM14_IRQ_Handler
                0x00000000200220e0                TIM8_CC_IRQ_Handler
                0x00000000200220e2                DMA1_Stream7_IRQ_Handler
                0x00000000200220e4                FMC_IRQ_Handler
                0x00000000200220e6                SDMMC1_IRQ_Handler
                0x00000000200220e8                TIM5_IRQ_Handler
                0x00000000200220ea                SPI3_IRQ_Handler
                0x00000000200220ec                UART4_IRQ_Handler
                0x00000000200220ee                UART5_IRQ_Handler
                0x00000000200220f0                TIM6_DAC_IRQ_Handler
                0x00000000200220f2                TIM7_IRQ_Handler
                0x00000000200220f4                DMA2_Stream0_IRQ_Handler
                0x00000000200220f6                DMA2_Stream1_IRQ_Handler
                0x00000000200220f8                DMA2_Stream2_IRQ_Handler
                0x00000000200220fa                DMA2_Stream3_IRQ_Handler
                0x00000000200220fc                DMA2_Stream4_IRQ_Handler
                0x00000000200220fe                ETH_IRQ_Handler
                0x0000000020022100                ETH_WKUP_IRQ_Handler
                0x0000000020022102                CAN2_TX_IRQ_Handler
                0x0000000020022104                CAN2_RX0_IRQ_Handler
                0x0000000020022106                CAN2_RX1_IRQ_Handler
                0x0000000020022108                CAN2_SCE_IRQ_Handler
                0x000000002002210a                OTG_FS_IRQ_Handler
                0x000000002002210c                DMA2_Stream5_IRQ_Handler
                0x000000002002210e                DMA2_Stream6_IRQ_Handler
                0x0000000020022110                DMA2_Stream7_IRQ_Handler
                0x0000000020022112                USART6_IRQ_Handler
                0x0000000020022114                I2C3_EV_IRQ_Handler
                0x0000000020022116                I2C3_ER_IRQ_Handler
                0x0000000020022118                OTG_HS_EP1_OUT_IRQ_Handler
                0x000000002002211a                OTG_HS_EP1_IN_IRQ_Handler
                0x000000002002211c                OTG_HS_WKUP_IRQ_Handler
                0x000000002002211e                OTG_HS_IRQ_Handler
                0x0000000020022120                DCMI_IRQ_Handler
                0x0000000020022122                RNG_IRQ_Handler
                0x0000000020022124                FPU_IRQ_Handler
                0x0000000020022126                UART7_IRQ_Handler
                0x0000000020022128                UART8_IRQ_Handler
                0x000000002002212a                SPI4_IRQ_Handler
                0x000000002002212c                SPI5_IRQ_Handler
                0x000000002002212e                SPI6_IRQ_Handler
                0x0000000020022130                SAI1_IRQ_Handler
                0x0000000020022132                LTDC_IRQ_Handler
                0x0000000020022134                LTDC_ER_IRQ_Handler
                0x0000000020022136                DMA2D_IRQ_Handler
                0x0000000020022138                SAI2_IRQ_Handler
                0x000000002002213a                QUADSPI_IRQ_Handler
                0x000000002002213c                LPTIM1_IRQ_Handler
                0x000000002002213e                CEC_IRQ_Handler
                0x0000000020022140                I2C4_EV_IRQ_Handler
                0x0000000020022142                I2C4_ER_IRQ_Handler
                0x0000000020022144                SPDIF_RX_IRQ_Handler
                0x0000000020022146                DFSDM1_FLT0_IRQ_Handler
                0x0000000020022148                DFSDM1_FLT1_IRQ_Handler
                0x000000002002214a                DFSDM1_FLT2_IRQ_Handler
                0x000000002002214c                DFSDM1_FLT3_IRQ_Handler
                0x000000002002214e                SDMMC2_IRQ_Handler
                0x0000000020022150                CAN3_TX_IRQ_Handler
                0x0000000020022152                CAN3_RX0_IRQ_Handler
                0x0000000020022154                CAN3_RX1_IRQ_Handler
                0x0000000020022156                CAN3_SCE_IRQ_Handler
                0x0000000020022158                JPEG_IRQ_Handler
                0x000000002002215a                MDIOS_IRQ_Handler
                0x000000002002215c                init

.glue_7         0x0000000020022190        0x0
 .glue_7        0x0000000020022190        0x0 linker stubs

.glue_7t        0x0000000020022190        0x0
 .glue_7t       0x0000000020022190        0x0 linker stubs

.vfp11_veneer   0x0000000020022190        0x0
 .vfp11_veneer  0x0000000020022190        0x0 linker stubs

.v4_bx          0x0000000020022190        0x0
 .v4_bx         0x0000000020022190        0x0 linker stubs

.iplt           0x0000000020022190        0x0
 .iplt          0x0000000020022190        0x0 bitfield.o

.rodata         0x0000000020022190       0x38
 .rodata        0x0000000020022190       0x38 bitfield.o

.rel.dyn        0x00000000200221c8        0x0
 .rel.iplt      0x00000000200221c8        0x0 bitfield.o

.data           0x00000000200221c8        0x0
                0x00000000200221c8                . = ALIGN (0x4)
 *(.data)
 .data          0x00000000200221c8        0x0 bitfield.o
 .data          0x00000000200221c8        0x0 main.o
 .data          0x00000000200221c8        0x0 stm32f767xx_ram_init.o
                0x00000000200221c8                BSS_START = .

.igot.plt       0x00000000200221c8        0x0
 .igot.plt      0x00000000200221c8        0x0 bitfield.o

.bss            0x00000000200221c8      0x3a4
                0x00000000200221c8                . = ALIGN (0x4)
 *(.bss)
 .bss           0x00000000200221c8        0x0 bitfield.o
 .bss           0x00000000200221c8        0x4 main.o
                0x00000000200221c8                elapsed_time
 .bss           0x00000000200221cc        0x0 stm32f767xx_ram_init.o
 COMMON         0x00000000200221cc      0x3a0 main.o
                0x00000000200221cc                results
                0x000000002002256c                BSS_END = .
                0x000000002002256c                end = .
                0x000000002007c000                TOP_OF_STACK = (ORIGIN (SRAM1) + LENGTH (SRAM1))
                0x0000000000000000                ASSERT (((end + MINIMUM_STACK_SIZE) < TOP_OF_STACK), too big to fit in RAM)
OUTPUT(bitfield.elf elf32-littlearm)

.debug_info     0x0000000000000000     0x44b9
 .debug_info    0x0000000000000000     0x3352 bitfield.o
 .debug_info    0x0000000000003352      0x2f8 main.o
 .debug_info    0x000000000000364a      0xe6f stm32f767xx_ram_init.o

.debug_abbrev   0x0000000000000000      0x67f
 .debug_abbrev  0x0000000000000000      0x33a bitfield.o
 .debug_abbrev  0x000000000000033a      0x1d3 main.o
 .debug_abbrev  0x000000000000050d      0x172 stm32f767xx_ram_init.o

.debug_loc      0x0000000000000000      0x736
 .debug_loc     0x0000000000000000      0x560 bitfield.o
 .debug_loc     0x0000000000000560      0x181 main.o
 .debug_loc     0x00000000000006e1       0x55 stm32f767xx_ram_init.o

.debug_aranges  0x0000000000000000       0x60
 .debug_aranges
                0x0000000000000000       0x20 bitfield.o
 .debug_aranges
                0x0000000000000020       0x20 main.o
 .debug_aranges
                0x0000000000000040       0x20 stm32f767xx_ram_init.o

.debug_macro    0x0000000000000000    0x1d3d5
 .debug_macro   0x0000000000000000       0x80 bitfield.o
 .debug_macro   0x0000000000000080      0xa60 bitfield.o
 .debug_macro   0x0000000000000ae0       0x10 bitfield.o
 .debug_macro   0x0000000000000af0       0x22 bitfield.o
 .debug_macro   0x0000000000000b12       0x8e bitfield.o
 .debug_macro   0x0000000000000ba0       0x51 bitfield.o
 .debug_macro   0x0000000000000bf1       0xef bitfield.o
 .debug_macro   0x0000000000000ce0       0x6a bitfield.o
 .debug_macro   0x0000000000000d4a      0x1df bitfield.o
 .debug_macro   0x0000000000000f29      0x242 bitfield.o
 .debug_macro   0x000000000000116b       0xb4 main.o
 .debug_macro   0x000000000000121f      0x174 main.o
 .debug_macro   0x0000000000001393       0x3b main.o
 .debug_macro   0x00000000000013ce       0x50 main.o
 .debug_macro   0x000000000000141e      0xe74 main.o
 .debug_macro   0x0000000000002292       0xbc stm32f767xx_ram_init.o
 .debug_macro   0x000000000000234e       0x3b stm32f767xx_ram_init.o
 .debug_macro   0x0000000000002389     0x1114 stm32f767xx_ram_init.o
 .debug_macro   0x000000000000349d    0x19f38 stm32f767xx_ram_init.o

.debug_line     0x0000000000000000     0x25a6
 .debug_line    0x0000000000000000     0x16dc bitfield.o
 .debug_line    0x00000000000016dc      0x398 main.o
 .debug_line    0x0000000000001a74      0xb32 stm32f767xx_ram_init.o

.debug_str      0x0000000000000000    0x9e03f
 .debug_str     0x0000000000000000     0x5113 bitfield.o
                                       0x53d2 (size before relaxing)
 .debug_str     0x0000000000005113     0x56b2 main.o
                                       0x9351 (size before relaxing)
 .debug_str     0x000000000000a7c5    0x9387a stm32f767xx_ram_init.o
                                      0x9c830 (size before relaxing)

.comment        0x0000000000000000       0x75
 .comment       0x0000000000000000       0x75 bitfield.o
                                         0x76 (size before relaxing)
 .comment       0x0000000000000075       0x76 main.o
 .comment       0x0000000000000075       0x76 stm32f767xx_ram_init.o

.ARM.attributes
                0x0000000000000000       0x1c
 .ARM.attributes
                0x0000000000000000       0x1c bitfield.o
 .ARM.attributes
                0x000000000000001c       0x1c main.o
 .ARM.attributes
                0x0000000000000038       0x1c stm32f767xx_ram_init.o

.debug_frame    0x0000000000000000     0x1328
 .debug_frame   0x0000000000000000      0xb00 bitfield.o
 .debug_frame   0x0000000000000b00       0x60 main.o
 .debug_frame   0x0000000000000b60      0x7c8 stm32f767xx_ram_init.o
Memory region         Used Size  Region Size  %age Used
        ITCM_RAM:          0 GB        16 KB      0.00%
        DTCM_RAM:          0 GB       128 KB      0.00%
           SRAM1:        9580 B       368 KB      2.54%
           SRAM2:          0 GB        16 KB      0.00%
