
Allocating common symbols
Common symbol       size              file

results             0x3a0             main.o

Discarded input sections

 .group         0x0000000000000000        0x8 bitfield.o
 .group         0x0000000000000000        0x8 bitfield.o
 .group         0x0000000000000000        0x8 bitfield.o
 .group         0x0000000000000000        0x8 bitfield.o
 .group         0x0000000000000000        0x8 bitfield.o
 .group         0x0000000000000000        0x8 bitfield.o
 .group         0x0000000000000000        0x8 bitfield.o
 .group         0x0000000000000000        0x8 bitfield.o
 .group         0x0000000000000000        0x8 bitfield.o
 .group         0x0000000000000000        0x8 main.o
 .group         0x0000000000000000        0x8 main.o
 .group         0x0000000000000000        0x8 main.o
 .group         0x0000000000000000        0x8 main.o
 .group         0x0000000000000000        0x8 main.o
 .group         0x0000000000000000        0x8 main.o
 .group         0x0000000000000000        0x8 main.o
 .group         0x0000000000000000        0x8 main.o
 .group         0x0000000000000000        0x8 main.o
 .group         0x0000000000000000        0x8 main.o
 .group         0x0000000000000000        0x8 main.o
 .debug_macro   0x0000000000000000      0xa7e main.o
 .debug_macro   0x0000000000000000       0x22 main.o
 .debug_macro   0x0000000000000000       0x8e main.o
 .debug_macro   0x0000000000000000       0x51 main.o
 .debug_macro   0x0000000000000000       0xef main.o
 .debug_macro   0x0000000000000000       0x6a main.o
 .debug_macro   0x0000000000000000      0x1df main.o
 .group         0x0000000000000000        0x8 stm32f103_ram_init.o
 .group         0x0000000000000000        0x8 stm32f103_ram_init.o
 .group         0x0000000000000000        0x8 stm32f103_ram_init.o
 .group         0x0000000000000000        0x8 stm32f103_ram_init.o
 .group         0x0000000000000000        0x8 stm32f103_ram_init.o
 .group         0x0000000000000000        0x8 stm32f103_ram_init.o
 .group         0x0000000000000000        0x8 stm32f103_ram_init.o
 .group         0x0000000000000000        0x8 stm32f103_ram_init.o
 .group         0x0000000000000000        0x8 stm32f103_ram_init.o
 .group         0x0000000000000000        0x8 stm32f103_ram_init.o
 .group         0x0000000000000000        0x8 stm32f103_ram_init.o
 .group         0x0000000000000000        0x8 stm32f103_ram_init.o
 .debug_macro   0x0000000000000000      0xa7e stm32f103_ram_init.o
 .debug_macro   0x0000000000000000       0x22 stm32f103_ram_init.o
 .debug_macro   0x0000000000000000       0x8e stm32f103_ram_init.o
 .debug_macro   0x0000000000000000       0x51 stm32f103_ram_init.o
 .debug_macro   0x0000000000000000       0xef stm32f103_ram_init.o
 .debug_macro   0x0000000000000000       0x6a stm32f103_ram_init.o
 .debug_macro   0x0000000000000000      0x1df stm32f103_ram_init.o
 .debug_macro   0x0000000000000000       0x3a stm32f103_ram_init.o
 .debug_macro   0x0000000000000000       0x34 stm32f103_ram_init.o
 .debug_macro   0x0000000000000000      0xb8e stm32f103_ram_init.o

Memory Configuration

Name             Origin             Length             Attributes
FLASH            0x0000000008000000 0x0000000000010000 xr
RAM              0x0000000020000000 0x0000000000005000 xrw
*default*        0x0000000000000000 0xffffffffffffffff

Linker script and memory map

LOAD bitfield.o
LOAD main.o
LOAD stm32f103_ram_init.o
                0x0000000020000000                . = ORIGIN (RAM)

.text           0x0000000020000000     0x19a0
 *(.vectors)
 .vectors       0x0000000020000000       0xec stm32f103_ram_init.o
                0x0000000020000000                INTERRUPT_VECTORS
 *(.text)
 .text          0x00000000200000ec     0x1768 bitfield.o
                0x00000000200000ec                zero_reg
                0x00000000200000f8                zero_array
                0x0000000020000104                set_singl_bits_operator
                0x0000000020000114                set_singl_bits_method
                0x0000000020000124                clr_singl_bits_operator
                0x0000000020000134                clr_singl_bits_method
                0x0000000020000144                set_singl_mskd_operator
                0x0000000020000160                set_singl_mskd_method
                0x000000002000017c                clr_singl_mskd_operator
                0x0000000020000198                clr_singl_mskd_method
                0x00000000200001b4                equ_singl_bits_operator
                0x00000000200001c8                equ_singl_bits_method
                0x00000000200001dc                equ_singl_mskd_operator
                0x00000000200001f4                equ_singl_mskd_method
                0x000000002000020c                flp_singl_bits_operator
                0x0000000020000228                flp_singl_bits_method
                0x0000000020000244                flp_singl_mskd_operator
                0x0000000020000260                flp_singl_mskd_method
                0x000000002000027c                ins_singl_mskd_operator
                0x0000000020000290                ins_singl_mskd_method
                0x00000000200002a4                set_multi_bits_operator
                0x00000000200002bc                set_multi_bits_method
                0x00000000200002d4                ins_multi_mskd_operator
                0x00000000200002f0                ins_multi_mskd_method
                0x000000002000030c                equ_multi_bits_operator
                0x0000000020000328                equ_multi_bits_method
                0x0000000020000344                equ_multi_mskd_operator
                0x0000000020000364                equ_multi_mskd_method
                0x0000000020000384                equ_bits_mskd_operator
                0x00000000200003a4                equ_bits_mskd_method
                0x00000000200003c4                equ_mskd_bits_operator
                0x00000000200003e4                equ_mskd_bits_method
                0x0000000020000404                equ_bits_var
                0x0000000020000424                equ_mskd_var
                0x0000000020000448                cmp_equ_zero
                0x000000002000047c                cmp_neq_zero
                0x00000000200004a4                cmp_equ_bits
                0x00000000200004d4                cmp_neq_bits
                0x0000000020000508                cmp_equ_multi_bits
                0x000000002000055c                cmp_neq_multi_bits
                0x00000000200005b0                cmp_equ_mskd
                0x00000000200005e4                cmp_neq_mskd
                0x000000002000061c                cmp_equ_reg
                0x00000000200006a8                cmp_neq_reg
                0x000000002000072c                bits_val
                0x0000000020000784                call_bits_val_const
                0x0000000020000792                call_bits_val_var
                0x00000000200007a0                constexpr_bits_array
                0x00000000200007c0                runtime_bits_array
                0x00000000200007f8                bits_ref
                0x0000000020000854                call_bits_ref_const
                0x000000002000086e                call_bits_ref_var
                0x0000000020000888                mskd_val
                0x0000000020000944                call_mskd_val_const
                0x000000002000095a                call_mskd_val_var
                0x0000000020000970                mskd_ref
                0x0000000020000a30                call_mskd_ref_const
                0x0000000020000a4a                call_mskd_ref_var
                0x0000000020000a62                periph_bits
                0x0000000020000a6c                call_periph_bits
                0x0000000020000a7c                periph_bits_val
                0x0000000020000a8c                call_periph_bits_val
                0x0000000020000aa0                reg_bits_val
                0x0000000020000ab0                call_reg_bits_val
                0x0000000020000ac4                periph_bits_ref
                0x0000000020000ad6                call_periph_bits_ref
                0x0000000020000af0                reg_bits_ref
                0x0000000020000b02                call_reg_bits_ref
                0x0000000020000b1c                periph_mskd
                0x0000000020000b28                call_periph_mskd
                0x0000000020000b38                periph_mskd_val
                0x0000000020000b4a                call_periph_mskd_val
                0x0000000020000b5c                reg_mskd_val
                0x0000000020000b6e                call_reg_mskd_val
                0x0000000020000b80                periph_mskd_ref
                0x0000000020000b94                call_periph_mskd_ref
                0x0000000020000bb0                reg_mskd_ref
                0x0000000020000bc4                call_reg_mskd_ref
                0x0000000020000be0                return_bits
                0x0000000020000be4                call_return_bits
                0x0000000020000c14                return_mskd
                0x0000000020000c1e                call_return_mskd
                0x0000000020000c60                return_reg
                0x0000000020000c7c                call_return_reg
                0x0000000020000ca8                return_periph
                0x0000000020000cbc                call_return_periph
                0x0000000020000ce0                pos_val
                0x0000000020000d00                call_pos_val
                0x0000000020000d12                pos_ref
                0x0000000020000d34                call_pos_ref
                0x0000000020000d4e                runtime_range_val
                0x0000000020000d60                call_range_val
                0x0000000020000d6c                call_range_val_port
                0x0000000020000d78                runtime_range_ref
                0x0000000020000d8c                call_range_ref
                0x0000000020000d9e                call_range_ref_port
                0x0000000020000daa                check_array_range_pass
                0x0000000020000dbc                check_array_range_fail
                0x0000000020000dd0                check_bits_range_pass
                0x0000000020000de4                check_bits_range_fail
                0x0000000020000df8                check_mskd_range_pass
                0x0000000020000e0c                check_mskd_range_fail
                0x0000000020000e20                prescaler_low
                0x0000000020000e40                prescaler_high
                0x0000000020000e60                reg_mskd_lss
                0x0000000020000ea0                reg_mskd_leq
                0x0000000020000eec                reg_mskd_gtr
                0x0000000020000f2c                reg_mskd_geq
                0x0000000020000f78                pos_cmp_eq
                0x0000000020000f90                pos_cmp_ne
                0x0000000020000fa8                bits_extract_eq
                0x0000000020000fdc                bits_extract_ne
                0x0000000020001010                mskd_extract_eq
                0x0000000020001040                mskd_extract_ne
                0x0000000020001070                mskd_extract_lss
                0x00000000200010ac                mskd_extract_leq
                0x00000000200010ec                mskd_extract_gtr
                0x0000000020001128                mskd_extract_geq
                0x0000000020001168                set_bits_global
                0x0000000020001178                ins_mskd_global
                0x000000002000118c                assign_array_global
                0x0000000020001198                shifted_global
                0x00000000200011b8                assign_register_global
                0x00000000200011d0                call_pos_val_global
                0x00000000200011dc                call_pos_ref_global
                0x00000000200011f0                call_bits_val_global
                0x00000000200011fe                call_bits_ref_global
                0x0000000020001218                call_mskd_val_global
                0x0000000020001226                call_mskd_ref_global
                0x000000002000123e                shifted_val
                0x0000000020001268                call_shifted_const_val
                0x0000000020001274                call_shifted_var_val
                0x0000000020001280                call_shifted_global_val
                0x000000002000128c                shifted_ref
                0x00000000200012bc                call_shifted_const_ref
                0x00000000200012d0                call_shifted_var_ref
                0x00000000200012e4                call_shifted_global_ref
                0x00000000200012f8                copy_bits_equ
                0x0000000020001330                copy_bits_neq
                0x0000000020001368                copy_mskd_equ
                0x00000000200013ac                copy_mskd_neq
                0x00000000200013f0                copy_mskd_lss
                0x0000000020001434                copy_mskd_leq
                0x0000000020001478                copy_mskd_gtr
                0x00000000200014bc                copy_mskd_geq
                0x0000000020001500                copy_shifted
                0x0000000020001544                copy_bits_val
                0x000000002000156c                call_copy_bits_val
                0x0000000020001590                copy_bits_ref
                0x00000000200015b0                call_copy_bits_ref
                0x00000000200015dc                run
 .text          0x0000000020001854       0x9c main.o
                0x0000000020001854                memset
                0x0000000020001872                do_test
                0x00000000200018e4                main
 .text          0x00000000200018f0       0xb0 stm32f103_ram_init.o
                0x00000000200018f0                NMI_Handler
                0x00000000200018f2                HardFault_Handler
                0x00000000200018f4                MemManage_Handler
                0x00000000200018f6                BusFault_Handler
                0x00000000200018f8                UsageFault_Handler
                0x00000000200018fa                Reserved1_Handler
                0x00000000200018fc                Reserved2_Handler
                0x00000000200018fe                Reserved3_Handler
                0x0000000020001900                Reserved4_Handler
                0x0000000020001902                SVCall_Handler
                0x0000000020001904                Debug_Handler
                0x0000000020001906                Reserved5_Handler
                0x0000000020001908                PendSV_Handler
                0x000000002000190a                SysTick_Handler
                0x000000002000190c                WWDG_IRQHandler
                0x000000002000190e                PVD_IRQHandler
                0x0000000020001910                TAMPER_IRQHandler
                0x0000000020001912                RTC_IRQHandler
                0x0000000020001914                FLASH_IRQHandler
                0x0000000020001916                RCC_IRQHandler
                0x0000000020001918                EXTI0_IRQHandler
                0x000000002000191a                EXTI1_IRQHandler
                0x000000002000191c                EXTI2_IRQHandler
                0x000000002000191e                EXTI3_IRQHandler
                0x0000000020001920                EXTI4_IRQHandler
                0x0000000020001922                DMA1_Channel1_IRQHandler
                0x0000000020001924                DMA1_Channel2_IRQHandler
                0x0000000020001926                DMA1_Channel3_IRQHandler
                0x0000000020001928                DMA1_Channel4_IRQHandler
                0x000000002000192a                DMA1_Channel5_IRQHandler
                0x000000002000192c                DMA1_Channel6_IRQHandler
                0x000000002000192e                DMA1_Channel7_IRQHandler
                0x0000000020001930                ADC1_2_IRQHandler
                0x0000000020001932                USB_HP_CAN1_TX_IRQHandle
                0x0000000020001934                USB_LP_CAN1_RX0_IRQHandler
                0x0000000020001936                CAN1_RX1_IRQHandler
                0x0000000020001938                CAN1_SCE_IRQHandler
                0x000000002000193a                EXTI9_5_IRQHandler
                0x000000002000193c                TIM1_BRK_IRQHandler
                0x000000002000193e                TIM1_UP_IRQHandler
                0x0000000020001940                TIM1_TRG_COM_IRQHandler
                0x0000000020001942                TIM1_CC_IRQHandler
                0x0000000020001944                TIM2_IRQHandler
                0x0000000020001946                TIM3_IRQHandler
                0x0000000020001948                TIM4_IRQHandler
                0x000000002000194a                I2C1_EV_IRQHandler
                0x000000002000194c                I2C1_ER_IRQHandler
                0x000000002000194e                I2C2_EV_IRQHandler
                0x0000000020001950                I2C2_ER_IRQHandler
                0x0000000020001952                SPI1_IRQHandler
                0x0000000020001954                SPI2_IRQHandler
                0x0000000020001956                USART1_IRQHandler
                0x0000000020001958                USART2_IRQHandler
                0x000000002000195a                USART3_IRQHandler
                0x000000002000195c                EXTI15_10_IRQHandler
                0x000000002000195e                RTC_Alarm_IRQHandler
                0x0000000020001960                USBWakeUp_IRQHandler
                0x0000000020001962                init

.glue_7         0x00000000200019a0        0x0
 .glue_7        0x00000000200019a0        0x0 linker stubs

.glue_7t        0x00000000200019a0        0x0
 .glue_7t       0x00000000200019a0        0x0 linker stubs

.vfp11_veneer   0x00000000200019a0        0x0
 .vfp11_veneer  0x00000000200019a0        0x0 linker stubs

.v4_bx          0x00000000200019a0        0x0
 .v4_bx         0x00000000200019a0        0x0 linker stubs

.iplt           0x00000000200019a0        0x0
 .iplt          0x00000000200019a0        0x0 bitfield.o

.rel.dyn        0x00000000200019a0        0x0
 .rel.iplt      0x00000000200019a0        0x0 bitfield.o

.data           0x00000000200019a0        0x0
                0x00000000200019a0                . = ALIGN (0x4)
 *(.data)
 .data          0x00000000200019a0        0x0 bitfield.o
 .data          0x00000000200019a0        0x0 main.o
 .data          0x00000000200019a0        0x0 stm32f103_ram_init.o
                0x00000000200019a0                BSS_START = .

.igot.plt       0x00000000200019a0        0x0
 .igot.plt      0x00000000200019a0        0x0 bitfield.o

.bss            0x00000000200019a0      0x3a4
                0x00000000200019a0                . = ALIGN (0x4)
 *(.bss)
 .bss           0x00000000200019a0        0x0 bitfield.o
 .bss           0x00000000200019a0        0x4 main.o
                0x00000000200019a0                elapsed_time
 .bss           0x00000000200019a4        0x0 stm32f103_ram_init.o
 COMMON         0x00000000200019a4      0x3a0 main.o
                0x00000000200019a4                results
                0x0000000020001d44                BSS_END = .
                0x0000000020001d44                end = .
                0x0000000020005000                TOP_OF_STACK = (ORIGIN (RAM) + LENGTH (RAM))
OUTPUT(bitfield.elf elf32-littlearm)

.debug_info     0x0000000000000000     0x3415
 .debug_info    0x0000000000000000     0x2973 bitfield.o
 .debug_info    0x0000000000002973      0x2f8 main.o
 .debug_info    0x0000000000002c6b      0x7aa stm32f103_ram_init.o

.debug_abbrev   0x0000000000000000      0x683
 .debug_abbrev  0x0000000000000000      0x33a bitfield.o
 .debug_abbrev  0x000000000000033a      0x1d3 main.o
 .debug_abbrev  0x000000000000050d      0x176 stm32f103_ram_init.o

.debug_loc      0x0000000000000000      0x708
 .debug_loc     0x0000000000000000      0x567 bitfield.o
 .debug_loc     0x0000000000000567      0x18c main.o
 .debug_loc     0x00000000000006f3       0x15 stm32f103_ram_init.o

.debug_aranges  0x0000000000000000       0x60
 .debug_aranges
                0x0000000000000000       0x20 bitfield.o
 .debug_aranges
                0x0000000000000020       0x20 main.o
 .debug_aranges
                0x0000000000000040       0x20 stm32f103_ram_init.o

.debug_macro    0x0000000000000000    0x1097f
 .debug_macro   0x0000000000000000       0x80 bitfield.o
 .debug_macro   0x0000000000000080      0xa7e bitfield.o
 .debug_macro   0x0000000000000afe       0x10 bitfield.o
 .debug_macro   0x0000000000000b0e       0x22 bitfield.o
 .debug_macro   0x0000000000000b30       0x8e bitfield.o
 .debug_macro   0x0000000000000bbe       0x51 bitfield.o
 .debug_macro   0x0000000000000c0f       0xef bitfield.o
 .debug_macro   0x0000000000000cfe       0x6a bitfield.o
 .debug_macro   0x0000000000000d68      0x1df bitfield.o
 .debug_macro   0x0000000000000f47      0x242 bitfield.o
 .debug_macro   0x0000000000001189       0xa9 main.o
 .debug_macro   0x0000000000001232      0x174 main.o
 .debug_macro   0x00000000000013a6       0x3a main.o
 .debug_macro   0x00000000000013e0       0x34 main.o
 .debug_macro   0x0000000000001414      0xb8e main.o
 .debug_macro   0x0000000000001fa2       0xb1 stm32f103_ram_init.o
 .debug_macro   0x0000000000002053       0x22 stm32f103_ram_init.o
 .debug_macro   0x0000000000002075     0xe90a stm32f103_ram_init.o

.debug_line     0x0000000000000000     0x22ce
 .debug_line    0x0000000000000000     0x16df bitfield.o
 .debug_line    0x00000000000016df      0x39a main.o
 .debug_line    0x0000000000001a79      0x855 stm32f103_ram_init.o

.debug_str      0x0000000000000000    0x57359
 .debug_str     0x0000000000000000     0x51bd bitfield.o
                                       0x547c (size before relaxing)
 .debug_str     0x00000000000051bd     0x4593 main.o
                                       0x82dc (size before relaxing)
 .debug_str     0x0000000000009750    0x4dc09 stm32f103_ram_init.o
                                      0x55c4c (size before relaxing)

.comment        0x0000000000000000       0x75
 .comment       0x0000000000000000       0x75 bitfield.o
                                         0x76 (size before relaxing)
 .comment       0x0000000000000075       0x76 main.o
 .comment       0x0000000000000075       0x76 stm32f103_ram_init.o

.ARM.attributes
                0x0000000000000000       0x1b
 .ARM.attributes
                0x0000000000000000       0x1b bitfield.o
 .ARM.attributes
                0x000000000000001b       0x1b main.o
 .ARM.attributes
                0x0000000000000036       0x1b stm32f103_ram_init.o

.debug_frame    0x0000000000000000      0xf5c
 .debug_frame   0x0000000000000000      0xb34 bitfield.o
 .debug_frame   0x0000000000000b34       0x68 main.o
 .debug_frame   0x0000000000000b9c      0x3c0 stm32f103_ram_init.o
Memory region         Used Size  Region Size  %age Used
           FLASH:          0 GB        64 KB      0.00%
             RAM:        7492 B        20 KB     36.58%
