
Allocating common symbols
Common symbol       size              file

finish              0x4               main.o
results             0x3a0             main.o
start               0x4               main.o

Discarded input sections

 .group         0x0000000000000000        0x8 bitfield.o
 .group         0x0000000000000000        0x8 bitfield.o
 .group         0x0000000000000000        0x8 bitfield.o
 .group         0x0000000000000000        0x8 bitfield.o
 .group         0x0000000000000000        0x8 bitfield.o
 .group         0x0000000000000000        0x8 bitfield.o
 .group         0x0000000000000000        0x8 bitfield.o
 .group         0x0000000000000000        0x8 bitfield.o
 .group         0x0000000000000000        0x8 bitfield.o
 .group         0x0000000000000000        0x8 main.o
 .group         0x0000000000000000        0x8 main.o
 .group         0x0000000000000000        0x8 main.o
 .group         0x0000000000000000        0x8 main.o
 .group         0x0000000000000000        0x8 main.o
 .group         0x0000000000000000        0x8 main.o
 .group         0x0000000000000000        0x8 main.o
 .group         0x0000000000000000        0x8 main.o
 .group         0x0000000000000000        0x8 main.o
 .group         0x0000000000000000        0x8 main.o
 .group         0x0000000000000000        0x8 main.o
 .debug_macro   0x0000000000000000      0xa7e main.o
 .debug_macro   0x0000000000000000       0x22 main.o
 .debug_macro   0x0000000000000000       0x8e main.o
 .debug_macro   0x0000000000000000       0x51 main.o
 .debug_macro   0x0000000000000000       0xef main.o
 .debug_macro   0x0000000000000000       0x6a main.o
 .debug_macro   0x0000000000000000      0x1df main.o
 .group         0x0000000000000000        0x8 stm32f103_ram_init.o
 .group         0x0000000000000000        0x8 stm32f103_ram_init.o
 .group         0x0000000000000000        0x8 stm32f103_ram_init.o
 .group         0x0000000000000000        0x8 stm32f103_ram_init.o
 .group         0x0000000000000000        0x8 stm32f103_ram_init.o
 .group         0x0000000000000000        0x8 stm32f103_ram_init.o
 .group         0x0000000000000000        0x8 stm32f103_ram_init.o
 .group         0x0000000000000000        0x8 stm32f103_ram_init.o
 .group         0x0000000000000000        0x8 stm32f103_ram_init.o
 .group         0x0000000000000000        0x8 stm32f103_ram_init.o
 .group         0x0000000000000000        0x8 stm32f103_ram_init.o
 .group         0x0000000000000000        0x8 stm32f103_ram_init.o
 .debug_macro   0x0000000000000000      0xa7e stm32f103_ram_init.o
 .debug_macro   0x0000000000000000       0x22 stm32f103_ram_init.o
 .debug_macro   0x0000000000000000       0x8e stm32f103_ram_init.o
 .debug_macro   0x0000000000000000       0x51 stm32f103_ram_init.o
 .debug_macro   0x0000000000000000       0xef stm32f103_ram_init.o
 .debug_macro   0x0000000000000000       0x6a stm32f103_ram_init.o
 .debug_macro   0x0000000000000000      0x1df stm32f103_ram_init.o
 .debug_macro   0x0000000000000000       0x3a stm32f103_ram_init.o
 .debug_macro   0x0000000000000000       0x34 stm32f103_ram_init.o
 .debug_macro   0x0000000000000000      0xb8e stm32f103_ram_init.o

Memory Configuration

Name             Origin             Length             Attributes
FLASH            0x0000000008000000 0x0000000000010000 xr
RAM              0x0000000020000000 0x0000000000005000 xrw
*default*        0x0000000000000000 0xffffffffffffffff

Linker script and memory map

LOAD bitfield.o
LOAD main.o
LOAD stm32f103_ram_init.o
                0x0000000020000000                . = ORIGIN (RAM)

.text           0x0000000020000000     0x1d78
 *(.vectors)
 .vectors       0x0000000020000000       0xec stm32f103_ram_init.o
                0x0000000020000000                INTERRUPT_VECTORS
 *(.text)
 .text          0x00000000200000ec     0x1b28 bitfield.o
                0x00000000200000ec                zero_reg
                0x00000000200000f8                zero_array
                0x0000000020000104                set_singl_bits_operator
                0x0000000020000114                set_singl_bits_method
                0x0000000020000124                clr_singl_bits_operator
                0x0000000020000134                clr_singl_bits_method
                0x0000000020000144                set_singl_mskd_operator
                0x0000000020000160                set_singl_mskd_method
                0x000000002000017c                clr_singl_mskd_operator
                0x0000000020000198                clr_singl_mskd_method
                0x00000000200001b4                equ_singl_bits_operator
                0x00000000200001c8                equ_singl_bits_method
                0x00000000200001dc                equ_singl_mskd_operator
                0x00000000200001f4                equ_singl_mskd_method
                0x000000002000020c                flp_singl_bits_operator
                0x0000000020000228                flp_singl_bits_method
                0x0000000020000244                flp_singl_mskd_operator
                0x0000000020000260                flp_singl_mskd_method
                0x000000002000027c                ins_singl_mskd_operator
                0x0000000020000290                ins_singl_mskd_method
                0x00000000200002a4                set_multi_bits_operator
                0x00000000200002bc                set_multi_bits_method
                0x00000000200002d4                ins_multi_mskd_operator
                0x00000000200002f0                ins_multi_mskd_method
                0x000000002000030c                equ_multi_bits_operator
                0x0000000020000328                equ_multi_bits_method
                0x0000000020000344                equ_multi_mskd_operator
                0x0000000020000364                equ_multi_mskd_method
                0x0000000020000384                equ_bits_mskd_operator
                0x00000000200003a4                equ_bits_mskd_method
                0x00000000200003c4                equ_mskd_bits_operator
                0x00000000200003e4                equ_mskd_bits_method
                0x0000000020000404                equ_bits_var
                0x0000000020000424                equ_mskd_var
                0x000000002000044c                cmp_equ_zero
                0x000000002000047c                cmp_neq_zero
                0x00000000200004a0                cmp_equ_bits
                0x00000000200004cc                cmp_neq_bits
                0x0000000020000500                cmp_equ_multi_bits
                0x000000002000054c                cmp_neq_multi_bits
                0x0000000020000598                cmp_equ_mskd
                0x00000000200005cc                cmp_neq_mskd
                0x0000000020000600                cmp_equ_reg
                0x0000000020000678                cmp_neq_reg
                0x00000000200006e8                constexpr_bits_array
                0x0000000020000708                runtime_bits_array
                0x0000000020000744                prescaler_low
                0x0000000020000764                prescaler_high
                0x0000000020000784                reg_mskd_lss
                0x00000000200007bc                reg_mskd_leq
                0x000000002000080c                reg_mskd_gtr
                0x0000000020000844                reg_mskd_geq
                0x0000000020000894                pos_cmp_eq
                0x00000000200008ac                pos_cmp_ne
                0x00000000200008c4                bits_extract_eq
                0x00000000200008ec                mskd_extract_eq
                0x0000000020000918                mskd_extract_ne
                0x0000000020000948                mskd_extract_lss
                0x0000000020000980                mskd_extract_leq
                0x00000000200009c8                mskd_extract_gtr
                0x0000000020000a00                set_bits_global
                0x0000000020000a10                ins_mskd_global
                0x0000000020000a24                assign_array_global
                0x0000000020000a30                shifted_global
                0x0000000020000a50                assign_register_global
                0x0000000020000a68                copy_bits_equ
                0x0000000020000a9c                copy_bits_neq
                0x0000000020000ac4                copy_mskd_equ
                0x0000000020000afc                copy_mskd_neq
                0x0000000020000b34                copy_mskd_lss
                0x0000000020000b6c                copy_mskd_leq
                0x0000000020000ba4                copy_mskd_gtr
                0x0000000020000bdc                copy_mskd_geq
                0x0000000020000c14                copy_shifted
                0x0000000020000c70                call_shifted_const_ref
                0x0000000020000c84                call_shifted_var_ref
                0x0000000020000c98                call_shifted_global_ref
                0x0000000020000cd0                call_shifted_const_val
                0x0000000020000cd4                call_shifted_var_val
                0x0000000020000cd8                call_shifted_global_val
                0x0000000020000cf4                call_pos_ref_global
                0x0000000020000d20                call_pos_val
                0x0000000020000d2c                call_pos_val_global
                0x0000000020000d44                call_reg_mskd_ref
                0x0000000020000d6c                call_periph_mskd_ref
                0x0000000020000d94                call_reg_mskd_val
                0x0000000020000dac                call_periph_mskd_val
                0x0000000020000dc0                call_reg_bits_ref
                0x0000000020000de4                call_periph_bits_ref
                0x0000000020000e08                call_reg_bits_val
                0x0000000020000e1c                call_periph_bits_val
                0x0000000020000e3c                call_mskd_ref_const
                0x0000000020000e58                call_mskd_ref_var
                0x0000000020000e70                call_mskd_ref_global
                0x0000000020000ea4                call_mskd_val_const
                0x0000000020000eb0                call_mskd_val_var
                0x0000000020000ebc                call_mskd_val_global
                0x0000000020000edc                call_bits_ref_const
                0x0000000020000ef8                call_bits_ref_var
                0x0000000020000f30                call_bits_ref_global
                0x0000000020000f64                call_bits_val_const
                0x0000000020000f68                call_bits_val_var
                0x0000000020000f6c                call_bits_val_global
                0x0000000020000f70                bits_val
                0x0000000020000fc8                bits_ref
                0x0000000020001024                mskd_val
                0x00000000200010c8                mskd_ref
                0x0000000020001170                periph_bits
                0x000000002000117c                call_periph_bits
                0x0000000020001188                periph_bits_val
                0x0000000020001198                reg_bits_val
                0x00000000200011a8                periph_bits_ref
                0x00000000200011b8                reg_bits_ref
                0x00000000200011c8                periph_mskd
                0x00000000200011d4                call_periph_mskd
                0x00000000200011e0                periph_mskd_val
                0x00000000200011f0                reg_mskd_val
                0x0000000020001200                periph_mskd_ref
                0x0000000020001210                reg_mskd_ref
                0x0000000020001220                return_bits
                0x0000000020001224                call_return_bits
                0x0000000020001254                return_mskd
                0x0000000020001260                call_return_mskd
                0x00000000200012a4                return_reg
                0x00000000200012c0                call_return_reg
                0x00000000200012e8                return_periph
                0x0000000020001300                call_return_periph
                0x0000000020001324                pos_val
                0x0000000020001344                pos_ref
                0x0000000020001364                call_pos_ref
                0x0000000020001380                runtime_range_val
                0x0000000020001390                call_range_val
                0x0000000020001398                call_range_val_port
                0x00000000200013a0                runtime_range_ref
                0x00000000200013b4                call_range_ref
                0x00000000200013c8                call_range_ref_port
                0x00000000200013d0                check_array_range_pass
                0x00000000200013e4                check_array_range_fail
                0x00000000200013f8                check_bits_range_pass
                0x000000002000140c                check_bits_range_fail
                0x0000000020001420                check_mskd_range_pass
                0x0000000020001434                check_mskd_range_fail
                0x0000000020001448                bits_extract_ne
                0x0000000020001470                mskd_extract_geq
                0x00000000200014b8                shifted_val
                0x00000000200014e0                shifted_ref
                0x000000002000150c                copy_bits_val
                0x0000000020001530                call_copy_bits_val
                0x000000002000154c                copy_bits_ref
                0x0000000020001574                call_copy_bits_ref
                0x00000000200015a0                run
 .text          0x0000000020001c14       0x44 main.o
                0x0000000020001c14                memset
                0x0000000020001c28                do_test
 .text          0x0000000020001c58      0x120 stm32f103_ram_init.o
                0x0000000020001c58                NMI_Handler
                0x0000000020001c5c                HardFault_Handler
                0x0000000020001c60                MemManage_Handler
                0x0000000020001c64                BusFault_Handler
                0x0000000020001c68                UsageFault_Handler
                0x0000000020001c6c                Reserved1_Handler
                0x0000000020001c70                Reserved2_Handler
                0x0000000020001c74                Reserved3_Handler
                0x0000000020001c78                Reserved4_Handler
                0x0000000020001c7c                SVCall_Handler
                0x0000000020001c80                Debug_Handler
                0x0000000020001c84                Reserved5_Handler
                0x0000000020001c88                PendSV_Handler
                0x0000000020001c8c                SysTick_Handler
                0x0000000020001c90                WWDG_IRQHandler
                0x0000000020001c94                PVD_IRQHandler
                0x0000000020001c98                TAMPER_IRQHandler
                0x0000000020001c9c                RTC_IRQHandler
                0x0000000020001ca0                FLASH_IRQHandler
                0x0000000020001ca4                RCC_IRQHandler
                0x0000000020001ca8                EXTI0_IRQHandler
                0x0000000020001cac                EXTI1_IRQHandler
                0x0000000020001cb0                EXTI2_IRQHandler
                0x0000000020001cb4                EXTI3_IRQHandler
                0x0000000020001cb8                EXTI4_IRQHandler
                0x0000000020001cbc                DMA1_Channel1_IRQHandler
                0x0000000020001cc0                DMA1_Channel2_IRQHandler
                0x0000000020001cc4                DMA1_Channel3_IRQHandler
                0x0000000020001cc8                DMA1_Channel4_IRQHandler
                0x0000000020001ccc                DMA1_Channel5_IRQHandler
                0x0000000020001cd0                DMA1_Channel6_IRQHandler
                0x0000000020001cd4                DMA1_Channel7_IRQHandler
                0x0000000020001cd8                ADC1_2_IRQHandler
                0x0000000020001cdc                USB_HP_CAN1_TX_IRQHandle
                0x0000000020001ce0                USB_LP_CAN1_RX0_IRQHandler
                0x0000000020001ce4                CAN1_RX1_IRQHandler
                0x0000000020001ce8                CAN1_SCE_IRQHandler
                0x0000000020001cec                EXTI9_5_IRQHandler
                0x0000000020001cf0                TIM1_BRK_IRQHandler
                0x0000000020001cf4                TIM1_UP_IRQHandler
                0x0000000020001cf8                TIM1_TRG_COM_IRQHandler
                0x0000000020001cfc                TIM1_CC_IRQHandler
                0x0000000020001d00                TIM2_IRQHandler
                0x0000000020001d04                TIM3_IRQHandler
                0x0000000020001d08                TIM4_IRQHandler
                0x0000000020001d0c                I2C1_EV_IRQHandler
                0x0000000020001d10                I2C1_ER_IRQHandler
                0x0000000020001d14                I2C2_EV_IRQHandler
                0x0000000020001d18                I2C2_ER_IRQHandler
                0x0000000020001d1c                SPI1_IRQHandler
                0x0000000020001d20                SPI2_IRQHandler
                0x0000000020001d24                USART1_IRQHandler
                0x0000000020001d28                USART2_IRQHandler
                0x0000000020001d2c                USART3_IRQHandler
                0x0000000020001d30                EXTI15_10_IRQHandler
                0x0000000020001d34                RTC_Alarm_IRQHandler
                0x0000000020001d38                USBWakeUp_IRQHandler
                0x0000000020001d3c                init

.glue_7         0x0000000020001d78        0x0
 .glue_7        0x0000000020001d78        0x0 linker stubs

.glue_7t        0x0000000020001d78        0x0
 .glue_7t       0x0000000020001d78        0x0 linker stubs

.vfp11_veneer   0x0000000020001d78        0x0
 .vfp11_veneer  0x0000000020001d78        0x0 linker stubs

.v4_bx          0x0000000020001d78        0x0
 .v4_bx         0x0000000020001d78        0x0 linker stubs

.iplt           0x0000000020001d78        0x0
 .iplt          0x0000000020001d78        0x0 bitfield.o

.text.startup   0x0000000020001d78       0x34
 .text.startup  0x0000000020001d78       0x34 main.o
                0x0000000020001d78                main

.rel.dyn        0x0000000020001dac        0x0
 .rel.iplt      0x0000000020001dac        0x0 bitfield.o

.data           0x0000000020001dac        0x0
                0x0000000020001dac                . = ALIGN (0x4)
 *(.data)
 .data          0x0000000020001dac        0x0 bitfield.o
 .data          0x0000000020001dac        0x0 main.o
 .data          0x0000000020001dac        0x0 stm32f103_ram_init.o
                0x0000000020001dac                BSS_START = .

.igot.plt       0x0000000020001dac        0x0
 .igot.plt      0x0000000020001dac        0x0 bitfield.o

.bss            0x0000000020001dac      0x3a8
                0x0000000020001dac                . = ALIGN (0x4)
 *(.bss)
 .bss           0x0000000020001dac        0x0 bitfield.o
 .bss           0x0000000020001dac        0x0 main.o
 .bss           0x0000000020001dac        0x0 stm32f103_ram_init.o
 COMMON         0x0000000020001dac      0x3a8 main.o
                0x0000000020001dac                finish
                0x0000000020001db0                results
                0x0000000020002150                start
                0x0000000020002154                BSS_END = .
                0x0000000020002154                end = .
                0x0000000020005000                TOP_OF_STACK = (ORIGIN (RAM) + LENGTH (RAM))
OUTPUT(bitfield.elf elf32-littlearm)

.debug_info     0x0000000000000000     0x40c9
 .debug_info    0x0000000000000000     0x360f bitfield.o
 .debug_info    0x000000000000360f      0x2f2 main.o
 .debug_info    0x0000000000003901      0x7c8 stm32f103_ram_init.o

.debug_abbrev   0x0000000000000000      0x71c
 .debug_abbrev  0x0000000000000000      0x39d bitfield.o
 .debug_abbrev  0x000000000000039d      0x1df main.o
 .debug_abbrev  0x000000000000057c      0x1a0 stm32f103_ram_init.o

.debug_loc      0x0000000000000000      0x697
 .debug_loc     0x0000000000000000      0x520 bitfield.o
 .debug_loc     0x0000000000000520      0x13b main.o
 .debug_loc     0x000000000000065b       0x3c stm32f103_ram_init.o

.debug_aranges  0x0000000000000000       0x68
 .debug_aranges
                0x0000000000000000       0x20 bitfield.o
 .debug_aranges
                0x0000000000000020       0x28 main.o
 .debug_aranges
                0x0000000000000048       0x20 stm32f103_ram_init.o

.debug_macro    0x0000000000000000    0x1097f
 .debug_macro   0x0000000000000000       0x80 bitfield.o
 .debug_macro   0x0000000000000080      0xa7e bitfield.o
 .debug_macro   0x0000000000000afe       0x10 bitfield.o
 .debug_macro   0x0000000000000b0e       0x22 bitfield.o
 .debug_macro   0x0000000000000b30       0x8e bitfield.o
 .debug_macro   0x0000000000000bbe       0x51 bitfield.o
 .debug_macro   0x0000000000000c0f       0xef bitfield.o
 .debug_macro   0x0000000000000cfe       0x6a bitfield.o
 .debug_macro   0x0000000000000d68      0x1df bitfield.o
 .debug_macro   0x0000000000000f47      0x242 bitfield.o
 .debug_macro   0x0000000000001189       0xa9 main.o
 .debug_macro   0x0000000000001232      0x174 main.o
 .debug_macro   0x00000000000013a6       0x3a main.o
 .debug_macro   0x00000000000013e0       0x34 main.o
 .debug_macro   0x0000000000001414      0xb8e main.o
 .debug_macro   0x0000000000001fa2       0xb1 stm32f103_ram_init.o
 .debug_macro   0x0000000000002053       0x22 stm32f103_ram_init.o
 .debug_macro   0x0000000000002075     0xe90a stm32f103_ram_init.o

.debug_line     0x0000000000000000     0x2809
 .debug_line    0x0000000000000000     0x1c12 bitfield.o
 .debug_line    0x0000000000001c12      0x38a main.o
 .debug_line    0x0000000000001f9c      0x86d stm32f103_ram_init.o

.debug_str      0x0000000000000000    0x57356
 .debug_str     0x0000000000000000     0x51bd bitfield.o
                                       0x547c (size before relaxing)
 .debug_str     0x00000000000051bd     0x457f main.o
                                       0x82cf (size before relaxing)
 .debug_str     0x000000000000973c    0x4dc1a stm32f103_ram_init.o
                                      0x55c64 (size before relaxing)

.comment        0x0000000000000000       0x75
 .comment       0x0000000000000000       0x75 bitfield.o
                                         0x76 (size before relaxing)
 .comment       0x0000000000000075       0x76 main.o
 .comment       0x0000000000000075       0x76 stm32f103_ram_init.o

.ARM.attributes
                0x0000000000000000       0x1b
 .ARM.attributes
                0x0000000000000000       0x1b bitfield.o
 .ARM.attributes
                0x000000000000001b       0x1b main.o
 .ARM.attributes
                0x0000000000000036       0x1b stm32f103_ram_init.o

.debug_frame    0x0000000000000000     0x10d8
 .debug_frame   0x0000000000000000      0xcc0 bitfield.o
 .debug_frame   0x0000000000000cc0       0x58 main.o
 .debug_frame   0x0000000000000d18      0x3c0 stm32f103_ram_init.o

.debug_ranges   0x0000000000000000       0x18
 .debug_ranges  0x0000000000000000       0x18 main.o
Memory region         Used Size  Region Size  %age Used
           FLASH:          0 GB        64 KB      0.00%
             RAM:        8532 B        20 KB     41.66%
