
Allocating common symbols
Common symbol       size              file

finish              0x4               main.o
results             0x390             main.o
start               0x4               main.o

Discarded input sections

 .group         0x0000000000000000        0x8 bitfield.o
 .group         0x0000000000000000        0x8 bitfield.o
 .group         0x0000000000000000        0x8 bitfield.o
 .group         0x0000000000000000        0x8 bitfield.o
 .group         0x0000000000000000        0x8 bitfield.o
 .group         0x0000000000000000        0x8 bitfield.o
 .group         0x0000000000000000        0x8 bitfield.o
 .group         0x0000000000000000        0x8 bitfield.o
 .group         0x0000000000000000        0x8 bitfield.o
 .group         0x0000000000000000        0x8 main.o
 .group         0x0000000000000000        0x8 main.o
 .group         0x0000000000000000        0x8 main.o
 .group         0x0000000000000000        0x8 main.o
 .group         0x0000000000000000        0x8 main.o
 .group         0x0000000000000000        0x8 main.o
 .group         0x0000000000000000        0x8 main.o
 .group         0x0000000000000000        0x8 main.o
 .group         0x0000000000000000        0x8 main.o
 .group         0x0000000000000000        0x8 main.o
 .group         0x0000000000000000        0x8 main.o
 .debug_macro   0x0000000000000000      0xa7e main.o
 .debug_macro   0x0000000000000000       0x22 main.o
 .debug_macro   0x0000000000000000       0x8e main.o
 .debug_macro   0x0000000000000000       0x51 main.o
 .debug_macro   0x0000000000000000       0xef main.o
 .debug_macro   0x0000000000000000       0x6a main.o
 .debug_macro   0x0000000000000000      0x1df main.o
 .group         0x0000000000000000        0x8 stm32f103_ram_init.o
 .group         0x0000000000000000        0x8 stm32f103_ram_init.o
 .group         0x0000000000000000        0x8 stm32f103_ram_init.o
 .group         0x0000000000000000        0x8 stm32f103_ram_init.o
 .group         0x0000000000000000        0x8 stm32f103_ram_init.o
 .group         0x0000000000000000        0x8 stm32f103_ram_init.o
 .group         0x0000000000000000        0x8 stm32f103_ram_init.o
 .group         0x0000000000000000        0x8 stm32f103_ram_init.o
 .group         0x0000000000000000        0x8 stm32f103_ram_init.o
 .group         0x0000000000000000        0x8 stm32f103_ram_init.o
 .group         0x0000000000000000        0x8 stm32f103_ram_init.o
 .group         0x0000000000000000        0x8 stm32f103_ram_init.o
 .debug_macro   0x0000000000000000      0xa7e stm32f103_ram_init.o
 .debug_macro   0x0000000000000000       0x22 stm32f103_ram_init.o
 .debug_macro   0x0000000000000000       0x8e stm32f103_ram_init.o
 .debug_macro   0x0000000000000000       0x51 stm32f103_ram_init.o
 .debug_macro   0x0000000000000000       0xef stm32f103_ram_init.o
 .debug_macro   0x0000000000000000       0x6a stm32f103_ram_init.o
 .debug_macro   0x0000000000000000      0x1df stm32f103_ram_init.o
 .debug_macro   0x0000000000000000       0x3a stm32f103_ram_init.o
 .debug_macro   0x0000000000000000       0x34 stm32f103_ram_init.o
 .debug_macro   0x0000000000000000      0xb8e stm32f103_ram_init.o

Memory Configuration

Name             Origin             Length             Attributes
FLASH            0x0000000008000000 0x0000000000010000 xr
RAM              0x0000000020000000 0x0000000000005000 xrw
*default*        0x0000000000000000 0xffffffffffffffff

Linker script and memory map

LOAD bitfield.o
LOAD main.o
LOAD stm32f103_ram_init.o
                0x0000000020000000                . = ORIGIN (RAM)

.text           0x0000000020000000     0x1cc4
 *(.vectors)
 .vectors       0x0000000020000000       0xec stm32f103_ram_init.o
                0x0000000020000000                INTERRUPT_VECTORS
 *(.text)
 .text          0x00000000200000ec     0x1a74 bitfield.o
                0x00000000200000ec                zero_reg
                0x00000000200000f8                zero_array
                0x0000000020000104                set_singl_bits_operator
                0x0000000020000114                set_singl_bits_method
                0x0000000020000124                clr_singl_bits_operator
                0x0000000020000134                clr_singl_bits_method
                0x0000000020000144                set_singl_mskd_operator
                0x0000000020000160                set_singl_mskd_method
                0x000000002000017c                clr_singl_mskd_operator
                0x0000000020000198                clr_singl_mskd_method
                0x00000000200001b4                equ_singl_bits_operator
                0x00000000200001c8                equ_singl_bits_method
                0x00000000200001dc                equ_singl_mskd_operator
                0x00000000200001f4                equ_singl_mskd_method
                0x000000002000020c                flp_singl_bits_operator
                0x0000000020000228                flp_singl_bits_method
                0x0000000020000244                flp_singl_mskd_operator
                0x0000000020000260                flp_singl_mskd_method
                0x000000002000027c                ins_singl_mskd_operator
                0x0000000020000290                ins_singl_mskd_method
                0x00000000200002a4                set_multi_bits_operator
                0x00000000200002bc                set_multi_bits_method
                0x00000000200002d4                ins_multi_mskd_operator
                0x00000000200002f0                ins_multi_mskd_method
                0x000000002000030c                equ_multi_bits_operator
                0x0000000020000328                equ_multi_bits_method
                0x0000000020000344                equ_multi_mskd_operator
                0x0000000020000364                equ_multi_mskd_method
                0x0000000020000384                equ_bits_mskd_operator
                0x00000000200003a4                equ_bits_mskd_method
                0x00000000200003c4                equ_mskd_bits_operator
                0x00000000200003e4                equ_mskd_bits_method
                0x0000000020000404                equ_bits_var
                0x0000000020000424                equ_mskd_var
                0x000000002000044c                cmp_equ_zero
                0x000000002000047c                cmp_neq_zero
                0x00000000200004a0                cmp_equ_bits
                0x00000000200004cc                cmp_neq_bits
                0x0000000020000500                cmp_equ_mskd
                0x0000000020000534                cmp_neq_mskd
                0x0000000020000568                cmp_equ_reg
                0x00000000200005e0                cmp_neq_reg
                0x0000000020000650                constexpr_bits_array
                0x0000000020000670                runtime_bits_array
                0x00000000200006ac                prescaler_low
                0x00000000200006cc                prescaler_high
                0x00000000200006ec                reg_mskd_lss
                0x0000000020000724                reg_mskd_leq
                0x0000000020000774                reg_mskd_gtr
                0x00000000200007ac                reg_mskd_geq
                0x00000000200007fc                pos_cmp_eq
                0x0000000020000814                pos_cmp_ne
                0x000000002000082c                bits_extract_eq
                0x0000000020000854                mskd_extract_eq
                0x0000000020000880                mskd_extract_ne
                0x00000000200008b0                mskd_extract_lss
                0x00000000200008e8                mskd_extract_leq
                0x0000000020000930                mskd_extract_gtr
                0x0000000020000968                set_bits_global
                0x0000000020000978                ins_mskd_global
                0x000000002000098c                assign_array_global
                0x0000000020000998                shifted_global
                0x00000000200009b8                assign_register_global
                0x00000000200009d0                copy_bits_equ
                0x0000000020000a04                copy_bits_neq
                0x0000000020000a2c                copy_mskd_equ
                0x0000000020000a64                copy_mskd_neq
                0x0000000020000a9c                copy_mskd_lss
                0x0000000020000ad4                copy_mskd_leq
                0x0000000020000b0c                copy_mskd_gtr
                0x0000000020000b44                copy_mskd_geq
                0x0000000020000b7c                copy_shifted
                0x0000000020000bd8                call_shifted_const_ref
                0x0000000020000bec                call_shifted_var_ref
                0x0000000020000c00                call_shifted_global_ref
                0x0000000020000c38                call_shifted_const_val
                0x0000000020000c3c                call_shifted_var_val
                0x0000000020000c40                call_shifted_global_val
                0x0000000020000c5c                call_pos_ref_global
                0x0000000020000c88                call_pos_val
                0x0000000020000c94                call_pos_val_global
                0x0000000020000cac                call_reg_mskd_ref
                0x0000000020000cd4                call_periph_mskd_ref
                0x0000000020000cfc                call_reg_mskd_val
                0x0000000020000d14                call_periph_mskd_val
                0x0000000020000d28                call_reg_bits_ref
                0x0000000020000d4c                call_periph_bits_ref
                0x0000000020000d70                call_reg_bits_val
                0x0000000020000d84                call_periph_bits_val
                0x0000000020000da4                call_mskd_ref_const
                0x0000000020000dc0                call_mskd_ref_var
                0x0000000020000dd8                call_mskd_ref_global
                0x0000000020000e0c                call_mskd_val_const
                0x0000000020000e18                call_mskd_val_var
                0x0000000020000e24                call_mskd_val_global
                0x0000000020000e44                call_bits_ref_const
                0x0000000020000e60                call_bits_ref_var
                0x0000000020000e98                call_bits_ref_global
                0x0000000020000ecc                call_bits_val_const
                0x0000000020000ed0                call_bits_val_var
                0x0000000020000ed4                call_bits_val_global
                0x0000000020000ed8                bits_val
                0x0000000020000f30                bits_ref
                0x0000000020000f8c                mskd_val
                0x0000000020001030                mskd_ref
                0x00000000200010d8                periph_bits
                0x00000000200010e4                call_periph_bits
                0x00000000200010f0                periph_bits_val
                0x0000000020001100                reg_bits_val
                0x0000000020001110                periph_bits_ref
                0x0000000020001120                reg_bits_ref
                0x0000000020001130                periph_mskd
                0x000000002000113c                call_periph_mskd
                0x0000000020001148                periph_mskd_val
                0x0000000020001158                reg_mskd_val
                0x0000000020001168                periph_mskd_ref
                0x0000000020001178                reg_mskd_ref
                0x0000000020001188                return_bits
                0x000000002000118c                call_return_bits
                0x00000000200011bc                return_mskd
                0x00000000200011c8                call_return_mskd
                0x000000002000120c                return_reg
                0x0000000020001228                call_return_reg
                0x0000000020001250                return_periph
                0x0000000020001268                call_return_periph
                0x000000002000128c                pos_val
                0x00000000200012ac                pos_ref
                0x00000000200012cc                call_pos_ref
                0x00000000200012e8                runtime_range_val
                0x00000000200012f8                call_range_val
                0x0000000020001300                call_range_val_port
                0x0000000020001308                runtime_range_ref
                0x000000002000131c                call_range_ref
                0x0000000020001330                call_range_ref_port
                0x0000000020001338                check_array_range_pass
                0x000000002000134c                check_array_range_fail
                0x0000000020001360                check_bits_range_pass
                0x0000000020001374                check_bits_range_fail
                0x0000000020001388                check_mskd_range_pass
                0x000000002000139c                check_mskd_range_fail
                0x00000000200013b0                bits_extract_ne
                0x00000000200013d8                mskd_extract_geq
                0x0000000020001420                shifted_val
                0x0000000020001448                shifted_ref
                0x0000000020001474                copy_bits_val
                0x0000000020001498                call_copy_bits_val
                0x00000000200014b4                copy_bits_ref
                0x00000000200014dc                call_copy_bits_ref
                0x0000000020001508                run
 .text          0x0000000020001b60       0x44 main.o
                0x0000000020001b60                memset
                0x0000000020001b74                do_test
 .text          0x0000000020001ba4      0x120 stm32f103_ram_init.o
                0x0000000020001ba4                NMI_Handler
                0x0000000020001ba8                HardFault_Handler
                0x0000000020001bac                MemManage_Handler
                0x0000000020001bb0                BusFault_Handler
                0x0000000020001bb4                UsageFault_Handler
                0x0000000020001bb8                Reserved1_Handler
                0x0000000020001bbc                Reserved2_Handler
                0x0000000020001bc0                Reserved3_Handler
                0x0000000020001bc4                Reserved4_Handler
                0x0000000020001bc8                SVCall_Handler
                0x0000000020001bcc                Debug_Handler
                0x0000000020001bd0                Reserved5_Handler
                0x0000000020001bd4                PendSV_Handler
                0x0000000020001bd8                SysTick_Handler
                0x0000000020001bdc                WWDG_IRQHandler
                0x0000000020001be0                PVD_IRQHandler
                0x0000000020001be4                TAMPER_IRQHandler
                0x0000000020001be8                RTC_IRQHandler
                0x0000000020001bec                FLASH_IRQHandler
                0x0000000020001bf0                RCC_IRQHandler
                0x0000000020001bf4                EXTI0_IRQHandler
                0x0000000020001bf8                EXTI1_IRQHandler
                0x0000000020001bfc                EXTI2_IRQHandler
                0x0000000020001c00                EXTI3_IRQHandler
                0x0000000020001c04                EXTI4_IRQHandler
                0x0000000020001c08                DMA1_Channel1_IRQHandler
                0x0000000020001c0c                DMA1_Channel2_IRQHandler
                0x0000000020001c10                DMA1_Channel3_IRQHandler
                0x0000000020001c14                DMA1_Channel4_IRQHandler
                0x0000000020001c18                DMA1_Channel5_IRQHandler
                0x0000000020001c1c                DMA1_Channel6_IRQHandler
                0x0000000020001c20                DMA1_Channel7_IRQHandler
                0x0000000020001c24                ADC1_2_IRQHandler
                0x0000000020001c28                USB_HP_CAN1_TX_IRQHandle
                0x0000000020001c2c                USB_LP_CAN1_RX0_IRQHandler
                0x0000000020001c30                CAN1_RX1_IRQHandler
                0x0000000020001c34                CAN1_SCE_IRQHandler
                0x0000000020001c38                EXTI9_5_IRQHandler
                0x0000000020001c3c                TIM1_BRK_IRQHandler
                0x0000000020001c40                TIM1_UP_IRQHandler
                0x0000000020001c44                TIM1_TRG_COM_IRQHandler
                0x0000000020001c48                TIM1_CC_IRQHandler
                0x0000000020001c4c                TIM2_IRQHandler
                0x0000000020001c50                TIM3_IRQHandler
                0x0000000020001c54                TIM4_IRQHandler
                0x0000000020001c58                I2C1_EV_IRQHandler
                0x0000000020001c5c                I2C1_ER_IRQHandler
                0x0000000020001c60                I2C2_EV_IRQHandler
                0x0000000020001c64                I2C2_ER_IRQHandler
                0x0000000020001c68                SPI1_IRQHandler
                0x0000000020001c6c                SPI2_IRQHandler
                0x0000000020001c70                USART1_IRQHandler
                0x0000000020001c74                USART2_IRQHandler
                0x0000000020001c78                USART3_IRQHandler
                0x0000000020001c7c                EXTI15_10_IRQHandler
                0x0000000020001c80                RTC_Alarm_IRQHandler
                0x0000000020001c84                USBWakeUp_IRQHandler
                0x0000000020001c88                init

.glue_7         0x0000000020001cc4        0x0
 .glue_7        0x0000000020001cc4        0x0 linker stubs

.glue_7t        0x0000000020001cc4        0x0
 .glue_7t       0x0000000020001cc4        0x0 linker stubs

.vfp11_veneer   0x0000000020001cc4        0x0
 .vfp11_veneer  0x0000000020001cc4        0x0 linker stubs

.v4_bx          0x0000000020001cc4        0x0
 .v4_bx         0x0000000020001cc4        0x0 linker stubs

.iplt           0x0000000020001cc4        0x0
 .iplt          0x0000000020001cc4        0x0 bitfield.o

.text.startup   0x0000000020001cc4       0x34
 .text.startup  0x0000000020001cc4       0x34 main.o
                0x0000000020001cc4                main

.rel.dyn        0x0000000020001cf8        0x0
 .rel.iplt      0x0000000020001cf8        0x0 bitfield.o

.data           0x0000000020001cf8        0x0
                0x0000000020001cf8                . = ALIGN (0x4)
 *(.data)
 .data          0x0000000020001cf8        0x0 bitfield.o
 .data          0x0000000020001cf8        0x0 main.o
 .data          0x0000000020001cf8        0x0 stm32f103_ram_init.o
                0x0000000020001cf8                BSS_START = .

.igot.plt       0x0000000020001cf8        0x0
 .igot.plt      0x0000000020001cf8        0x0 bitfield.o

.bss            0x0000000020001cf8      0x398
                0x0000000020001cf8                . = ALIGN (0x4)
 *(.bss)
 .bss           0x0000000020001cf8        0x0 bitfield.o
 .bss           0x0000000020001cf8        0x0 main.o
 .bss           0x0000000020001cf8        0x0 stm32f103_ram_init.o
 COMMON         0x0000000020001cf8      0x398 main.o
                0x0000000020001cf8                finish
                0x0000000020001cfc                results
                0x000000002000208c                start
                0x0000000020002090                BSS_END = .
                0x0000000020002090                end = .
                0x0000000020005000                TOP_OF_STACK = (ORIGIN (RAM) + LENGTH (RAM))
OUTPUT(bitfield.elf elf32-littlearm)

.debug_info     0x0000000000000000     0x405d
 .debug_info    0x0000000000000000     0x35a3 bitfield.o
 .debug_info    0x00000000000035a3      0x2f2 main.o
 .debug_info    0x0000000000003895      0x7c8 stm32f103_ram_init.o

.debug_abbrev   0x0000000000000000      0x71c
 .debug_abbrev  0x0000000000000000      0x39d bitfield.o
 .debug_abbrev  0x000000000000039d      0x1df main.o
 .debug_abbrev  0x000000000000057c      0x1a0 stm32f103_ram_init.o

.debug_loc      0x0000000000000000      0x697
 .debug_loc     0x0000000000000000      0x520 bitfield.o
 .debug_loc     0x0000000000000520      0x13b main.o
 .debug_loc     0x000000000000065b       0x3c stm32f103_ram_init.o

.debug_aranges  0x0000000000000000       0x68
 .debug_aranges
                0x0000000000000000       0x20 bitfield.o
 .debug_aranges
                0x0000000000000020       0x28 main.o
 .debug_aranges
                0x0000000000000048       0x20 stm32f103_ram_init.o

.debug_macro    0x0000000000000000    0x1097f
 .debug_macro   0x0000000000000000       0x80 bitfield.o
 .debug_macro   0x0000000000000080      0xa7e bitfield.o
 .debug_macro   0x0000000000000afe       0x10 bitfield.o
 .debug_macro   0x0000000000000b0e       0x22 bitfield.o
 .debug_macro   0x0000000000000b30       0x8e bitfield.o
 .debug_macro   0x0000000000000bbe       0x51 bitfield.o
 .debug_macro   0x0000000000000c0f       0xef bitfield.o
 .debug_macro   0x0000000000000cfe       0x6a bitfield.o
 .debug_macro   0x0000000000000d68      0x1df bitfield.o
 .debug_macro   0x0000000000000f47      0x242 bitfield.o
 .debug_macro   0x0000000000001189       0xa9 main.o
 .debug_macro   0x0000000000001232      0x174 main.o
 .debug_macro   0x00000000000013a6       0x3a main.o
 .debug_macro   0x00000000000013e0       0x34 main.o
 .debug_macro   0x0000000000001414      0xb8e main.o
 .debug_macro   0x0000000000001fa2       0xb1 stm32f103_ram_init.o
 .debug_macro   0x0000000000002053       0x22 stm32f103_ram_init.o
 .debug_macro   0x0000000000002075     0xe90a stm32f103_ram_init.o

.debug_line     0x0000000000000000     0x2759
 .debug_line    0x0000000000000000     0x1b62 bitfield.o
 .debug_line    0x0000000000001b62      0x38a main.o
 .debug_line    0x0000000000001eec      0x86d stm32f103_ram_init.o

.debug_str      0x0000000000000000    0x57330
 .debug_str     0x0000000000000000     0x5197 bitfield.o
                                       0x5456 (size before relaxing)
 .debug_str     0x0000000000005197     0x457f main.o
                                       0x82cf (size before relaxing)
 .debug_str     0x0000000000009716    0x4dc1a stm32f103_ram_init.o
                                      0x55c64 (size before relaxing)

.comment        0x0000000000000000       0x75
 .comment       0x0000000000000000       0x75 bitfield.o
                                         0x76 (size before relaxing)
 .comment       0x0000000000000075       0x76 main.o
 .comment       0x0000000000000075       0x76 stm32f103_ram_init.o

.ARM.attributes
                0x0000000000000000       0x1b
 .ARM.attributes
                0x0000000000000000       0x1b bitfield.o
 .ARM.attributes
                0x000000000000001b       0x1b main.o
 .ARM.attributes
                0x0000000000000036       0x1b stm32f103_ram_init.o

.debug_frame    0x0000000000000000     0x10b8
 .debug_frame   0x0000000000000000      0xca0 bitfield.o
 .debug_frame   0x0000000000000ca0       0x58 main.o
 .debug_frame   0x0000000000000cf8      0x3c0 stm32f103_ram_init.o

.debug_ranges   0x0000000000000000       0x18
 .debug_ranges  0x0000000000000000       0x18 main.o
Memory region         Used Size  Region Size  %age Used
           FLASH:          0 GB        64 KB      0.00%
             RAM:        8336 B        20 KB     40.70%
