
Allocating common symbols
Common symbol       size              file

results             0x3a0             main.o

Discarded input sections

 .group         0x0000000000000000        0x8 raw.o
 .group         0x0000000000000000        0x8 raw.o
 .group         0x0000000000000000        0x8 raw.o
 .group         0x0000000000000000        0x8 raw.o
 .group         0x0000000000000000        0x8 raw.o
 .group         0x0000000000000000        0x8 raw.o
 .group         0x0000000000000000        0x8 raw.o
 .group         0x0000000000000000        0x8 raw.o
 .group         0x0000000000000000        0x8 raw.o
 .group         0x0000000000000000        0x8 main.o
 .group         0x0000000000000000        0x8 main.o
 .group         0x0000000000000000        0x8 main.o
 .group         0x0000000000000000        0x8 main.o
 .group         0x0000000000000000        0x8 main.o
 .group         0x0000000000000000        0x8 main.o
 .group         0x0000000000000000        0x8 main.o
 .group         0x0000000000000000        0x8 main.o
 .group         0x0000000000000000        0x8 main.o
 .group         0x0000000000000000        0x8 main.o
 .group         0x0000000000000000        0x8 main.o
 .debug_macro   0x0000000000000000      0xa7e main.o
 .debug_macro   0x0000000000000000       0x22 main.o
 .debug_macro   0x0000000000000000       0x8e main.o
 .debug_macro   0x0000000000000000       0x51 main.o
 .debug_macro   0x0000000000000000       0xef main.o
 .debug_macro   0x0000000000000000       0x6a main.o
 .debug_macro   0x0000000000000000      0x1df main.o
 .group         0x0000000000000000        0x8 stm32f103_ram_init.o
 .group         0x0000000000000000        0x8 stm32f103_ram_init.o
 .group         0x0000000000000000        0x8 stm32f103_ram_init.o
 .group         0x0000000000000000        0x8 stm32f103_ram_init.o
 .group         0x0000000000000000        0x8 stm32f103_ram_init.o
 .group         0x0000000000000000        0x8 stm32f103_ram_init.o
 .group         0x0000000000000000        0x8 stm32f103_ram_init.o
 .group         0x0000000000000000        0x8 stm32f103_ram_init.o
 .group         0x0000000000000000        0x8 stm32f103_ram_init.o
 .group         0x0000000000000000        0x8 stm32f103_ram_init.o
 .group         0x0000000000000000        0x8 stm32f103_ram_init.o
 .group         0x0000000000000000        0x8 stm32f103_ram_init.o
 .debug_macro   0x0000000000000000      0xa7e stm32f103_ram_init.o
 .debug_macro   0x0000000000000000       0x22 stm32f103_ram_init.o
 .debug_macro   0x0000000000000000       0x8e stm32f103_ram_init.o
 .debug_macro   0x0000000000000000       0x51 stm32f103_ram_init.o
 .debug_macro   0x0000000000000000       0xef stm32f103_ram_init.o
 .debug_macro   0x0000000000000000       0x6a stm32f103_ram_init.o
 .debug_macro   0x0000000000000000      0x1df stm32f103_ram_init.o
 .debug_macro   0x0000000000000000       0x3a stm32f103_ram_init.o
 .debug_macro   0x0000000000000000       0x34 stm32f103_ram_init.o
 .debug_macro   0x0000000000000000      0xb8e stm32f103_ram_init.o

Memory Configuration

Name             Origin             Length             Attributes
FLASH            0x0000000008000000 0x0000000000010000 xr
RAM              0x0000000020000000 0x0000000000005000 xrw
*default*        0x0000000000000000 0xffffffffffffffff

Linker script and memory map

LOAD raw.o
LOAD main.o
LOAD stm32f103_ram_init.o
                0x0000000020000000                . = ORIGIN (RAM)

.text           0x0000000020000000     0x1244
 *(.vectors)
 .vectors       0x0000000020000000       0xec stm32f103_ram_init.o
                0x0000000020000000                INTERRUPT_VECTORS
 *(.text)
 .text          0x00000000200000ec     0x100c raw.o
                0x00000000200000ec                zero_reg
                0x00000000200000f8                zero_array
                0x0000000020000104                set_singl_bits_operator
                0x0000000020000114                set_singl_bits_method
                0x0000000020000124                clr_singl_bits_operator
                0x0000000020000134                clr_singl_bits_method
                0x0000000020000144                set_singl_mskd_operator
                0x0000000020000154                set_singl_mskd_method
                0x0000000020000164                clr_singl_mskd_operator
                0x0000000020000174                clr_singl_mskd_method
                0x0000000020000184                equ_singl_bits_operator
                0x0000000020000190                equ_singl_bits_method
                0x000000002000019c                equ_singl_mskd_operator
                0x00000000200001a8                equ_singl_mskd_method
                0x00000000200001b4                flp_singl_bits_operator
                0x00000000200001c4                flp_singl_bits_method
                0x00000000200001d4                flp_singl_mskd_operator
                0x00000000200001e4                flp_singl_mskd_method
                0x00000000200001f4                ins_singl_mskd_operator
                0x0000000020000208                ins_singl_mskd_method
                0x000000002000021c                set_multi_bits_operator
                0x000000002000022c                set_multi_bits_method
                0x000000002000023c                ins_multi_mskd_operator
                0x0000000020000254                ins_multi_mskd_method
                0x000000002000026c                equ_multi_bits_operator
                0x0000000020000278                equ_multi_bits_method
                0x0000000020000284                equ_multi_mskd_operator
                0x0000000020000294                equ_multi_mskd_method
                0x00000000200002a4                equ_bits_mskd_operator
                0x00000000200002b0                equ_bits_mskd_method
                0x00000000200002bc                equ_mskd_bits_operator
                0x00000000200002c8                equ_mskd_bits_method
                0x00000000200002d4                equ_bits_var
                0x00000000200002e4                equ_mskd_var
                0x00000000200002f8                cmp_equ_zero
                0x0000000020000320                cmp_neq_zero
                0x0000000020000340                cmp_equ_bits
                0x0000000020000364                cmp_neq_bits
                0x0000000020000380                cmp_equ_multi_bits
                0x00000000200003a4                cmp_neq_multi_bits
                0x00000000200003c8                cmp_equ_mskd
                0x00000000200003f8                cmp_neq_mskd
                0x0000000020000424                cmp_equ_reg
                0x0000000020000448                cmp_neq_reg
                0x0000000020000464                bits_val
                0x0000000020000474                call_bits_val_const
                0x0000000020000480                call_bits_val_var
                0x000000002000048c                constexpr_bits_array
                0x00000000200004a0                runtime_bits_array
                0x00000000200004cc                bits_ref
                0x00000000200004dc                call_bits_ref_const
                0x00000000200004f0                call_bits_ref_var
                0x0000000020000504                mskd_val
                0x0000000020000518                call_mskd_val_const
                0x000000002000052e                call_mskd_val_var
                0x0000000020000544                mskd_ref
                0x000000002000055c                call_mskd_ref_const
                0x0000000020000578                call_mskd_ref_var
                0x0000000020000598                periph_bits
                0x00000000200005a2                call_periph_bits
                0x00000000200005b4                periph_bits_val
                0x00000000200005bc                call_periph_bits_val
                0x00000000200005d0                reg_bits_val
                0x00000000200005d8                call_reg_bits_val
                0x00000000200005ec                periph_bits_ref
                0x00000000200005f6                call_periph_bits_ref
                0x0000000020000610                reg_bits_ref
                0x000000002000061a                call_reg_bits_ref
                0x0000000020000634                periph_mskd
                0x0000000020000642                call_periph_mskd
                0x0000000020000654                periph_mskd_val
                0x0000000020000660                call_periph_mskd_val
                0x0000000020000674                reg_mskd_val
                0x0000000020000680                call_reg_mskd_val
                0x0000000020000694                periph_mskd_ref
                0x00000000200006a4                call_periph_mskd_ref
                0x00000000200006cc                reg_mskd_ref
                0x00000000200006dc                call_reg_mskd_ref
                0x0000000020000704                return_bits
                0x0000000020000708                call_return_bits
                0x0000000020000728                return_mskd
                0x0000000020000732                call_return_mskd
                0x0000000020000768                return_reg
                0x0000000020000774                call_return_reg
                0x0000000020000794                return_periph
                0x00000000200007a8                call_return_periph
                0x00000000200007c8                pos_val
                0x00000000200007e8                call_pos_val
                0x00000000200007fa                pos_ref
                0x000000002000081c                call_pos_ref
                0x000000002000083c                runtime_range_val
                0x0000000020000850                call_range_val
                0x0000000020000864                call_range_val_port
                0x0000000020000870                runtime_range_ref
                0x0000000020000888                call_range_ref
                0x00000000200008a4                call_range_ref_port
                0x00000000200008b0                check_array_range_pass
                0x00000000200008c4                check_array_range_fail
                0x00000000200008d8                check_bits_range_pass
                0x00000000200008ec                check_bits_range_fail
                0x0000000020000900                check_mskd_range_pass
                0x0000000020000914                check_mskd_range_fail
                0x0000000020000928                prescaler_low
                0x0000000020000944                prescaler_high
                0x0000000020000960                reg_mskd_lss
                0x0000000020000988                reg_mskd_leq
                0x00000000200009c0                reg_mskd_gtr
                0x00000000200009e8                reg_mskd_geq
                0x0000000020000a20                pos_cmp_eq
                0x0000000020000a2c                pos_cmp_ne
                0x0000000020000a38                bits_extract_eq
                0x0000000020000a54                bits_extract_ne
                0x0000000020000a70                mskd_extract_eq
                0x0000000020000a90                mskd_extract_ne
                0x0000000020000ab0                mskd_extract_lss
                0x0000000020000ad8                mskd_extract_leq
                0x0000000020000afc                mskd_extract_gtr
                0x0000000020000b24                mskd_extract_geq
                0x0000000020000b48                set_bits_global
                0x0000000020000b58                ins_mskd_global
                0x0000000020000b6c                assign_array_global
                0x0000000020000b78                shifted_global
                0x0000000020000b94                assign_register_global
                0x0000000020000ba0                call_pos_val_global
                0x0000000020000bac                call_pos_ref_global
                0x0000000020000bc4                call_bits_val_global
                0x0000000020000bd0                call_bits_ref_global
                0x0000000020000be4                call_mskd_val_global
                0x0000000020000bf2                call_mskd_ref_global
                0x0000000020000c14                shifted_val
                0x0000000020000c30                call_shifted_const_val
                0x0000000020000c40                call_shifted_var_val
                0x0000000020000c50                call_shifted_global_val
                0x0000000020000c60                shifted_ref
                0x0000000020000c80                call_shifted_const_ref
                0x0000000020000ca0                call_shifted_var_ref
                0x0000000020000cc0                call_shifted_global_ref
                0x0000000020000ce0                copy_bits_equ
                0x0000000020000cfc                copy_bits_neq
                0x0000000020000d18                copy_mskd_equ
                0x0000000020000d3c                copy_mskd_neq
                0x0000000020000d60                copy_mskd_lss
                0x0000000020000d88                copy_mskd_leq
                0x0000000020000dac                copy_mskd_gtr
                0x0000000020000dd4                copy_mskd_geq
                0x0000000020000df8                copy_shifted
                0x0000000020000e1c                copy_bits_val
                0x0000000020000e30                call_copy_bits_val
                0x0000000020000e48                copy_bits_ref
                0x0000000020000e60                call_copy_bits_ref
                0x0000000020000e80                run
 .text          0x00000000200010f8       0x9c main.o
                0x00000000200010f8                memset
                0x0000000020001116                do_test
                0x0000000020001188                main
 .text          0x0000000020001194       0xb0 stm32f103_ram_init.o
                0x0000000020001194                NMI_Handler
                0x0000000020001196                HardFault_Handler
                0x0000000020001198                MemManage_Handler
                0x000000002000119a                BusFault_Handler
                0x000000002000119c                UsageFault_Handler
                0x000000002000119e                Reserved1_Handler
                0x00000000200011a0                Reserved2_Handler
                0x00000000200011a2                Reserved3_Handler
                0x00000000200011a4                Reserved4_Handler
                0x00000000200011a6                SVCall_Handler
                0x00000000200011a8                Debug_Handler
                0x00000000200011aa                Reserved5_Handler
                0x00000000200011ac                PendSV_Handler
                0x00000000200011ae                SysTick_Handler
                0x00000000200011b0                WWDG_IRQHandler
                0x00000000200011b2                PVD_IRQHandler
                0x00000000200011b4                TAMPER_IRQHandler
                0x00000000200011b6                RTC_IRQHandler
                0x00000000200011b8                FLASH_IRQHandler
                0x00000000200011ba                RCC_IRQHandler
                0x00000000200011bc                EXTI0_IRQHandler
                0x00000000200011be                EXTI1_IRQHandler
                0x00000000200011c0                EXTI2_IRQHandler
                0x00000000200011c2                EXTI3_IRQHandler
                0x00000000200011c4                EXTI4_IRQHandler
                0x00000000200011c6                DMA1_Channel1_IRQHandler
                0x00000000200011c8                DMA1_Channel2_IRQHandler
                0x00000000200011ca                DMA1_Channel3_IRQHandler
                0x00000000200011cc                DMA1_Channel4_IRQHandler
                0x00000000200011ce                DMA1_Channel5_IRQHandler
                0x00000000200011d0                DMA1_Channel6_IRQHandler
                0x00000000200011d2                DMA1_Channel7_IRQHandler
                0x00000000200011d4                ADC1_2_IRQHandler
                0x00000000200011d6                USB_HP_CAN1_TX_IRQHandle
                0x00000000200011d8                USB_LP_CAN1_RX0_IRQHandler
                0x00000000200011da                CAN1_RX1_IRQHandler
                0x00000000200011dc                CAN1_SCE_IRQHandler
                0x00000000200011de                EXTI9_5_IRQHandler
                0x00000000200011e0                TIM1_BRK_IRQHandler
                0x00000000200011e2                TIM1_UP_IRQHandler
                0x00000000200011e4                TIM1_TRG_COM_IRQHandler
                0x00000000200011e6                TIM1_CC_IRQHandler
                0x00000000200011e8                TIM2_IRQHandler
                0x00000000200011ea                TIM3_IRQHandler
                0x00000000200011ec                TIM4_IRQHandler
                0x00000000200011ee                I2C1_EV_IRQHandler
                0x00000000200011f0                I2C1_ER_IRQHandler
                0x00000000200011f2                I2C2_EV_IRQHandler
                0x00000000200011f4                I2C2_ER_IRQHandler
                0x00000000200011f6                SPI1_IRQHandler
                0x00000000200011f8                SPI2_IRQHandler
                0x00000000200011fa                USART1_IRQHandler
                0x00000000200011fc                USART2_IRQHandler
                0x00000000200011fe                USART3_IRQHandler
                0x0000000020001200                EXTI15_10_IRQHandler
                0x0000000020001202                RTC_Alarm_IRQHandler
                0x0000000020001204                USBWakeUp_IRQHandler
                0x0000000020001206                init

.glue_7         0x0000000020001244        0x0
 .glue_7        0x0000000020001244        0x0 linker stubs

.glue_7t        0x0000000020001244        0x0
 .glue_7t       0x0000000020001244        0x0 linker stubs

.vfp11_veneer   0x0000000020001244        0x0
 .vfp11_veneer  0x0000000020001244        0x0 linker stubs

.v4_bx          0x0000000020001244        0x0
 .v4_bx         0x0000000020001244        0x0 linker stubs

.iplt           0x0000000020001244        0x0
 .iplt          0x0000000020001244        0x0 raw.o

.rodata         0x0000000020001244       0x18
 .rodata        0x0000000020001244       0x18 raw.o

.rel.dyn        0x000000002000125c        0x0
 .rel.iplt      0x000000002000125c        0x0 raw.o

.data           0x000000002000125c        0x0
                0x000000002000125c                . = ALIGN (0x4)
 *(.data)
 .data          0x000000002000125c        0x0 raw.o
 .data          0x000000002000125c        0x0 main.o
 .data          0x000000002000125c        0x0 stm32f103_ram_init.o
                0x000000002000125c                BSS_START = .

.igot.plt       0x000000002000125c        0x0
 .igot.plt      0x000000002000125c        0x0 raw.o

.bss            0x000000002000125c      0x3a4
                0x000000002000125c                . = ALIGN (0x4)
 *(.bss)
 .bss           0x000000002000125c        0x0 raw.o
 .bss           0x000000002000125c        0x4 main.o
                0x000000002000125c                elapsed_time
 .bss           0x0000000020001260        0x0 stm32f103_ram_init.o
 COMMON         0x0000000020001260      0x3a0 main.o
                0x0000000020001260                results
                0x0000000020001600                BSS_END = .
                0x0000000020001600                end = .
                0x0000000020005000                TOP_OF_STACK = (ORIGIN (RAM) + LENGTH (RAM))
OUTPUT(raw.elf elf32-littlearm)

.debug_info     0x0000000000000000     0x299d
 .debug_info    0x0000000000000000     0x1efb raw.o
 .debug_info    0x0000000000001efb      0x2f8 main.o
 .debug_info    0x00000000000021f3      0x7aa stm32f103_ram_init.o

.debug_abbrev   0x0000000000000000      0x55a
 .debug_abbrev  0x0000000000000000      0x211 raw.o
 .debug_abbrev  0x0000000000000211      0x1d3 main.o
 .debug_abbrev  0x00000000000003e4      0x176 stm32f103_ram_init.o

.debug_loc      0x0000000000000000      0x517
 .debug_loc     0x0000000000000000      0x376 raw.o
 .debug_loc     0x0000000000000376      0x18c main.o
 .debug_loc     0x0000000000000502       0x15 stm32f103_ram_init.o

.debug_aranges  0x0000000000000000       0x60
 .debug_aranges
                0x0000000000000000       0x20 raw.o
 .debug_aranges
                0x0000000000000020       0x20 main.o
 .debug_aranges
                0x0000000000000040       0x20 stm32f103_ram_init.o

.debug_macro    0x0000000000000000    0x10e4d
 .debug_macro   0x0000000000000000       0x80 raw.o
 .debug_macro   0x0000000000000080      0xa7e raw.o
 .debug_macro   0x0000000000000afe       0x10 raw.o
 .debug_macro   0x0000000000000b0e       0x22 raw.o
 .debug_macro   0x0000000000000b30       0x8e raw.o
 .debug_macro   0x0000000000000bbe       0x51 raw.o
 .debug_macro   0x0000000000000c0f       0xef raw.o
 .debug_macro   0x0000000000000cfe       0x6a raw.o
 .debug_macro   0x0000000000000d68      0x1df raw.o
 .debug_macro   0x0000000000000f47      0x710 raw.o
 .debug_macro   0x0000000000001657       0xa9 main.o
 .debug_macro   0x0000000000001700      0x174 main.o
 .debug_macro   0x0000000000001874       0x3a main.o
 .debug_macro   0x00000000000018ae       0x34 main.o
 .debug_macro   0x00000000000018e2      0xb8e main.o
 .debug_macro   0x0000000000002470       0xb1 stm32f103_ram_init.o
 .debug_macro   0x0000000000002521       0x22 stm32f103_ram_init.o
 .debug_macro   0x0000000000002543     0xe90a stm32f103_ram_init.o

.debug_line     0x0000000000000000     0x1c54
 .debug_line    0x0000000000000000     0x1065 raw.o
 .debug_line    0x0000000000001065      0x39a main.o
 .debug_line    0x00000000000013ff      0x855 stm32f103_ram_init.o

.debug_str      0x0000000000000000    0x58b85
 .debug_str     0x0000000000000000     0x69e9 raw.o
                                       0x6c8b (size before relaxing)
 .debug_str     0x00000000000069e9     0x4593 main.o
                                       0x82dc (size before relaxing)
 .debug_str     0x000000000000af7c    0x4dc09 stm32f103_ram_init.o
                                      0x55c4c (size before relaxing)

.comment        0x0000000000000000       0x75
 .comment       0x0000000000000000       0x75 raw.o
                                         0x76 (size before relaxing)
 .comment       0x0000000000000075       0x76 main.o
 .comment       0x0000000000000075       0x76 stm32f103_ram_init.o

.ARM.attributes
                0x0000000000000000       0x1b
 .ARM.attributes
                0x0000000000000000       0x1b raw.o
 .ARM.attributes
                0x000000000000001b       0x1b main.o
 .ARM.attributes
                0x0000000000000036       0x1b stm32f103_ram_init.o

.debug_frame    0x0000000000000000      0xf58
 .debug_frame   0x0000000000000000      0xb30 raw.o
 .debug_frame   0x0000000000000b30       0x68 main.o
 .debug_frame   0x0000000000000b98      0x3c0 stm32f103_ram_init.o
Memory region         Used Size  Region Size  %age Used
           FLASH:          0 GB        64 KB      0.00%
             RAM:        5632 B        20 KB     27.50%
