
Allocating common symbols
Common symbol       size              file

finish              0x4               main.o
results             0x390             main.o
start               0x4               main.o

Discarded input sections

 .group         0x0000000000000000        0x8 raw.o
 .group         0x0000000000000000        0x8 raw.o
 .group         0x0000000000000000        0x8 raw.o
 .group         0x0000000000000000        0x8 raw.o
 .group         0x0000000000000000        0x8 raw.o
 .group         0x0000000000000000        0x8 raw.o
 .group         0x0000000000000000        0x8 raw.o
 .group         0x0000000000000000        0x8 raw.o
 .group         0x0000000000000000        0x8 raw.o
 .group         0x0000000000000000        0x8 main.o
 .group         0x0000000000000000        0x8 main.o
 .group         0x0000000000000000        0x8 main.o
 .group         0x0000000000000000        0x8 main.o
 .group         0x0000000000000000        0x8 main.o
 .group         0x0000000000000000        0x8 main.o
 .group         0x0000000000000000        0x8 main.o
 .group         0x0000000000000000        0x8 main.o
 .group         0x0000000000000000        0x8 main.o
 .group         0x0000000000000000        0x8 main.o
 .group         0x0000000000000000        0x8 main.o
 .debug_macro   0x0000000000000000      0xa7e main.o
 .debug_macro   0x0000000000000000       0x22 main.o
 .debug_macro   0x0000000000000000       0x8e main.o
 .debug_macro   0x0000000000000000       0x51 main.o
 .debug_macro   0x0000000000000000       0xef main.o
 .debug_macro   0x0000000000000000       0x6a main.o
 .debug_macro   0x0000000000000000      0x1df main.o
 .group         0x0000000000000000        0x8 stm32f103_ram_init.o
 .group         0x0000000000000000        0x8 stm32f103_ram_init.o
 .group         0x0000000000000000        0x8 stm32f103_ram_init.o
 .group         0x0000000000000000        0x8 stm32f103_ram_init.o
 .group         0x0000000000000000        0x8 stm32f103_ram_init.o
 .group         0x0000000000000000        0x8 stm32f103_ram_init.o
 .group         0x0000000000000000        0x8 stm32f103_ram_init.o
 .group         0x0000000000000000        0x8 stm32f103_ram_init.o
 .group         0x0000000000000000        0x8 stm32f103_ram_init.o
 .group         0x0000000000000000        0x8 stm32f103_ram_init.o
 .group         0x0000000000000000        0x8 stm32f103_ram_init.o
 .group         0x0000000000000000        0x8 stm32f103_ram_init.o
 .debug_macro   0x0000000000000000      0xa7e stm32f103_ram_init.o
 .debug_macro   0x0000000000000000       0x22 stm32f103_ram_init.o
 .debug_macro   0x0000000000000000       0x8e stm32f103_ram_init.o
 .debug_macro   0x0000000000000000       0x51 stm32f103_ram_init.o
 .debug_macro   0x0000000000000000       0xef stm32f103_ram_init.o
 .debug_macro   0x0000000000000000       0x6a stm32f103_ram_init.o
 .debug_macro   0x0000000000000000      0x1df stm32f103_ram_init.o
 .debug_macro   0x0000000000000000       0x3a stm32f103_ram_init.o
 .debug_macro   0x0000000000000000       0x34 stm32f103_ram_init.o
 .debug_macro   0x0000000000000000      0xb8e stm32f103_ram_init.o

Memory Configuration

Name             Origin             Length             Attributes
FLASH            0x0000000008000000 0x0000000000010000 xr
RAM              0x0000000020000000 0x0000000000005000 xrw
*default*        0x0000000000000000 0xffffffffffffffff

Linker script and memory map

LOAD raw.o
LOAD main.o
LOAD stm32f103_ram_init.o
                0x0000000020000000                . = ORIGIN (RAM)

.text           0x0000000020000000     0x15d8
 *(.vectors)
 .vectors       0x0000000020000000       0xec stm32f103_ram_init.o
                0x0000000020000000                INTERRUPT_VECTORS
 *(.text)
 .text          0x00000000200000ec     0x1388 raw.o
                0x00000000200000ec                zero_reg
                0x00000000200000f8                zero_array
                0x0000000020000104                set_singl_bits_operator
                0x0000000020000114                set_singl_bits_method
                0x0000000020000124                clr_singl_bits_operator
                0x0000000020000134                clr_singl_bits_method
                0x0000000020000144                set_singl_mskd_operator
                0x0000000020000154                set_singl_mskd_method
                0x0000000020000164                clr_singl_mskd_operator
                0x0000000020000174                clr_singl_mskd_method
                0x0000000020000184                equ_singl_bits_operator
                0x0000000020000190                equ_singl_bits_method
                0x000000002000019c                equ_singl_mskd_operator
                0x00000000200001a8                equ_singl_mskd_method
                0x00000000200001b4                flp_singl_bits_operator
                0x00000000200001c4                flp_singl_bits_method
                0x00000000200001d4                flp_singl_mskd_operator
                0x00000000200001e4                flp_singl_mskd_method
                0x00000000200001f4                ins_singl_mskd_operator
                0x0000000020000208                ins_singl_mskd_method
                0x000000002000021c                set_multi_bits_operator
                0x000000002000022c                set_multi_bits_method
                0x000000002000023c                ins_multi_mskd_operator
                0x0000000020000254                ins_multi_mskd_method
                0x000000002000026c                equ_multi_bits_operator
                0x0000000020000278                equ_multi_bits_method
                0x0000000020000284                equ_multi_mskd_operator
                0x0000000020000294                equ_multi_mskd_method
                0x00000000200002a4                equ_bits_mskd_operator
                0x00000000200002b0                equ_bits_mskd_method
                0x00000000200002bc                equ_mskd_bits_operator
                0x00000000200002c8                equ_mskd_bits_method
                0x00000000200002d4                equ_bits_var
                0x00000000200002e4                equ_mskd_var
                0x00000000200002f8                cmp_equ_zero
                0x0000000020000320                cmp_neq_zero
                0x000000002000033c                cmp_equ_bits
                0x0000000020000360                cmp_neq_bits
                0x0000000020000378                cmp_equ_mskd
                0x00000000200003a8                cmp_neq_mskd
                0x00000000200003d4                cmp_equ_reg
                0x00000000200003f8                cmp_neq_reg
                0x0000000020000410                constexpr_bits_array
                0x0000000020000428                runtime_bits_array
                0x0000000020000458                prescaler_low
                0x0000000020000474                prescaler_high
                0x0000000020000490                reg_mskd_lss
                0x00000000200004b8                reg_mskd_leq
                0x00000000200004f0                reg_mskd_gtr
                0x0000000020000518                reg_mskd_geq
                0x0000000020000550                pos_cmp_eq
                0x000000002000055c                pos_cmp_ne
                0x0000000020000568                bits_extract_eq
                0x0000000020000580                mskd_extract_eq
                0x000000002000059c                mskd_extract_ne
                0x00000000200005b8                mskd_extract_lss
                0x00000000200005e0                mskd_extract_leq
                0x0000000020000604                mskd_extract_gtr
                0x000000002000062c                set_bits_global
                0x000000002000063c                ins_mskd_global
                0x0000000020000650                assign_array_global
                0x000000002000065c                shifted_global
                0x0000000020000678                assign_register_global
                0x0000000020000684                copy_bits_equ
                0x000000002000069c                copy_bits_neq
                0x00000000200006b4                copy_mskd_equ
                0x00000000200006d8                copy_mskd_neq
                0x00000000200006fc                copy_mskd_lss
                0x0000000020000724                copy_mskd_leq
                0x0000000020000748                copy_mskd_gtr
                0x0000000020000770                copy_mskd_geq
                0x0000000020000794                copy_shifted
                0x00000000200007d4                call_range_val_port
                0x00000000200007f0                call_pos_ref_global
                0x0000000020000820                call_pos_val
                0x000000002000082c                call_pos_val_global
                0x0000000020000844                call_mskd_val_const
                0x0000000020000850                call_mskd_val_var
                0x000000002000085c                call_mskd_val_global
                0x0000000020000870                call_bits_val_const
                0x0000000020000874                call_bits_val_var
                0x0000000020000878                call_bits_val_global
                0x000000002000087c                bits_val
                0x000000002000088c                bits_ref
                0x000000002000089c                call_bits_ref_const
                0x00000000200008b0                call_bits_ref_var
                0x00000000200008c4                call_bits_ref_global
                0x00000000200008d8                mskd_val
                0x00000000200008ec                mskd_ref
                0x0000000020000908                call_mskd_ref_const
                0x0000000020000924                call_mskd_ref_var
                0x0000000020000944                call_mskd_ref_global
                0x0000000020000964                periph_bits
                0x0000000020000970                call_periph_bits
                0x000000002000097c                periph_bits_val
                0x0000000020000984                call_periph_bits_val
                0x0000000020000990                reg_bits_val
                0x0000000020000998                call_reg_bits_val
                0x00000000200009a4                periph_bits_ref
                0x00000000200009b0                call_periph_bits_ref
                0x00000000200009cc                reg_bits_ref
                0x00000000200009d8                call_reg_bits_ref
                0x00000000200009f4                periph_mskd
                0x0000000020000a04                call_periph_mskd
                0x0000000020000a10                periph_mskd_val
                0x0000000020000a1c                call_periph_mskd_val
                0x0000000020000a2c                reg_mskd_val
                0x0000000020000a38                call_reg_mskd_val
                0x0000000020000a48                periph_mskd_ref
                0x0000000020000a5c                call_periph_mskd_ref
                0x0000000020000a84                reg_mskd_ref
                0x0000000020000a98                call_reg_mskd_ref
                0x0000000020000ac0                return_bits
                0x0000000020000ac4                call_return_bits
                0x0000000020000ae4                return_mskd
                0x0000000020000af0                call_return_mskd
                0x0000000020000b28                return_reg
                0x0000000020000b34                call_return_reg
                0x0000000020000b54                return_periph
                0x0000000020000b68                call_return_periph
                0x0000000020000b88                pos_val
                0x0000000020000ba8                pos_ref
                0x0000000020000bc8                call_pos_ref
                0x0000000020000be8                runtime_range_val
                0x0000000020000bfc                call_range_val
                0x0000000020000c04                runtime_range_ref
                0x0000000020000c20                call_range_ref
                0x0000000020000c40                call_range_ref_port
                0x0000000020000c48                check_array_range_pass
                0x0000000020000c5c                check_array_range_fail
                0x0000000020000c70                check_bits_range_pass
                0x0000000020000c84                check_bits_range_fail
                0x0000000020000c98                check_mskd_range_pass
                0x0000000020000cac                check_mskd_range_fail
                0x0000000020000cc0                bits_extract_ne
                0x0000000020000cd8                mskd_extract_geq
                0x0000000020000cfc                shifted_val
                0x0000000020000d1c                call_shifted_const_val
                0x0000000020000d28                call_shifted_var_val
                0x0000000020000d34                call_shifted_global_val
                0x0000000020000d40                shifted_ref
                0x0000000020000d64                call_shifted_const_ref
                0x0000000020000d84                call_shifted_var_ref
                0x0000000020000da4                call_shifted_global_ref
                0x0000000020000dc4                copy_bits_val
                0x0000000020000dd8                call_copy_bits_val
                0x0000000020000de8                copy_bits_ref
                0x0000000020000dfc                call_copy_bits_ref
                0x0000000020000e1c                run
 .text          0x0000000020001474       0x44 main.o
                0x0000000020001474                memset
                0x0000000020001488                do_test
 .text          0x00000000200014b8      0x120 stm32f103_ram_init.o
                0x00000000200014b8                NMI_Handler
                0x00000000200014bc                HardFault_Handler
                0x00000000200014c0                MemManage_Handler
                0x00000000200014c4                BusFault_Handler
                0x00000000200014c8                UsageFault_Handler
                0x00000000200014cc                Reserved1_Handler
                0x00000000200014d0                Reserved2_Handler
                0x00000000200014d4                Reserved3_Handler
                0x00000000200014d8                Reserved4_Handler
                0x00000000200014dc                SVCall_Handler
                0x00000000200014e0                Debug_Handler
                0x00000000200014e4                Reserved5_Handler
                0x00000000200014e8                PendSV_Handler
                0x00000000200014ec                SysTick_Handler
                0x00000000200014f0                WWDG_IRQHandler
                0x00000000200014f4                PVD_IRQHandler
                0x00000000200014f8                TAMPER_IRQHandler
                0x00000000200014fc                RTC_IRQHandler
                0x0000000020001500                FLASH_IRQHandler
                0x0000000020001504                RCC_IRQHandler
                0x0000000020001508                EXTI0_IRQHandler
                0x000000002000150c                EXTI1_IRQHandler
                0x0000000020001510                EXTI2_IRQHandler
                0x0000000020001514                EXTI3_IRQHandler
                0x0000000020001518                EXTI4_IRQHandler
                0x000000002000151c                DMA1_Channel1_IRQHandler
                0x0000000020001520                DMA1_Channel2_IRQHandler
                0x0000000020001524                DMA1_Channel3_IRQHandler
                0x0000000020001528                DMA1_Channel4_IRQHandler
                0x000000002000152c                DMA1_Channel5_IRQHandler
                0x0000000020001530                DMA1_Channel6_IRQHandler
                0x0000000020001534                DMA1_Channel7_IRQHandler
                0x0000000020001538                ADC1_2_IRQHandler
                0x000000002000153c                USB_HP_CAN1_TX_IRQHandle
                0x0000000020001540                USB_LP_CAN1_RX0_IRQHandler
                0x0000000020001544                CAN1_RX1_IRQHandler
                0x0000000020001548                CAN1_SCE_IRQHandler
                0x000000002000154c                EXTI9_5_IRQHandler
                0x0000000020001550                TIM1_BRK_IRQHandler
                0x0000000020001554                TIM1_UP_IRQHandler
                0x0000000020001558                TIM1_TRG_COM_IRQHandler
                0x000000002000155c                TIM1_CC_IRQHandler
                0x0000000020001560                TIM2_IRQHandler
                0x0000000020001564                TIM3_IRQHandler
                0x0000000020001568                TIM4_IRQHandler
                0x000000002000156c                I2C1_EV_IRQHandler
                0x0000000020001570                I2C1_ER_IRQHandler
                0x0000000020001574                I2C2_EV_IRQHandler
                0x0000000020001578                I2C2_ER_IRQHandler
                0x000000002000157c                SPI1_IRQHandler
                0x0000000020001580                SPI2_IRQHandler
                0x0000000020001584                USART1_IRQHandler
                0x0000000020001588                USART2_IRQHandler
                0x000000002000158c                USART3_IRQHandler
                0x0000000020001590                EXTI15_10_IRQHandler
                0x0000000020001594                RTC_Alarm_IRQHandler
                0x0000000020001598                USBWakeUp_IRQHandler
                0x000000002000159c                init

.glue_7         0x00000000200015d8        0x0
 .glue_7        0x00000000200015d8        0x0 linker stubs

.glue_7t        0x00000000200015d8        0x0
 .glue_7t       0x00000000200015d8        0x0 linker stubs

.vfp11_veneer   0x00000000200015d8        0x0
 .vfp11_veneer  0x00000000200015d8        0x0 linker stubs

.v4_bx          0x00000000200015d8        0x0
 .v4_bx         0x00000000200015d8        0x0 linker stubs

.iplt           0x00000000200015d8        0x0
 .iplt          0x00000000200015d8        0x0 raw.o

.text.startup   0x00000000200015d8       0x34
 .text.startup  0x00000000200015d8       0x34 main.o
                0x00000000200015d8                main

.rodata         0x000000002000160c       0x18
 .rodata        0x000000002000160c       0x18 raw.o

.rel.dyn        0x0000000020001624        0x0
 .rel.iplt      0x0000000020001624        0x0 raw.o

.data           0x0000000020001624        0x0
                0x0000000020001624                . = ALIGN (0x4)
 *(.data)
 .data          0x0000000020001624        0x0 raw.o
 .data          0x0000000020001624        0x0 main.o
 .data          0x0000000020001624        0x0 stm32f103_ram_init.o
                0x0000000020001624                BSS_START = .

.igot.plt       0x0000000020001624        0x0
 .igot.plt      0x0000000020001624        0x0 raw.o

.bss            0x0000000020001624      0x398
                0x0000000020001624                . = ALIGN (0x4)
 *(.bss)
 .bss           0x0000000020001624        0x0 raw.o
 .bss           0x0000000020001624        0x0 main.o
 .bss           0x0000000020001624        0x0 stm32f103_ram_init.o
 COMMON         0x0000000020001624      0x398 main.o
                0x0000000020001624                finish
                0x0000000020001628                results
                0x00000000200019b8                start
                0x00000000200019bc                BSS_END = .
                0x00000000200019bc                end = .
                0x0000000020005000                TOP_OF_STACK = (ORIGIN (RAM) + LENGTH (RAM))
OUTPUT(raw.elf elf32-littlearm)

.debug_info     0x0000000000000000     0x33f5
 .debug_info    0x0000000000000000     0x293b raw.o
 .debug_info    0x000000000000293b      0x2f2 main.o
 .debug_info    0x0000000000002c2d      0x7c8 stm32f103_ram_init.o

.debug_abbrev   0x0000000000000000      0x607
 .debug_abbrev  0x0000000000000000      0x288 raw.o
 .debug_abbrev  0x0000000000000288      0x1df main.o
 .debug_abbrev  0x0000000000000467      0x1a0 stm32f103_ram_init.o

.debug_loc      0x0000000000000000      0x512
 .debug_loc     0x0000000000000000      0x39b raw.o
 .debug_loc     0x000000000000039b      0x13b main.o
 .debug_loc     0x00000000000004d6       0x3c stm32f103_ram_init.o

.debug_aranges  0x0000000000000000       0x68
 .debug_aranges
                0x0000000000000000       0x20 raw.o
 .debug_aranges
                0x0000000000000020       0x28 main.o
 .debug_aranges
                0x0000000000000048       0x20 stm32f103_ram_init.o

.debug_macro    0x0000000000000000    0x10e4d
 .debug_macro   0x0000000000000000       0x80 raw.o
 .debug_macro   0x0000000000000080      0xa7e raw.o
 .debug_macro   0x0000000000000afe       0x10 raw.o
 .debug_macro   0x0000000000000b0e       0x22 raw.o
 .debug_macro   0x0000000000000b30       0x8e raw.o
 .debug_macro   0x0000000000000bbe       0x51 raw.o
 .debug_macro   0x0000000000000c0f       0xef raw.o
 .debug_macro   0x0000000000000cfe       0x6a raw.o
 .debug_macro   0x0000000000000d68      0x1df raw.o
 .debug_macro   0x0000000000000f47      0x710 raw.o
 .debug_macro   0x0000000000001657       0xa9 main.o
 .debug_macro   0x0000000000001700      0x174 main.o
 .debug_macro   0x0000000000001874       0x3a main.o
 .debug_macro   0x00000000000018ae       0x34 main.o
 .debug_macro   0x00000000000018e2      0xb8e main.o
 .debug_macro   0x0000000000002470       0xb1 stm32f103_ram_init.o
 .debug_macro   0x0000000000002521       0x22 stm32f103_ram_init.o
 .debug_macro   0x0000000000002543     0xe90a stm32f103_ram_init.o

.debug_line     0x0000000000000000     0x1ef5
 .debug_line    0x0000000000000000     0x12fe raw.o
 .debug_line    0x00000000000012fe      0x38a main.o
 .debug_line    0x0000000000001688      0x86d stm32f103_ram_init.o

.debug_str      0x0000000000000000    0x58b5c
 .debug_str     0x0000000000000000     0x69c3 raw.o
                                       0x6c65 (size before relaxing)
 .debug_str     0x00000000000069c3     0x457f main.o
                                       0x82cf (size before relaxing)
 .debug_str     0x000000000000af42    0x4dc1a stm32f103_ram_init.o
                                      0x55c64 (size before relaxing)

.comment        0x0000000000000000       0x75
 .comment       0x0000000000000000       0x75 raw.o
                                         0x76 (size before relaxing)
 .comment       0x0000000000000075       0x76 main.o
 .comment       0x0000000000000075       0x76 stm32f103_ram_init.o

.ARM.attributes
                0x0000000000000000       0x1b
 .ARM.attributes
                0x0000000000000000       0x1b raw.o
 .ARM.attributes
                0x000000000000001b       0x1b main.o
 .ARM.attributes
                0x0000000000000036       0x1b stm32f103_ram_init.o

.debug_frame    0x0000000000000000      0xf84
 .debug_frame   0x0000000000000000      0xb6c raw.o
 .debug_frame   0x0000000000000b6c       0x58 main.o
 .debug_frame   0x0000000000000bc4      0x3c0 stm32f103_ram_init.o

.debug_ranges   0x0000000000000000       0x18
 .debug_ranges  0x0000000000000000       0x18 main.o
Memory region         Used Size  Region Size  %age Used
           FLASH:          0 GB        64 KB      0.00%
             RAM:        6588 B        20 KB     32.17%
