
Allocating common symbols
Common symbol       size              file

finish              0x4               main.o
results             0x3a0             main.o
start               0x4               main.o

Discarded input sections

 .group         0x0000000000000000        0x8 raw.o
 .group         0x0000000000000000        0x8 raw.o
 .group         0x0000000000000000        0x8 raw.o
 .group         0x0000000000000000        0x8 raw.o
 .group         0x0000000000000000        0x8 raw.o
 .group         0x0000000000000000        0x8 raw.o
 .group         0x0000000000000000        0x8 raw.o
 .group         0x0000000000000000        0x8 raw.o
 .group         0x0000000000000000        0x8 raw.o
 .group         0x0000000000000000        0x8 main.o
 .group         0x0000000000000000        0x8 main.o
 .group         0x0000000000000000        0x8 main.o
 .group         0x0000000000000000        0x8 main.o
 .group         0x0000000000000000        0x8 main.o
 .group         0x0000000000000000        0x8 main.o
 .group         0x0000000000000000        0x8 main.o
 .group         0x0000000000000000        0x8 main.o
 .group         0x0000000000000000        0x8 main.o
 .group         0x0000000000000000        0x8 main.o
 .group         0x0000000000000000        0x8 main.o
 .debug_macro   0x0000000000000000      0xa7e main.o
 .debug_macro   0x0000000000000000       0x22 main.o
 .debug_macro   0x0000000000000000       0x8e main.o
 .debug_macro   0x0000000000000000       0x51 main.o
 .debug_macro   0x0000000000000000       0xef main.o
 .debug_macro   0x0000000000000000       0x6a main.o
 .debug_macro   0x0000000000000000      0x1df main.o
 .group         0x0000000000000000        0x8 stm32f103_ram_init.o
 .group         0x0000000000000000        0x8 stm32f103_ram_init.o
 .group         0x0000000000000000        0x8 stm32f103_ram_init.o
 .group         0x0000000000000000        0x8 stm32f103_ram_init.o
 .group         0x0000000000000000        0x8 stm32f103_ram_init.o
 .group         0x0000000000000000        0x8 stm32f103_ram_init.o
 .group         0x0000000000000000        0x8 stm32f103_ram_init.o
 .group         0x0000000000000000        0x8 stm32f103_ram_init.o
 .group         0x0000000000000000        0x8 stm32f103_ram_init.o
 .group         0x0000000000000000        0x8 stm32f103_ram_init.o
 .group         0x0000000000000000        0x8 stm32f103_ram_init.o
 .group         0x0000000000000000        0x8 stm32f103_ram_init.o
 .debug_macro   0x0000000000000000      0xa7e stm32f103_ram_init.o
 .debug_macro   0x0000000000000000       0x22 stm32f103_ram_init.o
 .debug_macro   0x0000000000000000       0x8e stm32f103_ram_init.o
 .debug_macro   0x0000000000000000       0x51 stm32f103_ram_init.o
 .debug_macro   0x0000000000000000       0xef stm32f103_ram_init.o
 .debug_macro   0x0000000000000000       0x6a stm32f103_ram_init.o
 .debug_macro   0x0000000000000000      0x1df stm32f103_ram_init.o
 .debug_macro   0x0000000000000000       0x3a stm32f103_ram_init.o
 .debug_macro   0x0000000000000000       0x34 stm32f103_ram_init.o
 .debug_macro   0x0000000000000000      0xb8e stm32f103_ram_init.o

Memory Configuration

Name             Origin             Length             Attributes
FLASH            0x0000000008000000 0x0000000000010000 xr
RAM              0x0000000020000000 0x0000000000005000 xrw
*default*        0x0000000000000000 0xffffffffffffffff

Linker script and memory map

LOAD raw.o
LOAD main.o
LOAD stm32f103_ram_init.o
                0x0000000020000000                . = ORIGIN (RAM)

.text           0x0000000020000000     0x163c
 *(.vectors)
 .vectors       0x0000000020000000       0xec stm32f103_ram_init.o
                0x0000000020000000                INTERRUPT_VECTORS
 *(.text)
 .text          0x00000000200000ec     0x13ec raw.o
                0x00000000200000ec                zero_reg
                0x00000000200000f8                zero_array
                0x0000000020000104                set_singl_bits_operator
                0x0000000020000114                set_singl_bits_method
                0x0000000020000124                clr_singl_bits_operator
                0x0000000020000134                clr_singl_bits_method
                0x0000000020000144                set_singl_mskd_operator
                0x0000000020000154                set_singl_mskd_method
                0x0000000020000164                clr_singl_mskd_operator
                0x0000000020000174                clr_singl_mskd_method
                0x0000000020000184                equ_singl_bits_operator
                0x0000000020000190                equ_singl_bits_method
                0x000000002000019c                equ_singl_mskd_operator
                0x00000000200001a8                equ_singl_mskd_method
                0x00000000200001b4                flp_singl_bits_operator
                0x00000000200001c4                flp_singl_bits_method
                0x00000000200001d4                flp_singl_mskd_operator
                0x00000000200001e4                flp_singl_mskd_method
                0x00000000200001f4                ins_singl_mskd_operator
                0x0000000020000208                ins_singl_mskd_method
                0x000000002000021c                set_multi_bits_operator
                0x000000002000022c                set_multi_bits_method
                0x000000002000023c                ins_multi_mskd_operator
                0x0000000020000254                ins_multi_mskd_method
                0x000000002000026c                equ_multi_bits_operator
                0x0000000020000278                equ_multi_bits_method
                0x0000000020000284                equ_multi_mskd_operator
                0x0000000020000294                equ_multi_mskd_method
                0x00000000200002a4                equ_bits_mskd_operator
                0x00000000200002b0                equ_bits_mskd_method
                0x00000000200002bc                equ_mskd_bits_operator
                0x00000000200002c8                equ_mskd_bits_method
                0x00000000200002d4                equ_bits_var
                0x00000000200002e4                equ_mskd_var
                0x00000000200002f8                cmp_equ_zero
                0x0000000020000320                cmp_neq_zero
                0x000000002000033c                cmp_equ_bits
                0x0000000020000360                cmp_neq_bits
                0x0000000020000378                cmp_equ_multi_bits
                0x000000002000039c                cmp_neq_multi_bits
                0x00000000200003c0                cmp_equ_mskd
                0x00000000200003f0                cmp_neq_mskd
                0x000000002000041c                cmp_equ_reg
                0x0000000020000440                cmp_neq_reg
                0x0000000020000458                constexpr_bits_array
                0x0000000020000470                runtime_bits_array
                0x00000000200004a0                prescaler_low
                0x00000000200004bc                prescaler_high
                0x00000000200004d8                reg_mskd_lss
                0x0000000020000500                reg_mskd_leq
                0x0000000020000538                reg_mskd_gtr
                0x0000000020000560                reg_mskd_geq
                0x0000000020000598                pos_cmp_eq
                0x00000000200005a4                pos_cmp_ne
                0x00000000200005b0                bits_extract_eq
                0x00000000200005c8                mskd_extract_eq
                0x00000000200005e4                mskd_extract_ne
                0x0000000020000600                mskd_extract_lss
                0x0000000020000628                mskd_extract_leq
                0x000000002000064c                mskd_extract_gtr
                0x0000000020000674                set_bits_global
                0x0000000020000684                ins_mskd_global
                0x0000000020000698                assign_array_global
                0x00000000200006a4                shifted_global
                0x00000000200006c0                assign_register_global
                0x00000000200006cc                copy_bits_equ
                0x00000000200006e4                copy_bits_neq
                0x00000000200006fc                copy_mskd_equ
                0x0000000020000720                copy_mskd_neq
                0x0000000020000744                copy_mskd_lss
                0x000000002000076c                copy_mskd_leq
                0x0000000020000790                copy_mskd_gtr
                0x00000000200007b8                copy_mskd_geq
                0x00000000200007dc                copy_shifted
                0x000000002000081c                call_range_val_port
                0x0000000020000838                call_pos_ref_global
                0x0000000020000868                call_pos_val
                0x0000000020000874                call_pos_val_global
                0x000000002000088c                call_mskd_val_const
                0x0000000020000898                call_mskd_val_var
                0x00000000200008a4                call_mskd_val_global
                0x00000000200008b8                call_bits_val_const
                0x00000000200008bc                call_bits_val_var
                0x00000000200008c0                call_bits_val_global
                0x00000000200008c4                bits_val
                0x00000000200008d4                bits_ref
                0x00000000200008e4                call_bits_ref_const
                0x00000000200008f8                call_bits_ref_var
                0x000000002000090c                call_bits_ref_global
                0x0000000020000920                mskd_val
                0x0000000020000934                mskd_ref
                0x0000000020000950                call_mskd_ref_const
                0x000000002000096c                call_mskd_ref_var
                0x000000002000098c                call_mskd_ref_global
                0x00000000200009ac                periph_bits
                0x00000000200009b8                call_periph_bits
                0x00000000200009c4                periph_bits_val
                0x00000000200009cc                call_periph_bits_val
                0x00000000200009d8                reg_bits_val
                0x00000000200009e0                call_reg_bits_val
                0x00000000200009ec                periph_bits_ref
                0x00000000200009f8                call_periph_bits_ref
                0x0000000020000a14                reg_bits_ref
                0x0000000020000a20                call_reg_bits_ref
                0x0000000020000a3c                periph_mskd
                0x0000000020000a4c                call_periph_mskd
                0x0000000020000a58                periph_mskd_val
                0x0000000020000a64                call_periph_mskd_val
                0x0000000020000a74                reg_mskd_val
                0x0000000020000a80                call_reg_mskd_val
                0x0000000020000a90                periph_mskd_ref
                0x0000000020000aa4                call_periph_mskd_ref
                0x0000000020000acc                reg_mskd_ref
                0x0000000020000ae0                call_reg_mskd_ref
                0x0000000020000b08                return_bits
                0x0000000020000b0c                call_return_bits
                0x0000000020000b2c                return_mskd
                0x0000000020000b38                call_return_mskd
                0x0000000020000b70                return_reg
                0x0000000020000b7c                call_return_reg
                0x0000000020000b9c                return_periph
                0x0000000020000bb0                call_return_periph
                0x0000000020000bd0                pos_val
                0x0000000020000bf0                pos_ref
                0x0000000020000c10                call_pos_ref
                0x0000000020000c30                runtime_range_val
                0x0000000020000c44                call_range_val
                0x0000000020000c4c                runtime_range_ref
                0x0000000020000c68                call_range_ref
                0x0000000020000c88                call_range_ref_port
                0x0000000020000c90                check_array_range_pass
                0x0000000020000ca4                check_array_range_fail
                0x0000000020000cb8                check_bits_range_pass
                0x0000000020000ccc                check_bits_range_fail
                0x0000000020000ce0                check_mskd_range_pass
                0x0000000020000cf4                check_mskd_range_fail
                0x0000000020000d08                bits_extract_ne
                0x0000000020000d20                mskd_extract_geq
                0x0000000020000d44                shifted_val
                0x0000000020000d64                call_shifted_const_val
                0x0000000020000d70                call_shifted_var_val
                0x0000000020000d7c                call_shifted_global_val
                0x0000000020000d88                shifted_ref
                0x0000000020000dac                call_shifted_const_ref
                0x0000000020000dcc                call_shifted_var_ref
                0x0000000020000dec                call_shifted_global_ref
                0x0000000020000e0c                copy_bits_val
                0x0000000020000e20                call_copy_bits_val
                0x0000000020000e30                copy_bits_ref
                0x0000000020000e44                call_copy_bits_ref
                0x0000000020000e64                run
 .text          0x00000000200014d8       0x44 main.o
                0x00000000200014d8                memset
                0x00000000200014ec                do_test
 .text          0x000000002000151c      0x120 stm32f103_ram_init.o
                0x000000002000151c                NMI_Handler
                0x0000000020001520                HardFault_Handler
                0x0000000020001524                MemManage_Handler
                0x0000000020001528                BusFault_Handler
                0x000000002000152c                UsageFault_Handler
                0x0000000020001530                Reserved1_Handler
                0x0000000020001534                Reserved2_Handler
                0x0000000020001538                Reserved3_Handler
                0x000000002000153c                Reserved4_Handler
                0x0000000020001540                SVCall_Handler
                0x0000000020001544                Debug_Handler
                0x0000000020001548                Reserved5_Handler
                0x000000002000154c                PendSV_Handler
                0x0000000020001550                SysTick_Handler
                0x0000000020001554                WWDG_IRQHandler
                0x0000000020001558                PVD_IRQHandler
                0x000000002000155c                TAMPER_IRQHandler
                0x0000000020001560                RTC_IRQHandler
                0x0000000020001564                FLASH_IRQHandler
                0x0000000020001568                RCC_IRQHandler
                0x000000002000156c                EXTI0_IRQHandler
                0x0000000020001570                EXTI1_IRQHandler
                0x0000000020001574                EXTI2_IRQHandler
                0x0000000020001578                EXTI3_IRQHandler
                0x000000002000157c                EXTI4_IRQHandler
                0x0000000020001580                DMA1_Channel1_IRQHandler
                0x0000000020001584                DMA1_Channel2_IRQHandler
                0x0000000020001588                DMA1_Channel3_IRQHandler
                0x000000002000158c                DMA1_Channel4_IRQHandler
                0x0000000020001590                DMA1_Channel5_IRQHandler
                0x0000000020001594                DMA1_Channel6_IRQHandler
                0x0000000020001598                DMA1_Channel7_IRQHandler
                0x000000002000159c                ADC1_2_IRQHandler
                0x00000000200015a0                USB_HP_CAN1_TX_IRQHandle
                0x00000000200015a4                USB_LP_CAN1_RX0_IRQHandler
                0x00000000200015a8                CAN1_RX1_IRQHandler
                0x00000000200015ac                CAN1_SCE_IRQHandler
                0x00000000200015b0                EXTI9_5_IRQHandler
                0x00000000200015b4                TIM1_BRK_IRQHandler
                0x00000000200015b8                TIM1_UP_IRQHandler
                0x00000000200015bc                TIM1_TRG_COM_IRQHandler
                0x00000000200015c0                TIM1_CC_IRQHandler
                0x00000000200015c4                TIM2_IRQHandler
                0x00000000200015c8                TIM3_IRQHandler
                0x00000000200015cc                TIM4_IRQHandler
                0x00000000200015d0                I2C1_EV_IRQHandler
                0x00000000200015d4                I2C1_ER_IRQHandler
                0x00000000200015d8                I2C2_EV_IRQHandler
                0x00000000200015dc                I2C2_ER_IRQHandler
                0x00000000200015e0                SPI1_IRQHandler
                0x00000000200015e4                SPI2_IRQHandler
                0x00000000200015e8                USART1_IRQHandler
                0x00000000200015ec                USART2_IRQHandler
                0x00000000200015f0                USART3_IRQHandler
                0x00000000200015f4                EXTI15_10_IRQHandler
                0x00000000200015f8                RTC_Alarm_IRQHandler
                0x00000000200015fc                USBWakeUp_IRQHandler
                0x0000000020001600                init

.glue_7         0x000000002000163c        0x0
 .glue_7        0x000000002000163c        0x0 linker stubs

.glue_7t        0x000000002000163c        0x0
 .glue_7t       0x000000002000163c        0x0 linker stubs

.vfp11_veneer   0x000000002000163c        0x0
 .vfp11_veneer  0x000000002000163c        0x0 linker stubs

.v4_bx          0x000000002000163c        0x0
 .v4_bx         0x000000002000163c        0x0 linker stubs

.iplt           0x000000002000163c        0x0
 .iplt          0x000000002000163c        0x0 raw.o

.text.startup   0x000000002000163c       0x34
 .text.startup  0x000000002000163c       0x34 main.o
                0x000000002000163c                main

.rodata         0x0000000020001670       0x18
 .rodata        0x0000000020001670       0x18 raw.o

.rel.dyn        0x0000000020001688        0x0
 .rel.iplt      0x0000000020001688        0x0 raw.o

.data           0x0000000020001688        0x0
                0x0000000020001688                . = ALIGN (0x4)
 *(.data)
 .data          0x0000000020001688        0x0 raw.o
 .data          0x0000000020001688        0x0 main.o
 .data          0x0000000020001688        0x0 stm32f103_ram_init.o
                0x0000000020001688                BSS_START = .

.igot.plt       0x0000000020001688        0x0
 .igot.plt      0x0000000020001688        0x0 raw.o

.bss            0x0000000020001688      0x3a8
                0x0000000020001688                . = ALIGN (0x4)
 *(.bss)
 .bss           0x0000000020001688        0x0 raw.o
 .bss           0x0000000020001688        0x0 main.o
 .bss           0x0000000020001688        0x0 stm32f103_ram_init.o
 COMMON         0x0000000020001688      0x3a8 main.o
                0x0000000020001688                finish
                0x000000002000168c                results
                0x0000000020001a2c                start
                0x0000000020001a30                BSS_END = .
                0x0000000020001a30                end = .
                0x0000000020005000                TOP_OF_STACK = (ORIGIN (RAM) + LENGTH (RAM))
OUTPUT(raw.elf elf32-littlearm)

.debug_info     0x0000000000000000     0x3461
 .debug_info    0x0000000000000000     0x29a7 raw.o
 .debug_info    0x00000000000029a7      0x2f2 main.o
 .debug_info    0x0000000000002c99      0x7c8 stm32f103_ram_init.o

.debug_abbrev   0x0000000000000000      0x607
 .debug_abbrev  0x0000000000000000      0x288 raw.o
 .debug_abbrev  0x0000000000000288      0x1df main.o
 .debug_abbrev  0x0000000000000467      0x1a0 stm32f103_ram_init.o

.debug_loc      0x0000000000000000      0x512
 .debug_loc     0x0000000000000000      0x39b raw.o
 .debug_loc     0x000000000000039b      0x13b main.o
 .debug_loc     0x00000000000004d6       0x3c stm32f103_ram_init.o

.debug_aranges  0x0000000000000000       0x68
 .debug_aranges
                0x0000000000000000       0x20 raw.o
 .debug_aranges
                0x0000000000000020       0x28 main.o
 .debug_aranges
                0x0000000000000048       0x20 stm32f103_ram_init.o

.debug_macro    0x0000000000000000    0x10e4d
 .debug_macro   0x0000000000000000       0x80 raw.o
 .debug_macro   0x0000000000000080      0xa7e raw.o
 .debug_macro   0x0000000000000afe       0x10 raw.o
 .debug_macro   0x0000000000000b0e       0x22 raw.o
 .debug_macro   0x0000000000000b30       0x8e raw.o
 .debug_macro   0x0000000000000bbe       0x51 raw.o
 .debug_macro   0x0000000000000c0f       0xef raw.o
 .debug_macro   0x0000000000000cfe       0x6a raw.o
 .debug_macro   0x0000000000000d68      0x1df raw.o
 .debug_macro   0x0000000000000f47      0x710 raw.o
 .debug_macro   0x0000000000001657       0xa9 main.o
 .debug_macro   0x0000000000001700      0x174 main.o
 .debug_macro   0x0000000000001874       0x3a main.o
 .debug_macro   0x00000000000018ae       0x34 main.o
 .debug_macro   0x00000000000018e2      0xb8e main.o
 .debug_macro   0x0000000000002470       0xb1 stm32f103_ram_init.o
 .debug_macro   0x0000000000002521       0x22 stm32f103_ram_init.o
 .debug_macro   0x0000000000002543     0xe90a stm32f103_ram_init.o

.debug_line     0x0000000000000000     0x1f4b
 .debug_line    0x0000000000000000     0x1354 raw.o
 .debug_line    0x0000000000001354      0x38a main.o
 .debug_line    0x00000000000016de      0x86d stm32f103_ram_init.o

.debug_str      0x0000000000000000    0x58b82
 .debug_str     0x0000000000000000     0x69e9 raw.o
                                       0x6c8b (size before relaxing)
 .debug_str     0x00000000000069e9     0x457f main.o
                                       0x82cf (size before relaxing)
 .debug_str     0x000000000000af68    0x4dc1a stm32f103_ram_init.o
                                      0x55c64 (size before relaxing)

.comment        0x0000000000000000       0x75
 .comment       0x0000000000000000       0x75 raw.o
                                         0x76 (size before relaxing)
 .comment       0x0000000000000075       0x76 main.o
 .comment       0x0000000000000075       0x76 stm32f103_ram_init.o

.ARM.attributes
                0x0000000000000000       0x1b
 .ARM.attributes
                0x0000000000000000       0x1b raw.o
 .ARM.attributes
                0x000000000000001b       0x1b main.o
 .ARM.attributes
                0x0000000000000036       0x1b stm32f103_ram_init.o

.debug_frame    0x0000000000000000      0xfa4
 .debug_frame   0x0000000000000000      0xb8c raw.o
 .debug_frame   0x0000000000000b8c       0x58 main.o
 .debug_frame   0x0000000000000be4      0x3c0 stm32f103_ram_init.o

.debug_ranges   0x0000000000000000       0x18
 .debug_ranges  0x0000000000000000       0x18 main.o
Memory region         Used Size  Region Size  %age Used
           FLASH:          0 GB        64 KB      0.00%
             RAM:        6704 B        20 KB     32.73%
