
Allocating common symbols
Common symbol       size              file

finish              0x4               main.o
results             0x390             main.o
start               0x4               main.o

Discarded input sections

 .group         0x0000000000000000        0x8 struct.o
 .group         0x0000000000000000        0x8 struct.o
 .group         0x0000000000000000        0x8 struct.o
 .group         0x0000000000000000        0x8 struct.o
 .group         0x0000000000000000        0x8 struct.o
 .group         0x0000000000000000        0x8 struct.o
 .group         0x0000000000000000        0x8 struct.o
 .group         0x0000000000000000        0x8 struct.o
 .group         0x0000000000000000        0x8 struct.o
 .group         0x0000000000000000        0x8 main.o
 .group         0x0000000000000000        0x8 main.o
 .group         0x0000000000000000        0x8 main.o
 .group         0x0000000000000000        0x8 main.o
 .group         0x0000000000000000        0x8 main.o
 .group         0x0000000000000000        0x8 main.o
 .group         0x0000000000000000        0x8 main.o
 .group         0x0000000000000000        0x8 main.o
 .group         0x0000000000000000        0x8 main.o
 .group         0x0000000000000000        0x8 main.o
 .group         0x0000000000000000        0x8 main.o
 .debug_macro   0x0000000000000000      0xa7e main.o
 .debug_macro   0x0000000000000000       0x22 main.o
 .debug_macro   0x0000000000000000       0x8e main.o
 .debug_macro   0x0000000000000000       0x51 main.o
 .debug_macro   0x0000000000000000       0xef main.o
 .debug_macro   0x0000000000000000       0x6a main.o
 .debug_macro   0x0000000000000000      0x1df main.o
 .group         0x0000000000000000        0x8 stm32f103_ram_init.o
 .group         0x0000000000000000        0x8 stm32f103_ram_init.o
 .group         0x0000000000000000        0x8 stm32f103_ram_init.o
 .group         0x0000000000000000        0x8 stm32f103_ram_init.o
 .group         0x0000000000000000        0x8 stm32f103_ram_init.o
 .group         0x0000000000000000        0x8 stm32f103_ram_init.o
 .group         0x0000000000000000        0x8 stm32f103_ram_init.o
 .group         0x0000000000000000        0x8 stm32f103_ram_init.o
 .group         0x0000000000000000        0x8 stm32f103_ram_init.o
 .group         0x0000000000000000        0x8 stm32f103_ram_init.o
 .group         0x0000000000000000        0x8 stm32f103_ram_init.o
 .group         0x0000000000000000        0x8 stm32f103_ram_init.o
 .debug_macro   0x0000000000000000      0xa7e stm32f103_ram_init.o
 .debug_macro   0x0000000000000000       0x22 stm32f103_ram_init.o
 .debug_macro   0x0000000000000000       0x8e stm32f103_ram_init.o
 .debug_macro   0x0000000000000000       0x51 stm32f103_ram_init.o
 .debug_macro   0x0000000000000000       0xef stm32f103_ram_init.o
 .debug_macro   0x0000000000000000       0x6a stm32f103_ram_init.o
 .debug_macro   0x0000000000000000      0x1df stm32f103_ram_init.o
 .debug_macro   0x0000000000000000       0x3a stm32f103_ram_init.o
 .debug_macro   0x0000000000000000       0x34 stm32f103_ram_init.o
 .debug_macro   0x0000000000000000      0xb8e stm32f103_ram_init.o

Memory Configuration

Name             Origin             Length             Attributes
FLASH            0x0000000008000000 0x0000000000010000 xr
RAM              0x0000000020000000 0x0000000000005000 xrw
*default*        0x0000000000000000 0xffffffffffffffff

Linker script and memory map

LOAD struct.o
LOAD main.o
LOAD stm32f103_ram_init.o
                0x0000000020000000                . = ORIGIN (RAM)

.text           0x0000000020000000     0x15e0
 *(.vectors)
 .vectors       0x0000000020000000       0xec stm32f103_ram_init.o
                0x0000000020000000                INTERRUPT_VECTORS
 *(.text)
 .text          0x00000000200000ec     0x1390 struct.o
                0x00000000200000ec                zero_reg
                0x00000000200000f8                zero_array
                0x0000000020000104                set_singl_bits_operator
                0x0000000020000114                set_singl_bits_method
                0x0000000020000124                clr_singl_bits_operator
                0x0000000020000134                clr_singl_bits_method
                0x0000000020000144                set_singl_mskd_operator
                0x0000000020000154                set_singl_mskd_method
                0x0000000020000164                clr_singl_mskd_operator
                0x0000000020000174                clr_singl_mskd_method
                0x0000000020000184                equ_singl_bits_operator
                0x0000000020000190                equ_singl_bits_method
                0x000000002000019c                equ_singl_mskd_operator
                0x00000000200001a8                equ_singl_mskd_method
                0x00000000200001b4                flp_singl_bits_operator
                0x00000000200001c4                flp_singl_bits_method
                0x00000000200001d4                flp_singl_mskd_operator
                0x00000000200001e4                flp_singl_mskd_method
                0x00000000200001f4                ins_singl_mskd_operator
                0x0000000020000208                ins_singl_mskd_method
                0x000000002000021c                set_multi_bits_operator
                0x000000002000022c                set_multi_bits_method
                0x000000002000023c                ins_multi_mskd_operator
                0x0000000020000254                ins_multi_mskd_method
                0x000000002000026c                equ_multi_bits_operator
                0x0000000020000278                equ_multi_bits_method
                0x0000000020000284                equ_multi_mskd_operator
                0x0000000020000294                equ_multi_mskd_method
                0x00000000200002a4                equ_bits_mskd_operator
                0x00000000200002b0                equ_bits_mskd_method
                0x00000000200002bc                equ_mskd_bits_operator
                0x00000000200002c8                equ_mskd_bits_method
                0x00000000200002d4                equ_bits_var
                0x00000000200002e4                equ_mskd_var
                0x00000000200002f8                cmp_equ_zero
                0x0000000020000320                cmp_neq_zero
                0x000000002000033c                cmp_equ_bits
                0x0000000020000360                cmp_neq_bits
                0x0000000020000378                cmp_equ_mskd
                0x00000000200003a8                cmp_neq_mskd
                0x00000000200003d4                cmp_equ_reg
                0x00000000200003f8                cmp_neq_reg
                0x0000000020000410                constexpr_bits_array
                0x0000000020000424                runtime_bits_array
                0x0000000020000450                prescaler_low
                0x000000002000046c                prescaler_high
                0x0000000020000488                reg_mskd_lss
                0x00000000200004b0                reg_mskd_leq
                0x00000000200004e8                reg_mskd_gtr
                0x0000000020000510                reg_mskd_geq
                0x0000000020000548                pos_cmp_eq
                0x0000000020000554                pos_cmp_ne
                0x0000000020000560                bits_extract_eq
                0x0000000020000578                mskd_extract_eq
                0x0000000020000594                mskd_extract_ne
                0x00000000200005b0                mskd_extract_lss
                0x00000000200005d8                mskd_extract_leq
                0x00000000200005fc                mskd_extract_gtr
                0x0000000020000624                set_bits_global
                0x0000000020000634                ins_mskd_global
                0x0000000020000648                assign_array_global
                0x0000000020000654                shifted_global
                0x0000000020000670                assign_register_global
                0x000000002000067c                copy_bits_equ
                0x0000000020000694                copy_bits_neq
                0x00000000200006ac                copy_mskd_equ
                0x00000000200006d0                copy_mskd_neq
                0x00000000200006f4                copy_mskd_lss
                0x000000002000071c                copy_mskd_leq
                0x0000000020000740                copy_mskd_gtr
                0x0000000020000768                copy_mskd_geq
                0x000000002000078c                copy_shifted
                0x00000000200007cc                call_range_val_port
                0x00000000200007e8                call_pos_ref_global
                0x0000000020000818                call_pos_val
                0x0000000020000824                call_pos_val_global
                0x000000002000083c                call_mskd_val_const
                0x0000000020000848                call_mskd_val_var
                0x0000000020000854                call_mskd_val_global
                0x0000000020000868                call_bits_val_const
                0x0000000020000874                call_bits_val_var
                0x0000000020000880                call_bits_val_global
                0x0000000020000884                bits_val
                0x0000000020000894                bits_ref
                0x00000000200008a4                call_bits_ref_const
                0x00000000200008b8                call_bits_ref_var
                0x00000000200008cc                call_bits_ref_global
                0x00000000200008e0                mskd_val
                0x00000000200008f4                mskd_ref
                0x0000000020000910                call_mskd_ref_const
                0x000000002000092c                call_mskd_ref_var
                0x000000002000094c                call_mskd_ref_global
                0x000000002000096c                periph_bits
                0x0000000020000978                call_periph_bits
                0x0000000020000984                periph_bits_val
                0x000000002000098c                call_periph_bits_val
                0x0000000020000998                reg_bits_val
                0x00000000200009a0                call_reg_bits_val
                0x00000000200009ac                periph_bits_ref
                0x00000000200009b8                call_periph_bits_ref
                0x00000000200009d4                reg_bits_ref
                0x00000000200009e0                call_reg_bits_ref
                0x00000000200009fc                periph_mskd
                0x0000000020000a0c                call_periph_mskd
                0x0000000020000a18                periph_mskd_val
                0x0000000020000a24                call_periph_mskd_val
                0x0000000020000a34                reg_mskd_val
                0x0000000020000a40                call_reg_mskd_val
                0x0000000020000a50                periph_mskd_ref
                0x0000000020000a64                call_periph_mskd_ref
                0x0000000020000a8c                reg_mskd_ref
                0x0000000020000aa0                call_reg_mskd_ref
                0x0000000020000ac8                return_bits
                0x0000000020000acc                call_return_bits
                0x0000000020000aec                return_mskd
                0x0000000020000af8                call_return_mskd
                0x0000000020000b30                return_reg
                0x0000000020000b44                call_return_reg
                0x0000000020000b64                return_periph
                0x0000000020000b70                call_return_periph
                0x0000000020000b90                pos_val
                0x0000000020000bb0                pos_ref
                0x0000000020000bd0                call_pos_ref
                0x0000000020000bf0                runtime_range_val
                0x0000000020000c04                call_range_val
                0x0000000020000c0c                runtime_range_ref
                0x0000000020000c28                call_range_ref
                0x0000000020000c48                call_range_ref_port
                0x0000000020000c50                check_array_range_pass
                0x0000000020000c64                check_array_range_fail
                0x0000000020000c78                check_bits_range_pass
                0x0000000020000c8c                check_bits_range_fail
                0x0000000020000ca0                check_mskd_range_pass
                0x0000000020000cb4                check_mskd_range_fail
                0x0000000020000cc8                bits_extract_ne
                0x0000000020000ce0                mskd_extract_geq
                0x0000000020000d04                shifted_val
                0x0000000020000d24                call_shifted_const_val
                0x0000000020000d30                call_shifted_var_val
                0x0000000020000d3c                call_shifted_global_val
                0x0000000020000d48                shifted_ref
                0x0000000020000d6c                call_shifted_const_ref
                0x0000000020000d8c                call_shifted_var_ref
                0x0000000020000dac                call_shifted_global_ref
                0x0000000020000dcc                copy_bits_val
                0x0000000020000de0                call_copy_bits_val
                0x0000000020000df0                copy_bits_ref
                0x0000000020000e04                call_copy_bits_ref
                0x0000000020000e24                run
 .text          0x000000002000147c       0x44 main.o
                0x000000002000147c                memset
                0x0000000020001490                do_test
 .text          0x00000000200014c0      0x120 stm32f103_ram_init.o
                0x00000000200014c0                NMI_Handler
                0x00000000200014c4                HardFault_Handler
                0x00000000200014c8                MemManage_Handler
                0x00000000200014cc                BusFault_Handler
                0x00000000200014d0                UsageFault_Handler
                0x00000000200014d4                Reserved1_Handler
                0x00000000200014d8                Reserved2_Handler
                0x00000000200014dc                Reserved3_Handler
                0x00000000200014e0                Reserved4_Handler
                0x00000000200014e4                SVCall_Handler
                0x00000000200014e8                Debug_Handler
                0x00000000200014ec                Reserved5_Handler
                0x00000000200014f0                PendSV_Handler
                0x00000000200014f4                SysTick_Handler
                0x00000000200014f8                WWDG_IRQHandler
                0x00000000200014fc                PVD_IRQHandler
                0x0000000020001500                TAMPER_IRQHandler
                0x0000000020001504                RTC_IRQHandler
                0x0000000020001508                FLASH_IRQHandler
                0x000000002000150c                RCC_IRQHandler
                0x0000000020001510                EXTI0_IRQHandler
                0x0000000020001514                EXTI1_IRQHandler
                0x0000000020001518                EXTI2_IRQHandler
                0x000000002000151c                EXTI3_IRQHandler
                0x0000000020001520                EXTI4_IRQHandler
                0x0000000020001524                DMA1_Channel1_IRQHandler
                0x0000000020001528                DMA1_Channel2_IRQHandler
                0x000000002000152c                DMA1_Channel3_IRQHandler
                0x0000000020001530                DMA1_Channel4_IRQHandler
                0x0000000020001534                DMA1_Channel5_IRQHandler
                0x0000000020001538                DMA1_Channel6_IRQHandler
                0x000000002000153c                DMA1_Channel7_IRQHandler
                0x0000000020001540                ADC1_2_IRQHandler
                0x0000000020001544                USB_HP_CAN1_TX_IRQHandle
                0x0000000020001548                USB_LP_CAN1_RX0_IRQHandler
                0x000000002000154c                CAN1_RX1_IRQHandler
                0x0000000020001550                CAN1_SCE_IRQHandler
                0x0000000020001554                EXTI9_5_IRQHandler
                0x0000000020001558                TIM1_BRK_IRQHandler
                0x000000002000155c                TIM1_UP_IRQHandler
                0x0000000020001560                TIM1_TRG_COM_IRQHandler
                0x0000000020001564                TIM1_CC_IRQHandler
                0x0000000020001568                TIM2_IRQHandler
                0x000000002000156c                TIM3_IRQHandler
                0x0000000020001570                TIM4_IRQHandler
                0x0000000020001574                I2C1_EV_IRQHandler
                0x0000000020001578                I2C1_ER_IRQHandler
                0x000000002000157c                I2C2_EV_IRQHandler
                0x0000000020001580                I2C2_ER_IRQHandler
                0x0000000020001584                SPI1_IRQHandler
                0x0000000020001588                SPI2_IRQHandler
                0x000000002000158c                USART1_IRQHandler
                0x0000000020001590                USART2_IRQHandler
                0x0000000020001594                USART3_IRQHandler
                0x0000000020001598                EXTI15_10_IRQHandler
                0x000000002000159c                RTC_Alarm_IRQHandler
                0x00000000200015a0                USBWakeUp_IRQHandler
                0x00000000200015a4                init

.glue_7         0x00000000200015e0        0x0
 .glue_7        0x00000000200015e0        0x0 linker stubs

.glue_7t        0x00000000200015e0        0x0
 .glue_7t       0x00000000200015e0        0x0 linker stubs

.vfp11_veneer   0x00000000200015e0        0x0
 .vfp11_veneer  0x00000000200015e0        0x0 linker stubs

.v4_bx          0x00000000200015e0        0x0
 .v4_bx         0x00000000200015e0        0x0 linker stubs

.iplt           0x00000000200015e0        0x0
 .iplt          0x00000000200015e0        0x0 struct.o

.text.startup   0x00000000200015e0       0x34
 .text.startup  0x00000000200015e0       0x34 main.o
                0x00000000200015e0                main

.rodata         0x0000000020001614       0x18
 .rodata        0x0000000020001614       0x18 struct.o

.rel.dyn        0x000000002000162c        0x0
 .rel.iplt      0x000000002000162c        0x0 struct.o

.data           0x000000002000162c        0x0
                0x000000002000162c                . = ALIGN (0x4)
 *(.data)
 .data          0x000000002000162c        0x0 struct.o
 .data          0x000000002000162c        0x0 main.o
 .data          0x000000002000162c        0x0 stm32f103_ram_init.o
                0x000000002000162c                BSS_START = .

.igot.plt       0x000000002000162c        0x0
 .igot.plt      0x000000002000162c        0x0 struct.o

.bss            0x000000002000162c      0x398
                0x000000002000162c                . = ALIGN (0x4)
 *(.bss)
 .bss           0x000000002000162c        0x0 struct.o
 .bss           0x000000002000162c        0x0 main.o
 .bss           0x000000002000162c        0x0 stm32f103_ram_init.o
 COMMON         0x000000002000162c      0x398 main.o
                0x000000002000162c                finish
                0x0000000020001630                results
                0x00000000200019c0                start
                0x00000000200019c4                BSS_END = .
                0x00000000200019c4                end = .
                0x0000000020005000                TOP_OF_STACK = (ORIGIN (RAM) + LENGTH (RAM))
OUTPUT(struct.elf elf32-littlearm)

.debug_info     0x0000000000000000     0x35bf
 .debug_info    0x0000000000000000     0x2b05 struct.o
 .debug_info    0x0000000000002b05      0x2f2 main.o
 .debug_info    0x0000000000002df7      0x7c8 stm32f103_ram_init.o

.debug_abbrev   0x0000000000000000      0x63a
 .debug_abbrev  0x0000000000000000      0x2bb struct.o
 .debug_abbrev  0x00000000000002bb      0x1df main.o
 .debug_abbrev  0x000000000000049a      0x1a0 stm32f103_ram_init.o

.debug_loc      0x0000000000000000      0x512
 .debug_loc     0x0000000000000000      0x39b struct.o
 .debug_loc     0x000000000000039b      0x13b main.o
 .debug_loc     0x00000000000004d6       0x3c stm32f103_ram_init.o

.debug_aranges  0x0000000000000000       0x68
 .debug_aranges
                0x0000000000000000       0x20 struct.o
 .debug_aranges
                0x0000000000000020       0x28 main.o
 .debug_aranges
                0x0000000000000048       0x20 stm32f103_ram_init.o

.debug_macro    0x0000000000000000    0x10e07
 .debug_macro   0x0000000000000000       0x80 struct.o
 .debug_macro   0x0000000000000080      0xa7e struct.o
 .debug_macro   0x0000000000000afe       0x10 struct.o
 .debug_macro   0x0000000000000b0e       0x22 struct.o
 .debug_macro   0x0000000000000b30       0x8e struct.o
 .debug_macro   0x0000000000000bbe       0x51 struct.o
 .debug_macro   0x0000000000000c0f       0xef struct.o
 .debug_macro   0x0000000000000cfe       0x6a struct.o
 .debug_macro   0x0000000000000d68      0x1df struct.o
 .debug_macro   0x0000000000000f47      0x6ca struct.o
 .debug_macro   0x0000000000001611       0xa9 main.o
 .debug_macro   0x00000000000016ba      0x174 main.o
 .debug_macro   0x000000000000182e       0x3a main.o
 .debug_macro   0x0000000000001868       0x34 main.o
 .debug_macro   0x000000000000189c      0xb8e main.o
 .debug_macro   0x000000000000242a       0xb1 stm32f103_ram_init.o
 .debug_macro   0x00000000000024db       0x22 stm32f103_ram_init.o
 .debug_macro   0x00000000000024fd     0xe90a stm32f103_ram_init.o

.debug_line     0x0000000000000000     0x1f14
 .debug_line    0x0000000000000000     0x131d struct.o
 .debug_line    0x000000000000131d      0x38a main.o
 .debug_line    0x00000000000016a7      0x86d stm32f103_ram_init.o

.debug_str      0x0000000000000000    0x58a3e
 .debug_str     0x0000000000000000     0x68aa struct.o
                                       0x6b52 (size before relaxing)
 .debug_str     0x00000000000068aa     0x457a main.o
                                       0x82cf (size before relaxing)
 .debug_str     0x000000000000ae24    0x4dc1a stm32f103_ram_init.o
                                      0x55c64 (size before relaxing)

.comment        0x0000000000000000       0x75
 .comment       0x0000000000000000       0x75 struct.o
                                         0x76 (size before relaxing)
 .comment       0x0000000000000075       0x76 main.o
 .comment       0x0000000000000075       0x76 stm32f103_ram_init.o

.ARM.attributes
                0x0000000000000000       0x1b
 .ARM.attributes
                0x0000000000000000       0x1b struct.o
 .ARM.attributes
                0x000000000000001b       0x1b main.o
 .ARM.attributes
                0x0000000000000036       0x1b stm32f103_ram_init.o

.debug_frame    0x0000000000000000      0xf98
 .debug_frame   0x0000000000000000      0xb80 struct.o
 .debug_frame   0x0000000000000b80       0x58 main.o
 .debug_frame   0x0000000000000bd8      0x3c0 stm32f103_ram_init.o

.debug_ranges   0x0000000000000000       0x18
 .debug_ranges  0x0000000000000000       0x18 main.o
Memory region         Used Size  Region Size  %age Used
           FLASH:          0 GB        64 KB      0.00%
             RAM:        6596 B        20 KB     32.21%
