
Allocating common symbols
Common symbol       size              file

finish              0x4               main.o
results             0x3a0             main.o
start               0x4               main.o

Discarded input sections

 .group         0x0000000000000000        0x8 bitfield.o
 .group         0x0000000000000000        0x8 bitfield.o
 .group         0x0000000000000000        0x8 bitfield.o
 .group         0x0000000000000000        0x8 bitfield.o
 .group         0x0000000000000000        0x8 bitfield.o
 .group         0x0000000000000000        0x8 bitfield.o
 .group         0x0000000000000000        0x8 bitfield.o
 .group         0x0000000000000000        0x8 bitfield.o
 .group         0x0000000000000000        0x8 bitfield.o
 .group         0x0000000000000000        0x8 main.o
 .group         0x0000000000000000        0x8 main.o
 .group         0x0000000000000000        0x8 main.o
 .group         0x0000000000000000        0x8 main.o
 .group         0x0000000000000000        0x8 main.o
 .group         0x0000000000000000        0x8 main.o
 .group         0x0000000000000000        0x8 main.o
 .group         0x0000000000000000        0x8 main.o
 .group         0x0000000000000000        0x8 main.o
 .group         0x0000000000000000        0x8 main.o
 .group         0x0000000000000000        0x8 main.o
 .group         0x0000000000000000        0x8 main.o
 .group         0x0000000000000000        0x8 main.o
 .group         0x0000000000000000        0x8 main.o
 .debug_macro   0x0000000000000000      0xa60 main.o
 .debug_macro   0x0000000000000000       0x22 main.o
 .debug_macro   0x0000000000000000       0x8e main.o
 .debug_macro   0x0000000000000000       0x51 main.o
 .debug_macro   0x0000000000000000       0xef main.o
 .debug_macro   0x0000000000000000       0x6a main.o
 .debug_macro   0x0000000000000000      0x1df main.o
 .group         0x0000000000000000        0x8 lpc8xx_ram_init.o
 .group         0x0000000000000000        0x8 lpc8xx_ram_init.o
 .group         0x0000000000000000        0x8 lpc8xx_ram_init.o
 .group         0x0000000000000000        0x8 lpc8xx_ram_init.o
 .group         0x0000000000000000        0x8 lpc8xx_ram_init.o
 .group         0x0000000000000000        0x8 lpc8xx_ram_init.o
 .group         0x0000000000000000        0x8 lpc8xx_ram_init.o
 .group         0x0000000000000000        0x8 lpc8xx_ram_init.o
 .group         0x0000000000000000        0x8 lpc8xx_ram_init.o
 .group         0x0000000000000000        0x8 lpc8xx_ram_init.o
 .group         0x0000000000000000        0x8 lpc8xx_ram_init.o
 .group         0x0000000000000000        0x8 lpc8xx_ram_init.o
 .group         0x0000000000000000        0x8 lpc8xx_ram_init.o
 .debug_macro   0x0000000000000000      0xa60 lpc8xx_ram_init.o
 .debug_macro   0x0000000000000000       0x22 lpc8xx_ram_init.o
 .debug_macro   0x0000000000000000       0x8e lpc8xx_ram_init.o
 .debug_macro   0x0000000000000000       0x51 lpc8xx_ram_init.o
 .debug_macro   0x0000000000000000       0xef lpc8xx_ram_init.o
 .debug_macro   0x0000000000000000       0x6a lpc8xx_ram_init.o
 .debug_macro   0x0000000000000000      0x1df lpc8xx_ram_init.o
 .debug_macro   0x0000000000000000       0x22 lpc8xx_ram_init.o
 .debug_macro   0x0000000000000000       0x3a lpc8xx_ram_init.o
 .debug_macro   0x0000000000000000       0x26 lpc8xx_ram_init.o
 .debug_macro   0x0000000000000000      0x329 lpc8xx_ram_init.o
 .debug_macro   0x0000000000000000       0x8f lpc8xx_ram_init.o
 .debug_macro   0x0000000000000000      0x1c4 lpc8xx_ram_init.o

Memory Configuration

Name             Origin             Length             Attributes
FLASH            0x0000000000000000 0x0000000000008000 xr
RAM              0x0000000010000000 0x0000000000002000 xrw
*default*        0x0000000000000000 0xffffffffffffffff

Linker script and memory map

LOAD bitfield.o
LOAD main.o
LOAD lpc8xx_ram_init.o
                0x0000000000000020                PROVIDE (MINIMUM_STACK_SIZE, 0x20)
                0x0000000010000000                . = ORIGIN (RAM)

.text           0x0000000010000000     0x1fa8
 *(.isr_vectors)
 .isr_vectors   0x0000000010000000       0x9c lpc8xx_ram_init.o
                0x0000000010000000                INTERRUPT_VECTORS
 *(.text)
 .text          0x000000001000009c     0x1e2c bitfield.o
                0x000000001000009c                zero_reg
                0x00000000100000a8                zero_array
                0x00000000100000b4                set_singl_bits_operator
                0x00000000100000c4                set_singl_bits_method
                0x00000000100000d4                clr_singl_bits_operator
                0x00000000100000e4                clr_singl_bits_method
                0x00000000100000f4                set_singl_mskd_operator
                0x0000000010000114                set_singl_mskd_method
                0x0000000010000134                clr_singl_mskd_operator
                0x000000001000014c                clr_singl_mskd_method
                0x0000000010000164                equ_singl_bits_operator
                0x0000000010000178                equ_singl_bits_method
                0x000000001000018c                equ_singl_mskd_operator
                0x00000000100001a4                equ_singl_mskd_method
                0x00000000100001bc                flp_singl_bits_operator
                0x00000000100001dc                flp_singl_bits_method
                0x00000000100001fc                flp_singl_mskd_operator
                0x000000001000021c                flp_singl_mskd_method
                0x000000001000023c                ins_singl_mskd_operator
                0x0000000010000250                ins_singl_mskd_method
                0x0000000010000264                set_multi_bits_operator
                0x000000001000027c                set_multi_bits_method
                0x0000000010000294                ins_multi_mskd_operator
                0x00000000100002bc                ins_multi_mskd_method
                0x00000000100002e4                equ_multi_bits_operator
                0x0000000010000300                equ_multi_bits_method
                0x000000001000031c                equ_multi_mskd_operator
                0x0000000010000348                equ_multi_mskd_method
                0x0000000010000374                equ_bits_mskd_operator
                0x0000000010000394                equ_bits_mskd_method
                0x00000000100003b4                equ_mskd_bits_operator
                0x00000000100003d4                equ_mskd_bits_method
                0x00000000100003f4                equ_bits_var
                0x0000000010000414                equ_mskd_var
                0x0000000010000440                cmp_equ_zero
                0x000000001000047c                cmp_neq_zero
                0x00000000100004a4                cmp_equ_bits
                0x00000000100004e8                cmp_neq_bits
                0x0000000010000520                cmp_equ_multi_bits
                0x0000000010000578                cmp_neq_multi_bits
                0x00000000100005d0                cmp_equ_mskd
                0x0000000010000620                cmp_neq_mskd
                0x0000000010000660                cmp_equ_reg
                0x00000000100006e4                cmp_neq_reg
                0x0000000010000754                constexpr_bits_array
                0x0000000010000770                runtime_bits_array
                0x00000000100007a4                prescaler_low
                0x00000000100007c8                prescaler_high
                0x00000000100007f0                reg_mskd_lss
                0x0000000010000838                reg_mskd_leq
                0x000000001000088c                reg_mskd_gtr
                0x00000000100008d4                reg_mskd_geq
                0x0000000010000924                pos_cmp_eq
                0x000000001000093c                pos_cmp_ne
                0x0000000010000954                bits_extract_eq
                0x0000000010000988                mskd_extract_eq
                0x00000000100009bc                mskd_extract_ne
                0x00000000100009f4                mskd_extract_lss
                0x0000000010000a38                mskd_extract_leq
                0x0000000010000a80                mskd_extract_gtr
                0x0000000010000ac4                set_bits_global
                0x0000000010000ad4                ins_mskd_global
                0x0000000010000ae8                assign_array_global
                0x0000000010000af4                shifted_global
                0x0000000010000b1c                assign_register_global
                0x0000000010000b34                copy_bits_equ
                0x0000000010000b6c                copy_bits_neq
                0x0000000010000ba4                copy_mskd_equ
                0x0000000010000bf0                copy_mskd_neq
                0x0000000010000c3c                copy_mskd_lss
                0x0000000010000c88                copy_mskd_leq
                0x0000000010000cd4                copy_mskd_gtr
                0x0000000010000d20                copy_mskd_geq
                0x0000000010000d6c                copy_shifted
                0x0000000010000de4                call_shifted_const_ref
                0x0000000010000df8                call_shifted_var_ref
                0x0000000010000e0c                call_shifted_global_ref
                0x0000000010000e4c                call_shifted_const_val
                0x0000000010000e54                call_shifted_var_val
                0x0000000010000e5c                call_shifted_global_val
                0x0000000010000e7c                call_pos_ref_global
                0x0000000010000ea8                call_pos_val
                0x0000000010000eb4                call_pos_val_global
                0x0000000010000ed0                call_reg_mskd_ref
                0x0000000010000ef8                call_periph_mskd_ref
                0x0000000010000f20                call_reg_mskd_val
                0x0000000010000f3c                call_periph_mskd_val
                0x0000000010000f54                call_reg_bits_ref
                0x0000000010000f78                call_periph_bits_ref
                0x0000000010000f9c                call_reg_bits_val
                0x0000000010000fb4                call_periph_bits_val
                0x0000000010000fe8                call_mskd_ref_const
                0x0000000010001000                call_mskd_ref_var
                0x0000000010001018                call_mskd_ref_global
                0x0000000010001050                call_mskd_val_const
                0x000000001000105c                call_mskd_val_var
                0x0000000010001068                call_mskd_val_global
                0x000000001000108c                call_bits_ref_const
                0x00000000100010a4                call_bits_ref_var
                0x00000000100010e0                call_bits_ref_global
                0x0000000010001110                call_bits_val_const
                0x0000000010001118                call_bits_val_var
                0x0000000010001120                call_bits_val_global
                0x0000000010001128                bits_val
                0x0000000010001170                bits_ref
                0x00000000100011ec                mskd_val
                0x0000000010001288                mskd_ref
                0x000000001000137c                periph_bits
                0x0000000010001388                call_periph_bits
                0x0000000010001398                periph_bits_val
                0x00000000100013a8                reg_bits_val
                0x00000000100013b8                periph_bits_ref
                0x00000000100013c8                reg_bits_ref
                0x00000000100013d8                periph_mskd
                0x00000000100013e8                call_periph_mskd
                0x00000000100013f8                periph_mskd_val
                0x000000001000140c                reg_mskd_val
                0x0000000010001420                periph_mskd_ref
                0x0000000010001434                reg_mskd_ref
                0x0000000010001448                return_bits
                0x000000001000144c                call_return_bits
                0x0000000010001480                return_mskd
                0x000000001000148c                call_return_mskd
                0x00000000100014d8                return_reg
                0x00000000100014f4                call_return_reg
                0x0000000010001530                return_periph
                0x0000000010001544                call_return_periph
                0x000000001000157c                pos_val
                0x000000001000159c                pos_ref
                0x00000000100015c4                call_pos_ref
                0x00000000100015dc                runtime_range_val
                0x00000000100015f8                call_range_val
                0x0000000010001604                call_range_val_port
                0x0000000010001610                runtime_range_ref
                0x0000000010001630                call_range_ref
                0x0000000010001640                call_range_ref_port
                0x000000001000164c                check_array_range_pass
                0x0000000010001664                check_array_range_fail
                0x000000001000167c                check_bits_range_pass
                0x0000000010001694                check_bits_range_fail
                0x00000000100016ac                check_mskd_range_pass
                0x00000000100016c4                check_mskd_range_fail
                0x00000000100016dc                bits_extract_ne
                0x0000000010001710                mskd_extract_geq
                0x0000000010001758                shifted_val
                0x0000000010001788                shifted_ref
                0x00000000100017bc                copy_bits_val
                0x00000000100017e0                call_copy_bits_val
                0x0000000010001800                copy_bits_ref
                0x000000001000182c                call_copy_bits_ref
                0x0000000010001854                run
 .text          0x0000000010001ec8       0x4c main.o
                0x0000000010001ec8                memset
                0x0000000010001edc                do_test
 .text          0x0000000010001f14       0x94 lpc8xx_ram_init.o
                0x0000000010001f14                NMI_Handler
                0x0000000010001f18                HardFault_Handler
                0x0000000010001f1c                SVCall_Handler
                0x0000000010001f20                PendSV_Handler
                0x0000000010001f24                SysTick_Handler
                0x0000000010001f28                SPI0_IRQHandler
                0x0000000010001f2c                SPI1_IRQHandler
                0x0000000010001f30                UART0_IRQHandler
                0x0000000010001f34                UART1_IRQHandler
                0x0000000010001f38                UART2_IRQHandler
                0x0000000010001f3c                Reserved1_IRQHandler
                0x0000000010001f40                SCT_IRQHandler
                0x0000000010001f44                MRT_IRQHandler
                0x0000000010001f48                CMP_IRQHandler
                0x0000000010001f4c                WDT_IRQHandler
                0x0000000010001f50                BOD_IRQHandler
                0x0000000010001f54                WKT_IRQHandler
                0x0000000010001f58                Reserved11_IRQHandler
                0x0000000010001f5c                PININT0_IRQHandler
                0x0000000010001f60                PININT1_IRQHandler
                0x0000000010001f64                PININT2_IRQHandler
                0x0000000010001f68                PININT3_IRQHandler
                0x0000000010001f6c                PININT4_IRQHandler
                0x0000000010001f70                PININT5_IRQHandler
                0x0000000010001f74                PININT6_IRQHandler
                0x0000000010001f78                PININT7_IRQHandler
                0x0000000010001f7c                init

.glue_7         0x0000000010001fa8        0x0
 .glue_7        0x0000000010001fa8        0x0 linker stubs

.glue_7t        0x0000000010001fa8        0x0
 .glue_7t       0x0000000010001fa8        0x0 linker stubs

.vfp11_veneer   0x0000000010001fa8        0x0
 .vfp11_veneer  0x0000000010001fa8        0x0 linker stubs

.v4_bx          0x0000000010001fa8        0x0
 .v4_bx         0x0000000010001fa8        0x0 linker stubs

.iplt           0x0000000010001fa8        0x0
 .iplt          0x0000000010001fa8        0x0 bitfield.o

.text.startup   0x0000000010001fa8       0x38
 .text.startup  0x0000000010001fa8       0x38 main.o
                0x0000000010001fa8                main

.rodata         0x0000000010001fe0       0x38
 .rodata        0x0000000010001fe0       0x38 bitfield.o

.rel.dyn        0x0000000010002018        0x0
 .rel.iplt      0x0000000010002018        0x0 bitfield.o

.data           0x0000000010002018        0x0
                0x0000000010002018                . = ALIGN (0x4)
 *(.data)
 .data          0x0000000010002018        0x0 bitfield.o
 .data          0x0000000010002018        0x0 main.o
 .data          0x0000000010002018        0x0 lpc8xx_ram_init.o
                0x0000000010002018                BSS_START = .

.igot.plt       0x0000000010002018        0x0
 .igot.plt      0x0000000010002018        0x0 bitfield.o

.bss            0x0000000010002018      0x3a8
                0x0000000010002018                . = ALIGN (0x4)
 *(.bss)
 .bss           0x0000000010002018        0x0 bitfield.o
 .bss           0x0000000010002018        0x0 main.o
 .bss           0x0000000010002018        0x0 lpc8xx_ram_init.o
 COMMON         0x0000000010002018      0x3a8 main.o
                0x0000000010002018                finish
                0x000000001000201c                results
                0x00000000100023bc                start
                0x00000000100023c0                BSS_END = .
                0x00000000100023c0                end = .
                0x0000000010000000                RAM_BASE_ADDR = ORIGIN (RAM)
                0x0000000000000000                FLASH_BASE_ADDR = ORIGIN (FLASH)
                0x0000000010002000                TOP_OF_STACK = (ORIGIN (RAM) + LENGTH (RAM))
                0x0000000000000001                ASSERT (((end + MINIMUM_STACK_SIZE) < TOP_OF_STACK), too big to fit in RAM)
OUTPUT(bitfield.elf elf32-littlearm)

.debug_info     0x0000000000000000     0x3ced
 .debug_info    0x0000000000000000     0x3612 bitfield.o
 .debug_info    0x0000000000003612      0x2d4 main.o
 .debug_info    0x00000000000038e6      0x407 lpc8xx_ram_init.o

.debug_abbrev   0x0000000000000000      0x6d3
 .debug_abbrev  0x0000000000000000      0x381 bitfield.o
 .debug_abbrev  0x0000000000000381      0x1df main.o
 .debug_abbrev  0x0000000000000560      0x173 lpc8xx_ram_init.o

.debug_loc      0x0000000000000000      0x6e2
 .debug_loc     0x0000000000000000      0x567 bitfield.o
 .debug_loc     0x0000000000000567      0x157 main.o
 .debug_loc     0x00000000000006be       0x24 lpc8xx_ram_init.o

.debug_aranges  0x0000000000000000       0x68
 .debug_aranges
                0x0000000000000000       0x20 bitfield.o
 .debug_aranges
                0x0000000000000020       0x28 main.o
 .debug_aranges
                0x0000000000000048       0x20 lpc8xx_ram_init.o

.debug_macro    0x0000000000000000     0x1a45
 .debug_macro   0x0000000000000000       0x80 bitfield.o
 .debug_macro   0x0000000000000080      0xa60 bitfield.o
 .debug_macro   0x0000000000000ae0       0x10 bitfield.o
 .debug_macro   0x0000000000000af0       0x22 bitfield.o
 .debug_macro   0x0000000000000b12       0x8e bitfield.o
 .debug_macro   0x0000000000000ba0       0x51 bitfield.o
 .debug_macro   0x0000000000000bf1       0xef bitfield.o
 .debug_macro   0x0000000000000ce0       0x6a bitfield.o
 .debug_macro   0x0000000000000d4a      0x1df bitfield.o
 .debug_macro   0x0000000000000f29      0x242 bitfield.o
 .debug_macro   0x000000000000116b       0xba main.o
 .debug_macro   0x0000000000001225      0x174 main.o
 .debug_macro   0x0000000000001399       0x22 main.o
 .debug_macro   0x00000000000013bb       0x3a main.o
 .debug_macro   0x00000000000013f5       0x26 main.o
 .debug_macro   0x000000000000141b      0x329 main.o
 .debug_macro   0x0000000000001744       0x8f main.o
 .debug_macro   0x00000000000017d3      0x1c4 main.o
 .debug_macro   0x0000000000001997       0xae lpc8xx_ram_init.o

.debug_line     0x0000000000000000     0x25b9
 .debug_line    0x0000000000000000     0x1d47 bitfield.o
 .debug_line    0x0000000000001d47      0x3a9 main.o
 .debug_line    0x00000000000020f0      0x4c9 lpc8xx_ram_init.o

.debug_str      0x0000000000000000     0x7610
 .debug_str     0x0000000000000000     0x5112 bitfield.o
                                       0x53d1 (size before relaxing)
 .debug_str     0x0000000000005112     0x22a9 main.o
                                       0x5f46 (size before relaxing)
 .debug_str     0x00000000000073bb      0x255 lpc8xx_ram_init.o
                                       0x5dea (size before relaxing)

.comment        0x0000000000000000       0x75
 .comment       0x0000000000000000       0x75 bitfield.o
                                         0x76 (size before relaxing)
 .comment       0x0000000000000075       0x76 main.o
 .comment       0x0000000000000075       0x76 lpc8xx_ram_init.o

.ARM.attributes
                0x0000000000000000       0x1c
 .ARM.attributes
                0x0000000000000000       0x1c bitfield.o
 .ARM.attributes
                0x000000000000001c       0x1c main.o
 .ARM.attributes
                0x0000000000000038       0x1c lpc8xx_ram_init.o

.debug_frame    0x0000000000000000      0xe70
 .debug_frame   0x0000000000000000      0xc4c bitfield.o
 .debug_frame   0x0000000000000c4c       0x5c main.o
 .debug_frame   0x0000000000000ca8      0x1c8 lpc8xx_ram_init.o

.debug_ranges   0x0000000000000000       0x18
 .debug_ranges  0x0000000000000000       0x18 main.o
Memory region         Used Size  Region Size  %age Used
           FLASH:          0 GB        32 KB      0.00%
             RAM:        9152 B         8 KB    111.72%
