
Allocating common symbols
Common symbol       size              file

registers           0x2e0             main.o
finish              0x4               main.o
start               0x4               main.o

Discarded input sections

 .group         0x0000000000000000        0x8 lpc8xx_ram_init.o
 .group         0x0000000000000000        0x8 lpc8xx_ram_init.o
 .group         0x0000000000000000        0x8 lpc8xx_ram_init.o
 .group         0x0000000000000000        0x8 lpc8xx_ram_init.o
 .group         0x0000000000000000        0x8 lpc8xx_ram_init.o
 .group         0x0000000000000000        0x8 lpc8xx_ram_init.o
 .group         0x0000000000000000        0x8 lpc8xx_ram_init.o
 .group         0x0000000000000000        0x8 lpc8xx_ram_init.o
 .group         0x0000000000000000        0x8 lpc8xx_ram_init.o
 .group         0x0000000000000000        0x8 lpc8xx_ram_init.o
 .group         0x0000000000000000        0x8 lpc8xx_ram_init.o
 .group         0x0000000000000000        0x8 lpc8xx_ram_init.o
 .group         0x0000000000000000        0x8 lpc8xx_ram_init.o
 .group         0x0000000000000000        0x8 raw.o
 .group         0x0000000000000000        0x8 raw.o
 .group         0x0000000000000000        0x8 raw.o
 .group         0x0000000000000000        0x8 raw.o
 .group         0x0000000000000000        0x8 raw.o
 .group         0x0000000000000000        0x8 raw.o
 .group         0x0000000000000000        0x8 raw.o
 .group         0x0000000000000000        0x8 raw.o
 .group         0x0000000000000000        0x8 raw.o
 .debug_macro   0x0000000000000000      0xa60 raw.o
 .debug_macro   0x0000000000000000       0x22 raw.o
 .debug_macro   0x0000000000000000       0x8e raw.o
 .debug_macro   0x0000000000000000       0x51 raw.o
 .debug_macro   0x0000000000000000       0xef raw.o
 .debug_macro   0x0000000000000000       0x6a raw.o
 .debug_macro   0x0000000000000000      0x1df raw.o
 .group         0x0000000000000000        0x8 main.o
 .group         0x0000000000000000        0x8 main.o
 .group         0x0000000000000000        0x8 main.o
 .group         0x0000000000000000        0x8 main.o
 .group         0x0000000000000000        0x8 main.o
 .group         0x0000000000000000        0x8 main.o
 .group         0x0000000000000000        0x8 main.o
 .group         0x0000000000000000        0x8 main.o
 .group         0x0000000000000000        0x8 main.o
 .group         0x0000000000000000        0x8 main.o
 .group         0x0000000000000000        0x8 main.o
 .group         0x0000000000000000        0x8 main.o
 .group         0x0000000000000000        0x8 main.o
 .group         0x0000000000000000        0x8 main.o
 .debug_macro   0x0000000000000000      0xa60 main.o
 .debug_macro   0x0000000000000000       0x22 main.o
 .debug_macro   0x0000000000000000       0x8e main.o
 .debug_macro   0x0000000000000000       0x51 main.o
 .debug_macro   0x0000000000000000       0xef main.o
 .debug_macro   0x0000000000000000       0x6a main.o
 .debug_macro   0x0000000000000000      0x1df main.o
 .debug_macro   0x0000000000000000       0x22 main.o
 .debug_macro   0x0000000000000000       0x3a main.o
 .debug_macro   0x0000000000000000       0x26 main.o
 .debug_macro   0x0000000000000000      0x329 main.o
 .debug_macro   0x0000000000000000       0x8f main.o
 .debug_macro   0x0000000000000000      0x1c4 main.o

Memory Configuration

Name             Origin             Length             Attributes
FLASH            0x0000000000000000 0x0000000000008000 xr
RAM              0x0000000010000000 0x0000000000002000 xrw
*default*        0x0000000000000000 0xffffffffffffffff

Linker script and memory map

LOAD lpc8xx_ram_init.o
LOAD raw.o
LOAD main.o
                0x0000000000000020                PROVIDE (MINIMUM_STACK_SIZE, 0x20)
                0x0000000010000000                . = ORIGIN (RAM)

.text           0x0000000010000000      0xbb8
 *(.isr_vectors)
 .isr_vectors   0x0000000010000000       0x9c lpc8xx_ram_init.o
                0x0000000010000000                INTERRUPT_VECTORS
 *(.text)
 .text          0x000000001000009c       0x68 lpc8xx_ram_init.o
                0x000000001000009c                NMI_Handler
                0x000000001000009e                HardFault_Handler
                0x00000000100000a0                SVCall_Handler
                0x00000000100000a2                PendSV_Handler
                0x00000000100000a4                SysTick_Handler
                0x00000000100000a6                SPI0_IRQHandler
                0x00000000100000a8                SPI1_IRQHandler
                0x00000000100000aa                UART0_IRQHandler
                0x00000000100000ac                UART1_IRQHandler
                0x00000000100000ae                UART2_IRQHandler
                0x00000000100000b0                Reserved1_IRQHandler
                0x00000000100000b2                SCT_IRQHandler
                0x00000000100000b4                MRT_IRQHandler
                0x00000000100000b6                CMP_IRQHandler
                0x00000000100000b8                WDT_IRQHandler
                0x00000000100000ba                BOD_IRQHandler
                0x00000000100000bc                WKT_IRQHandler
                0x00000000100000be                Reserved11_IRQHandler
                0x00000000100000c0                PININT0_IRQHandler
                0x00000000100000c2                PININT1_IRQHandler
                0x00000000100000c4                PININT2_IRQHandler
                0x00000000100000c6                PININT3_IRQHandler
                0x00000000100000c8                PININT4_IRQHandler
                0x00000000100000ca                PININT5_IRQHandler
                0x00000000100000cc                PININT6_IRQHandler
                0x00000000100000ce                PININT7_IRQHandler
                0x00000000100000d0                init
 .text          0x0000000010000104      0xa44 raw.o
                0x0000000010000104                zero
                0x0000000010000128                set_singl_bits
                0x0000000010000140                clr_singl_bits
                0x0000000010000158                set_singl_mskd
                0x0000000010000170                clr_singl_mskd
                0x0000000010000188                equ_singl_bits
                0x0000000010000198                equ_singl_mskd
                0x00000000100001a8                flp_singl_bits
                0x00000000100001c4                flp_singl_mskd
                0x00000000100001e0                ins_singl_mskd
                0x0000000010000200                set_multi_bits
                0x0000000010000218                ins_multi_mskd
                0x000000001000023c                equ_multi_bits
                0x000000001000024c                equ_multi_mskd
                0x000000001000025c                equ_bits_mskd
                0x000000001000026c                equ_mskd_bits
                0x000000001000027c                equ_bits_var
                0x000000001000028c                equ_mskd_var
                0x00000000100002a0                cmp_zero
                0x00000000100002e0                cmp_bits
                0x0000000010000320                cmp_mskd
                0x0000000010000390                cmp_reg
                0x00000000100003d0                bits_val
                0x00000000100003e4                bytes
                0x00000000100003fc                constexpr_bits_array
                0x0000000010000414                runtime_bits_array
                0x0000000010000444                call_bits_val
                0x000000001000044e                bits_ref
                0x0000000010000468                call_bits_ref
                0x0000000010000482                mskd_val
                0x00000000100004a0                call_mskd_val
                0x00000000100004b4                mskd_ref
                0x00000000100004d4                call_mskd_ref
                0x000000001000050c                periph_reg_bits_val
                0x0000000010000530                call_periph_reg_bits_val
                0x0000000010000548                periph_reg_bits_ref
                0x0000000010000570                call_periph_reg_bits_ref
                0x0000000010000590                periph_reg_mskd_val
                0x00000000100005c0                call_periph_reg_mskd_val
                0x00000000100005d8                periph_reg_mskd_ref
                0x0000000010000610                call_periph_reg_mskd_ref
                0x0000000010000634                return_bits
                0x0000000010000638                call_return_bits
                0x000000001000065c                return_mskd
                0x0000000010000666                call_return_mskd
                0x0000000010000698                return_reg
                0x00000000100006a4                call_return_reg
                0x00000000100006c8                return_periph
                0x00000000100006dc                call_return_periph
                0x0000000010000700                pos_val
                0x0000000010000728                call_pos_val
                0x0000000010000738                pos_ref
                0x0000000010000760                call_pos_ref
                0x000000001000077c                runtime_range_val
                0x000000001000078c                call_range_val
                0x00000000100007b8                call_range_val_port
                0x00000000100007c2                runtime_range_ref
                0x00000000100007d8                call_range_ref
                0x000000001000080c                call_range_ref_port
                0x0000000010000816                check_array_range_pass
                0x0000000010000830                check_array_range_fail
                0x0000000010000848                check_bits_range_pass
                0x0000000010000860                check_bits_range_fail
                0x0000000010000878                check_mskd_range_pass
                0x0000000010000890                check_mskd_range_fail
                0x00000000100008a8                check_bits_extract
                0x00000000100008e8                check_mskd_extract
                0x0000000010000938                record_registers
                0x000000001000096c                run
 .text          0x0000000010000b48       0x70 main.o
                0x0000000010000b48                memset
                0x0000000010000b5c                unittest_record_registers
                0x0000000010000b78                main

.glue_7         0x0000000010000bb8        0x0
 .glue_7        0x0000000010000bb8        0x0 linker stubs

.glue_7t        0x0000000010000bb8        0x0
 .glue_7t       0x0000000010000bb8        0x0 linker stubs

.vfp11_veneer   0x0000000010000bb8        0x0
 .vfp11_veneer  0x0000000010000bb8        0x0 linker stubs

.v4_bx          0x0000000010000bb8        0x0
 .v4_bx         0x0000000010000bb8        0x0 linker stubs

.iplt           0x0000000010000bb8        0x0
 .iplt          0x0000000010000bb8        0x0 lpc8xx_ram_init.o

.rel.dyn        0x0000000010000bb8        0x0
 .rel.iplt      0x0000000010000bb8        0x0 lpc8xx_ram_init.o

.rodata         0x0000000010000bb8       0x10
 .rodata        0x0000000010000bb8       0x10 raw.o

.data           0x0000000010000bc8        0x0
                0x0000000010000bc8                . = ALIGN (0x4)
 *(.data)
 .data          0x0000000010000bc8        0x0 lpc8xx_ram_init.o
 .data          0x0000000010000bc8        0x0 raw.o
 .data          0x0000000010000bc8        0x0 main.o
                0x0000000010000bc8                BSS_START = .

.igot.plt       0x0000000010000bc8        0x0
 .igot.plt      0x0000000010000bc8        0x0 lpc8xx_ram_init.o

.bss            0x0000000010000bc8      0x2e8
                0x0000000010000bc8                . = ALIGN (0x4)
 *(.bss)
 .bss           0x0000000010000bc8        0x0 lpc8xx_ram_init.o
 .bss           0x0000000010000bc8        0x0 raw.o
 .bss           0x0000000010000bc8        0x0 main.o
 COMMON         0x0000000010000bc8      0x2e8 main.o
                0x0000000010000bc8                registers
                0x0000000010000ea8                finish
                0x0000000010000eac                start
                0x0000000010000eb0                BSS_END = .
                0x0000000010000eb0                end = .
                0x0000000010000000                RAM_BASE_ADDR = ORIGIN (RAM)
                0x0000000000000000                FLASH_BASE_ADDR = ORIGIN (FLASH)
                0x0000000010002000                TOP_OF_STACK = (ORIGIN (RAM) + LENGTH (RAM))
                0x0000000000000000                ASSERT (((end + MINIMUM_STACK_SIZE) < TOP_OF_STACK), too big to fit in RAM)
OUTPUT(raw.elf elf32-littlearm)

.debug_info     0x0000000000000000     0x1c72
 .debug_info    0x0000000000000000      0x3f1 lpc8xx_ram_init.o
 .debug_info    0x00000000000003f1     0x1210 raw.o
 .debug_info    0x0000000000001601      0x671 main.o

.debug_abbrev   0x0000000000000000      0x565
 .debug_abbrev  0x0000000000000000      0x14e lpc8xx_ram_init.o
 .debug_abbrev  0x000000000000014e      0x20e raw.o
 .debug_abbrev  0x000000000000035c      0x209 main.o

.debug_loc      0x0000000000000000      0x3ea
 .debug_loc     0x0000000000000000       0x55 lpc8xx_ram_init.o
 .debug_loc     0x0000000000000055      0x28c raw.o
 .debug_loc     0x00000000000002e1      0x109 main.o

.debug_aranges  0x0000000000000000       0x60
 .debug_aranges
                0x0000000000000000       0x20 lpc8xx_ram_init.o
 .debug_aranges
                0x0000000000000020       0x20 raw.o
 .debug_aranges
                0x0000000000000040       0x20 main.o

.debug_macro    0x0000000000000000     0x1efb
 .debug_macro   0x0000000000000000       0xae lpc8xx_ram_init.o
 .debug_macro   0x00000000000000ae      0xa60 lpc8xx_ram_init.o
 .debug_macro   0x0000000000000b0e       0x22 lpc8xx_ram_init.o
 .debug_macro   0x0000000000000b30       0x8e lpc8xx_ram_init.o
 .debug_macro   0x0000000000000bbe       0x51 lpc8xx_ram_init.o
 .debug_macro   0x0000000000000c0f       0xef lpc8xx_ram_init.o
 .debug_macro   0x0000000000000cfe       0x6a lpc8xx_ram_init.o
 .debug_macro   0x0000000000000d68      0x1df lpc8xx_ram_init.o
 .debug_macro   0x0000000000000f47       0x22 lpc8xx_ram_init.o
 .debug_macro   0x0000000000000f69       0x3a lpc8xx_ram_init.o
 .debug_macro   0x0000000000000fa3       0x26 lpc8xx_ram_init.o
 .debug_macro   0x0000000000000fc9      0x329 lpc8xx_ram_init.o
 .debug_macro   0x00000000000012f2       0x8f lpc8xx_ram_init.o
 .debug_macro   0x0000000000001381      0x1c4 lpc8xx_ram_init.o
 .debug_macro   0x0000000000001545       0x7b raw.o
 .debug_macro   0x00000000000015c0       0x10 raw.o
 .debug_macro   0x00000000000015d0      0x6fb raw.o
 .debug_macro   0x0000000000001ccb       0xbc main.o
 .debug_macro   0x0000000000001d87      0x174 main.o

.debug_line     0x0000000000000000     0x135c
 .debug_line    0x0000000000000000      0x4ba lpc8xx_ram_init.o
 .debug_line    0x00000000000004ba      0xb2b raw.o
 .debug_line    0x0000000000000fe5      0x377 main.o

.debug_str      0x0000000000000000     0x8948
 .debug_str     0x0000000000000000     0x5c5e lpc8xx_ram_init.o
                                       0x5dca (size before relaxing)
 .debug_str     0x0000000000005c5e     0x273e raw.o
                                       0x6425 (size before relaxing)
 .debug_str     0x000000000000839c      0x5ac main.o
                                       0x61e4 (size before relaxing)

.comment        0x0000000000000000       0x75
 .comment       0x0000000000000000       0x75 lpc8xx_ram_init.o
                                         0x76 (size before relaxing)
 .comment       0x0000000000000075       0x76 raw.o
 .comment       0x0000000000000075       0x76 main.o

.ARM.attributes
                0x0000000000000000       0x1c
 .ARM.attributes
                0x0000000000000000       0x1c lpc8xx_ram_init.o
 .ARM.attributes
                0x000000000000001c       0x1c raw.o
 .ARM.attributes
                0x0000000000000038       0x1c main.o

.debug_frame    0x0000000000000000      0x770
 .debug_frame   0x0000000000000000      0x1c8 lpc8xx_ram_init.o
 .debug_frame   0x00000000000001c8      0x558 raw.o
 .debug_frame   0x0000000000000720       0x50 main.o
Memory region         Used Size  Region Size  %age Used
           FLASH:          0 GB        32 KB      0.00%
             RAM:        3760 B         8 KB     45.90%
