
Allocating common symbols
Common symbol       size              file

finish              0x4               main.o
results             0x3a0             main.o
start               0x4               main.o

Discarded input sections

 .group         0x0000000000000000        0x8 struct.o
 .group         0x0000000000000000        0x8 struct.o
 .group         0x0000000000000000        0x8 struct.o
 .group         0x0000000000000000        0x8 struct.o
 .group         0x0000000000000000        0x8 struct.o
 .group         0x0000000000000000        0x8 struct.o
 .group         0x0000000000000000        0x8 struct.o
 .group         0x0000000000000000        0x8 struct.o
 .group         0x0000000000000000        0x8 struct.o
 .group         0x0000000000000000        0x8 main.o
 .group         0x0000000000000000        0x8 main.o
 .group         0x0000000000000000        0x8 main.o
 .group         0x0000000000000000        0x8 main.o
 .group         0x0000000000000000        0x8 main.o
 .group         0x0000000000000000        0x8 main.o
 .group         0x0000000000000000        0x8 main.o
 .group         0x0000000000000000        0x8 main.o
 .group         0x0000000000000000        0x8 main.o
 .group         0x0000000000000000        0x8 main.o
 .group         0x0000000000000000        0x8 main.o
 .group         0x0000000000000000        0x8 main.o
 .group         0x0000000000000000        0x8 main.o
 .group         0x0000000000000000        0x8 main.o
 .debug_macro   0x0000000000000000      0xa60 main.o
 .debug_macro   0x0000000000000000       0x22 main.o
 .debug_macro   0x0000000000000000       0x8e main.o
 .debug_macro   0x0000000000000000       0x51 main.o
 .debug_macro   0x0000000000000000       0xef main.o
 .debug_macro   0x0000000000000000       0x6a main.o
 .debug_macro   0x0000000000000000      0x1df main.o
 .group         0x0000000000000000        0x8 lpc8xx_ram_init.o
 .group         0x0000000000000000        0x8 lpc8xx_ram_init.o
 .group         0x0000000000000000        0x8 lpc8xx_ram_init.o
 .group         0x0000000000000000        0x8 lpc8xx_ram_init.o
 .group         0x0000000000000000        0x8 lpc8xx_ram_init.o
 .group         0x0000000000000000        0x8 lpc8xx_ram_init.o
 .group         0x0000000000000000        0x8 lpc8xx_ram_init.o
 .group         0x0000000000000000        0x8 lpc8xx_ram_init.o
 .group         0x0000000000000000        0x8 lpc8xx_ram_init.o
 .group         0x0000000000000000        0x8 lpc8xx_ram_init.o
 .group         0x0000000000000000        0x8 lpc8xx_ram_init.o
 .group         0x0000000000000000        0x8 lpc8xx_ram_init.o
 .group         0x0000000000000000        0x8 lpc8xx_ram_init.o
 .debug_macro   0x0000000000000000      0xa60 lpc8xx_ram_init.o
 .debug_macro   0x0000000000000000       0x22 lpc8xx_ram_init.o
 .debug_macro   0x0000000000000000       0x8e lpc8xx_ram_init.o
 .debug_macro   0x0000000000000000       0x51 lpc8xx_ram_init.o
 .debug_macro   0x0000000000000000       0xef lpc8xx_ram_init.o
 .debug_macro   0x0000000000000000       0x6a lpc8xx_ram_init.o
 .debug_macro   0x0000000000000000      0x1df lpc8xx_ram_init.o
 .debug_macro   0x0000000000000000       0x22 lpc8xx_ram_init.o
 .debug_macro   0x0000000000000000       0x3a lpc8xx_ram_init.o
 .debug_macro   0x0000000000000000       0x26 lpc8xx_ram_init.o
 .debug_macro   0x0000000000000000      0x329 lpc8xx_ram_init.o
 .debug_macro   0x0000000000000000       0x8f lpc8xx_ram_init.o
 .debug_macro   0x0000000000000000      0x1c4 lpc8xx_ram_init.o

Memory Configuration

Name             Origin             Length             Attributes
FLASH            0x0000000000000000 0x0000000000008000 xr
RAM              0x0000000010000000 0x0000000000002000 xrw
*default*        0x0000000000000000 0xffffffffffffffff

Linker script and memory map

LOAD struct.o
LOAD main.o
LOAD lpc8xx_ram_init.o
                0x0000000000000020                PROVIDE (MINIMUM_STACK_SIZE, 0x20)
                0x0000000010000000                . = ORIGIN (RAM)

.text           0x0000000010000000     0x167c
 *(.isr_vectors)
 .isr_vectors   0x0000000010000000       0x9c lpc8xx_ram_init.o
                0x0000000010000000                INTERRUPT_VECTORS
 *(.text)
 .text          0x000000001000009c     0x1500 struct.o
                0x000000001000009c                zero_reg
                0x00000000100000a8                zero_array
                0x00000000100000b4                set_singl_bits_operator
                0x00000000100000c4                set_singl_bits_method
                0x00000000100000d4                clr_singl_bits_operator
                0x00000000100000e4                clr_singl_bits_method
                0x00000000100000f4                set_singl_mskd_operator
                0x0000000010000104                set_singl_mskd_method
                0x0000000010000114                clr_singl_mskd_operator
                0x0000000010000124                clr_singl_mskd_method
                0x0000000010000134                equ_singl_bits_operator
                0x0000000010000140                equ_singl_bits_method
                0x000000001000014c                equ_singl_mskd_operator
                0x0000000010000158                equ_singl_mskd_method
                0x0000000010000164                flp_singl_bits_operator
                0x0000000010000174                flp_singl_bits_method
                0x0000000010000184                flp_singl_mskd_operator
                0x0000000010000194                flp_singl_mskd_method
                0x00000000100001a4                ins_singl_mskd_operator
                0x00000000100001b8                ins_singl_mskd_method
                0x00000000100001cc                set_multi_bits_operator
                0x00000000100001dc                set_multi_bits_method
                0x00000000100001ec                ins_multi_mskd_operator
                0x0000000010000208                ins_multi_mskd_method
                0x0000000010000224                equ_multi_bits_operator
                0x0000000010000230                equ_multi_bits_method
                0x000000001000023c                equ_multi_mskd_operator
                0x000000001000024c                equ_multi_mskd_method
                0x000000001000025c                equ_bits_mskd_operator
                0x0000000010000268                equ_bits_mskd_method
                0x0000000010000274                equ_mskd_bits_operator
                0x0000000010000280                equ_mskd_bits_method
                0x000000001000028c                equ_bits_var
                0x000000001000029c                equ_mskd_var
                0x00000000100002b0                cmp_equ_zero
                0x00000000100002d8                cmp_neq_zero
                0x00000000100002f4                cmp_equ_bits
                0x000000001000031c                cmp_neq_bits
                0x0000000010000338                cmp_equ_multi_bits
                0x0000000010000364                cmp_neq_multi_bits
                0x0000000010000390                cmp_equ_mskd
                0x00000000100003d8                cmp_neq_mskd
                0x000000001000040c                cmp_equ_reg
                0x0000000010000434                cmp_neq_reg
                0x0000000010000450                constexpr_bits_array
                0x0000000010000464                runtime_bits_array
                0x000000001000048c                prescaler_low
                0x00000000100004a8                prescaler_high
                0x00000000100004c4                reg_mskd_lss
                0x00000000100004f8                reg_mskd_leq
                0x0000000010000530                reg_mskd_gtr
                0x0000000010000560                reg_mskd_geq
                0x00000000100005a0                pos_cmp_eq
                0x00000000100005ac                pos_cmp_ne
                0x00000000100005b8                bits_extract_eq
                0x00000000100005d4                mskd_extract_eq
                0x00000000100005f4                mskd_extract_ne
                0x0000000010000614                mskd_extract_lss
                0x0000000010000648                mskd_extract_leq
                0x0000000010000674                mskd_extract_gtr
                0x00000000100006a4                set_bits_global
                0x00000000100006b4                ins_mskd_global
                0x00000000100006c8                assign_array_global
                0x00000000100006d4                shifted_global
                0x00000000100006f0                assign_register_global
                0x00000000100006fc                copy_bits_equ
                0x0000000010000718                copy_bits_neq
                0x0000000010000734                copy_mskd_equ
                0x0000000010000760                copy_mskd_neq
                0x000000001000078c                copy_mskd_lss
                0x00000000100007c0                copy_mskd_leq
                0x00000000100007ec                copy_mskd_gtr
                0x000000001000081c                copy_mskd_geq
                0x0000000010000850                copy_shifted
                0x00000000100008a0                call_range_val_port
                0x00000000100008c0                call_pos_ref_global
                0x00000000100008ec                call_pos_val
                0x00000000100008f8                call_pos_val_global
                0x0000000010000914                call_mskd_val_const
                0x0000000010000920                call_mskd_val_var
                0x000000001000092c                call_mskd_val_global
                0x0000000010000944                call_bits_val_const
                0x0000000010000950                call_bits_val_var
                0x000000001000095c                call_bits_val_global
                0x0000000010000964                bits_val
                0x0000000010000974                bits_ref
                0x0000000010000984                call_bits_ref_const
                0x0000000010000998                call_bits_ref_var
                0x00000000100009ac                call_bits_ref_global
                0x00000000100009c0                mskd_val
                0x00000000100009d0                mskd_ref
                0x00000000100009e4                call_mskd_ref_const
                0x0000000010000a00                call_mskd_ref_var
                0x0000000010000a1c                call_mskd_ref_global
                0x0000000010000a38                periph_bits
                0x0000000010000a44                call_periph_bits
                0x0000000010000a54                periph_bits_val
                0x0000000010000a5c                call_periph_bits_val
                0x0000000010000a6c                reg_bits_val
                0x0000000010000a74                call_reg_bits_val
                0x0000000010000a84                periph_bits_ref
                0x0000000010000a90                call_periph_bits_ref
                0x0000000010000aa8                reg_bits_ref
                0x0000000010000ab4                call_reg_bits_ref
                0x0000000010000acc                periph_mskd
                0x0000000010000adc                call_periph_mskd
                0x0000000010000aec                periph_mskd_val
                0x0000000010000af8                call_periph_mskd_val
                0x0000000010000b0c                reg_mskd_val
                0x0000000010000b18                call_reg_mskd_val
                0x0000000010000b2c                periph_mskd_ref
                0x0000000010000b3c                call_periph_mskd_ref
                0x0000000010000b60                reg_mskd_ref
                0x0000000010000b70                call_reg_mskd_ref
                0x0000000010000b94                return_bits
                0x0000000010000b98                call_return_bits
                0x0000000010000bb8                return_mskd
                0x0000000010000bc4                call_return_mskd
                0x0000000010000bf8                return_reg
                0x0000000010000c0c                call_return_reg
                0x0000000010000c30                return_periph
                0x0000000010000c3c                call_return_periph
                0x0000000010000c60                pos_val
                0x0000000010000c84                pos_ref
                0x0000000010000cac                call_pos_ref
                0x0000000010000cc8                runtime_range_val
                0x0000000010000cd8                call_range_val
                0x0000000010000ce8                runtime_range_ref
                0x0000000010000cfc                call_range_ref
                0x0000000010000d18                call_range_ref_port
                0x0000000010000d24                check_array_range_pass
                0x0000000010000d3c                check_array_range_fail
                0x0000000010000d54                check_bits_range_pass
                0x0000000010000d6c                check_bits_range_fail
                0x0000000010000d84                check_mskd_range_pass
                0x0000000010000d9c                check_mskd_range_fail
                0x0000000010000db4                bits_extract_ne
                0x0000000010000dd0                mskd_extract_geq
                0x0000000010000e04                shifted_val
                0x0000000010000e20                call_shifted_const_val
                0x0000000010000e30                call_shifted_var_val
                0x0000000010000e40                call_shifted_global_val
                0x0000000010000e50                shifted_ref
                0x0000000010000e70                call_shifted_const_ref
                0x0000000010000e8c                call_shifted_var_ref
                0x0000000010000ea8                call_shifted_global_ref
                0x0000000010000ec4                copy_bits_val
                0x0000000010000edc                call_copy_bits_val
                0x0000000010000ef0                copy_bits_ref
                0x0000000010000f0c                call_copy_bits_ref
                0x0000000010000f28                run
 .text          0x000000001000159c       0x4c main.o
                0x000000001000159c                memset
                0x00000000100015b0                do_test
 .text          0x00000000100015e8       0x94 lpc8xx_ram_init.o
                0x00000000100015e8                NMI_Handler
                0x00000000100015ec                HardFault_Handler
                0x00000000100015f0                SVCall_Handler
                0x00000000100015f4                PendSV_Handler
                0x00000000100015f8                SysTick_Handler
                0x00000000100015fc                SPI0_IRQHandler
                0x0000000010001600                SPI1_IRQHandler
                0x0000000010001604                UART0_IRQHandler
                0x0000000010001608                UART1_IRQHandler
                0x000000001000160c                UART2_IRQHandler
                0x0000000010001610                Reserved1_IRQHandler
                0x0000000010001614                SCT_IRQHandler
                0x0000000010001618                MRT_IRQHandler
                0x000000001000161c                CMP_IRQHandler
                0x0000000010001620                WDT_IRQHandler
                0x0000000010001624                BOD_IRQHandler
                0x0000000010001628                WKT_IRQHandler
                0x000000001000162c                Reserved11_IRQHandler
                0x0000000010001630                PININT0_IRQHandler
                0x0000000010001634                PININT1_IRQHandler
                0x0000000010001638                PININT2_IRQHandler
                0x000000001000163c                PININT3_IRQHandler
                0x0000000010001640                PININT4_IRQHandler
                0x0000000010001644                PININT5_IRQHandler
                0x0000000010001648                PININT6_IRQHandler
                0x000000001000164c                PININT7_IRQHandler
                0x0000000010001650                init

.glue_7         0x000000001000167c        0x0
 .glue_7        0x000000001000167c        0x0 linker stubs

.glue_7t        0x000000001000167c        0x0
 .glue_7t       0x000000001000167c        0x0 linker stubs

.vfp11_veneer   0x000000001000167c        0x0
 .vfp11_veneer  0x000000001000167c        0x0 linker stubs

.v4_bx          0x000000001000167c        0x0
 .v4_bx         0x000000001000167c        0x0 linker stubs

.iplt           0x000000001000167c        0x0
 .iplt          0x000000001000167c        0x0 struct.o

.text.startup   0x000000001000167c       0x38
 .text.startup  0x000000001000167c       0x38 main.o
                0x000000001000167c                main

.rodata         0x00000000100016b4       0x18
 .rodata        0x00000000100016b4       0x18 struct.o

.rel.dyn        0x00000000100016cc        0x0
 .rel.iplt      0x00000000100016cc        0x0 struct.o

.data           0x00000000100016cc        0x0
                0x00000000100016cc                . = ALIGN (0x4)
 *(.data)
 .data          0x00000000100016cc        0x0 struct.o
 .data          0x00000000100016cc        0x0 main.o
 .data          0x00000000100016cc        0x0 lpc8xx_ram_init.o
                0x00000000100016cc                BSS_START = .

.igot.plt       0x00000000100016cc        0x0
 .igot.plt      0x00000000100016cc        0x0 struct.o

.bss            0x00000000100016cc      0x3a8
                0x00000000100016cc                . = ALIGN (0x4)
 *(.bss)
 .bss           0x00000000100016cc        0x0 struct.o
 .bss           0x00000000100016cc        0x0 main.o
 .bss           0x00000000100016cc        0x0 lpc8xx_ram_init.o
 COMMON         0x00000000100016cc      0x3a8 main.o
                0x00000000100016cc                finish
                0x00000000100016d0                results
                0x0000000010001a70                start
                0x0000000010001a74                BSS_END = .
                0x0000000010001a74                end = .
                0x0000000010000000                RAM_BASE_ADDR = ORIGIN (RAM)
                0x0000000000000000                FLASH_BASE_ADDR = ORIGIN (FLASH)
                0x0000000010002000                TOP_OF_STACK = (ORIGIN (RAM) + LENGTH (RAM))
                0x0000000000000000                ASSERT (((end + MINIMUM_STACK_SIZE) < TOP_OF_STACK), too big to fit in RAM)
OUTPUT(struct.elf elf32-littlearm)

.debug_info     0x0000000000000000     0x322e
 .debug_info    0x0000000000000000     0x2b53 struct.o
 .debug_info    0x0000000000002b53      0x2d4 main.o
 .debug_info    0x0000000000002e27      0x407 lpc8xx_ram_init.o

.debug_abbrev   0x0000000000000000      0x5f1
 .debug_abbrev  0x0000000000000000      0x29f struct.o
 .debug_abbrev  0x000000000000029f      0x1df main.o
 .debug_abbrev  0x000000000000047e      0x173 lpc8xx_ram_init.o

.debug_loc      0x0000000000000000      0x417
 .debug_loc     0x0000000000000000      0x29c struct.o
 .debug_loc     0x000000000000029c      0x157 main.o
 .debug_loc     0x00000000000003f3       0x24 lpc8xx_ram_init.o

.debug_aranges  0x0000000000000000       0x68
 .debug_aranges
                0x0000000000000000       0x20 struct.o
 .debug_aranges
                0x0000000000000020       0x28 main.o
 .debug_aranges
                0x0000000000000048       0x20 lpc8xx_ram_init.o

.debug_macro    0x0000000000000000     0x1ecd
 .debug_macro   0x0000000000000000       0x80 struct.o
 .debug_macro   0x0000000000000080      0xa60 struct.o
 .debug_macro   0x0000000000000ae0       0x10 struct.o
 .debug_macro   0x0000000000000af0       0x22 struct.o
 .debug_macro   0x0000000000000b12       0x8e struct.o
 .debug_macro   0x0000000000000ba0       0x51 struct.o
 .debug_macro   0x0000000000000bf1       0xef struct.o
 .debug_macro   0x0000000000000ce0       0x6a struct.o
 .debug_macro   0x0000000000000d4a      0x1df struct.o
 .debug_macro   0x0000000000000f29      0x6ca struct.o
 .debug_macro   0x00000000000015f3       0xba main.o
 .debug_macro   0x00000000000016ad      0x174 main.o
 .debug_macro   0x0000000000001821       0x22 main.o
 .debug_macro   0x0000000000001843       0x3a main.o
 .debug_macro   0x000000000000187d       0x26 main.o
 .debug_macro   0x00000000000018a3      0x329 main.o
 .debug_macro   0x0000000000001bcc       0x8f main.o
 .debug_macro   0x0000000000001c5b      0x1c4 main.o
 .debug_macro   0x0000000000001e1f       0xae lpc8xx_ram_init.o

.debug_line     0x0000000000000000     0x1d55
 .debug_line    0x0000000000000000     0x14e3 struct.o
 .debug_line    0x00000000000014e3      0x3a9 main.o
 .debug_line    0x000000000000188c      0x4c9 lpc8xx_ram_init.o

.debug_str      0x0000000000000000     0x8d1e
 .debug_str     0x0000000000000000     0x6825 struct.o
                                       0x6acd (size before relaxing)
 .debug_str     0x0000000000006825     0x22a4 main.o
                                       0x5f46 (size before relaxing)
 .debug_str     0x0000000000008ac9      0x255 lpc8xx_ram_init.o
                                       0x5dea (size before relaxing)

.comment        0x0000000000000000       0x75
 .comment       0x0000000000000000       0x75 struct.o
                                         0x76 (size before relaxing)
 .comment       0x0000000000000075       0x76 main.o
 .comment       0x0000000000000075       0x76 lpc8xx_ram_init.o

.ARM.attributes
                0x0000000000000000       0x1c
 .ARM.attributes
                0x0000000000000000       0x1c struct.o
 .ARM.attributes
                0x000000000000001c       0x1c main.o
 .ARM.attributes
                0x0000000000000038       0x1c lpc8xx_ram_init.o

.debug_frame    0x0000000000000000      0xd90
 .debug_frame   0x0000000000000000      0xb6c struct.o
 .debug_frame   0x0000000000000b6c       0x5c main.o
 .debug_frame   0x0000000000000bc8      0x1c8 lpc8xx_ram_init.o

.debug_ranges   0x0000000000000000       0x18
 .debug_ranges  0x0000000000000000       0x18 main.o
Memory region         Used Size  Region Size  %age Used
           FLASH:          0 GB        32 KB      0.00%
             RAM:        6772 B         8 KB     82.67%
